2026-07-18 20:20:11,732 - INFO - ============================================================
2026-07-18 20:20:11,732 - INFO - Stage 2: HYBRID Training Started
2026-07-18 20:20:11,732 - INFO - ============================================================
2026-07-18 20:20:11,732 - INFO - Output directory: ./outputs/models_stage2/cross_market/hybrid_test_usa_zeroshot_localnorm
2026-07-18 20:20:11,732 - INFO - Log file: ./outputs/models_stage2/cross_market/hybrid_test_usa_zeroshot_localnorm/logs/hybrid_stage2.log
2026-07-18 20:20:11,732 - INFO - Model type: hybrid
2026-07-18 20:20:11,732 - INFO - Node features dir: ./outputs/node_features/fold_usa
2026-07-18 20:20:11,732 - INFO - LOCO mode: test_country = usa
2026-07-18 20:20:11,732 - INFO - Global norm: False
2026-07-18 20:20:11,732 - INFO - Fine-tune ratio: 0.0
2026-07-18 20:20:11,755 - INFO - Using device: mps (requested: --device auto)
2026-07-18 20:20:11,771 - INFO - Using hybrid features: 135 dim
2026-07-18 20:20:11,771 - INFO - Node feature shape after adjustment: torch.Size([3322, 135])
2026-07-18 20:20:11,771 - INFO - Graph size: 3322 nodes, 1254360 directed edge entries (density=0.1137)
2026-07-18 20:20:11,771 - WARNING - Large graph (1254360 edges). If running on --device mps and you hit an 'MPS backend out of memory' error, this script will automatically retry on CPU. You can also pass --device cpu directly to skip the failed MPS attempt.
2026-07-18 20:20:11,771 - INFO - ============================================================
2026-07-18 20:20:11,771 - INFO - LOCO mode: Building cross-market splits
2026-07-18 20:20:11,771 - INFO - ============================================================
2026-07-18 20:20:11,781 - INFO - Zero-Shot Cross-Market: No data from usa used in training.
2026-07-18 20:20:11,784 - INFO - Train: 1003, Val: 178, Test: 2141
2026-07-18 20:20:11,784 - INFO - Label distribution (train): 0=871, 1=132
2026-07-18 20:20:11,784 - INFO - 
============================================================
Run 1/5 (device=mps)
============================================================
2026-07-18 20:20:11,831 - INFO - Using class weighting: class1 weight = 6.60
2026-07-18 20:20:35,135 - ERROR - Run 1: caught out-of-memory error on device 'mps': MPS backend out of memory (MPS allocated: 16.48 GiB, other allocations: 1.96 GiB, max allowed: 20.13 GiB). Tried to allocate 1.92 GiB on private pool. Use PYTORCH_MPS_HIGH_WATERMARK_RATIO=0.0 to disable upper limit for memory allocations (may cause system failure).
2026-07-18 20:20:35,235 - ERROR - Falling back to CPU for this run and all remaining runs (CPU has no hard memory ceiling like MPS/CUDA, just slower). You can avoid this delay next time by passing --device cpu directly.
2026-07-18 20:20:35,442 - INFO - 
============================================================
Run 1/5 (device=cpu)
============================================================
2026-07-18 20:20:35,683 - INFO - Using class weighting: class1 weight = 6.60
2026-07-18 20:21:22,636 - INFO - Epoch   1 | Train Loss: 1.1827 Acc: 0.6301 | Val Loss: 1.9936 Acc: 0.5899 F1: 0.2151 AUC: 0.6024
2026-07-18 20:21:58,629 - INFO - Epoch   2 | Train Loss: 2.1987 Acc: 0.4955 | Val Loss: 0.7774 Acc: 0.5281 F1: 0.3636 AUC: 0.7419
2026-07-18 20:22:58,378 - INFO - Epoch   3 | Train Loss: 0.9239 Acc: 0.5583 | Val Loss: 0.9826 Acc: 0.6573 F1: 0.3838 AUC: 0.7289
2026-07-18 20:23:49,203 - INFO - Epoch   4 | Train Loss: 0.9525 Acc: 0.6899 | Val Loss: 1.0621 Acc: 0.7865 F1: 0.5000 AUC: 0.7814
2026-07-18 20:24:28,111 - INFO - Epoch   5 | Train Loss: 1.1006 Acc: 0.7557 | Val Loss: 0.9504 Acc: 0.7921 F1: 0.4932 AUC: 0.7952
2026-07-18 20:25:04,095 - INFO - Epoch   6 | Train Loss: 0.9368 Acc: 0.7667 | Val Loss: 0.7582 Acc: 0.7247 F1: 0.4615 AUC: 0.8266
2026-07-18 20:25:38,797 - INFO - Epoch   7 | Train Loss: 0.8195 Acc: 0.7129 | Val Loss: 0.5225 Acc: 0.6910 F1: 0.4444 AUC: 0.8534
2026-07-18 20:26:11,439 - INFO - Epoch   8 | Train Loss: 0.6768 Acc: 0.6540 | Val Loss: 0.5331 Acc: 0.5787 F1: 0.3902 AUC: 0.8672
2026-07-18 20:26:41,039 - INFO - Epoch   9 | Train Loss: 0.7459 Acc: 0.6162 | Val Loss: 0.4695 Acc: 0.7528 F1: 0.5000 AUC: 0.8761
2026-07-18 20:27:20,705 - INFO - Epoch  10 | Train Loss: 0.6299 Acc: 0.6800 | Val Loss: 0.6071 Acc: 0.8146 F1: 0.5479 AUC: 0.8577
2026-07-18 20:27:55,044 - INFO - Epoch  11 | Train Loss: 0.6172 Acc: 0.7737 | Val Loss: 0.6365 Acc: 0.8202 F1: 0.5556 AUC: 0.8590
2026-07-18 20:28:28,030 - INFO - Epoch  12 | Train Loss: 0.7375 Acc: 0.7797 | Val Loss: 0.5849 Acc: 0.8090 F1: 0.5526 AUC: 0.8615
2026-07-18 20:28:59,061 - INFO - Epoch  13 | Train Loss: 0.6112 Acc: 0.7757 | Val Loss: 0.5051 Acc: 0.7809 F1: 0.5185 AUC: 0.8631
2026-07-18 20:29:33,744 - INFO - Epoch  14 | Train Loss: 0.5812 Acc: 0.7567 | Val Loss: 0.4494 Acc: 0.7528 F1: 0.4884 AUC: 0.9018
2026-07-18 20:30:05,479 - INFO - Epoch  15 | Train Loss: 0.6077 Acc: 0.6939 | Val Loss: 0.4433 Acc: 0.7753 F1: 0.5349 AUC: 0.9096
2026-07-18 20:30:38,109 - INFO - Epoch  16 | Train Loss: 0.5434 Acc: 0.7019 | Val Loss: 0.4391 Acc: 0.7921 F1: 0.5432 AUC: 0.9056
2026-07-18 20:31:17,003 - INFO - Epoch  17 | Train Loss: 0.5579 Acc: 0.7517 | Val Loss: 0.4428 Acc: 0.7809 F1: 0.5185 AUC: 0.9021
2026-07-18 20:32:05,449 - INFO - Epoch  18 | Train Loss: 0.5846 Acc: 0.7338 | Val Loss: 0.4624 Acc: 0.7584 F1: 0.4941 AUC: 0.8761
2026-07-18 20:32:45,084 - INFO - Epoch  19 | Train Loss: 0.5161 Acc: 0.7408 | Val Loss: 0.4672 Acc: 0.7640 F1: 0.5000 AUC: 0.8693
2026-07-18 20:33:23,181 - INFO - Epoch  20 | Train Loss: 0.5694 Acc: 0.7527 | Val Loss: 0.4632 Acc: 0.7865 F1: 0.5250 AUC: 0.8699
2026-07-18 20:34:04,830 - INFO - Epoch  21 | Train Loss: 0.5202 Acc: 0.7727 | Val Loss: 0.4458 Acc: 0.7865 F1: 0.5250 AUC: 0.8842
2026-07-18 20:34:41,221 - INFO - Epoch  22 | Train Loss: 0.5143 Acc: 0.7827 | Val Loss: 0.4323 Acc: 0.8034 F1: 0.5455 AUC: 0.9045
2026-07-18 20:35:14,497 - INFO - Epoch  23 | Train Loss: 0.4918 Acc: 0.7886 | Val Loss: 0.4288 Acc: 0.8034 F1: 0.5455 AUC: 0.9023
2026-07-18 20:35:50,898 - INFO - Epoch  24 | Train Loss: 0.4987 Acc: 0.7896 | Val Loss: 0.4216 Acc: 0.8090 F1: 0.5750 AUC: 0.9169
2026-07-18 20:36:34,678 - INFO - Epoch  25 | Train Loss: 0.5143 Acc: 0.7737 | Val Loss: 0.4235 Acc: 0.8090 F1: 0.5750 AUC: 0.9169
2026-07-18 20:37:11,417 - INFO - Epoch  26 | Train Loss: 0.4737 Acc: 0.7667 | Val Loss: 0.4268 Acc: 0.7865 F1: 0.5366 AUC: 0.8969
2026-07-18 20:37:41,592 - INFO - Epoch  27 | Train Loss: 0.5082 Acc: 0.7627 | Val Loss: 0.4259 Acc: 0.7921 F1: 0.5432 AUC: 0.8956
2026-07-18 20:38:19,327 - INFO - Epoch  28 | Train Loss: 0.4853 Acc: 0.7667 | Val Loss: 0.4209 Acc: 0.7978 F1: 0.5263 AUC: 0.9053
2026-07-18 20:38:57,597 - INFO - Epoch  29 | Train Loss: 0.4820 Acc: 0.7946 | Val Loss: 0.4235 Acc: 0.8034 F1: 0.5333 AUC: 0.9137
2026-07-18 20:39:30,018 - INFO - Epoch  30 | Train Loss: 0.4802 Acc: 0.8036 | Val Loss: 0.4200 Acc: 0.8034 F1: 0.5205 AUC: 0.9137
2026-07-18 20:40:10,298 - INFO - Epoch  31 | Train Loss: 0.4804 Acc: 0.7986 | Val Loss: 0.4184 Acc: 0.8146 F1: 0.5479 AUC: 0.9023
2026-07-18 20:40:46,589 - INFO - Epoch  32 | Train Loss: 0.4717 Acc: 0.8175 | Val Loss: 0.4141 Acc: 0.8202 F1: 0.5676 AUC: 0.9056
2026-07-18 20:41:25,643 - INFO - Epoch  33 | Train Loss: 0.4803 Acc: 0.8116 | Val Loss: 0.4094 Acc: 0.8090 F1: 0.5526 AUC: 0.9140
2026-07-18 20:42:02,842 - INFO - Epoch  34 | Train Loss: 0.4597 Acc: 0.8056 | Val Loss: 0.4085 Acc: 0.7921 F1: 0.5195 AUC: 0.9123
2026-07-18 20:42:48,577 - INFO - Epoch  35 | Train Loss: 0.4575 Acc: 0.8126 | Val Loss: 0.4028 Acc: 0.7865 F1: 0.5128 AUC: 0.9140
2026-07-18 20:43:27,270 - INFO - Epoch  36 | Train Loss: 0.4554 Acc: 0.8036 | Val Loss: 0.3949 Acc: 0.8034 F1: 0.5455 AUC: 0.9180
2026-07-18 20:44:06,845 - INFO - Epoch  37 | Train Loss: 0.4512 Acc: 0.8136 | Val Loss: 0.3849 Acc: 0.8090 F1: 0.5526 AUC: 0.9215
2026-07-18 20:44:47,177 - INFO - Epoch  38 | Train Loss: 0.4450 Acc: 0.8056 | Val Loss: 0.3782 Acc: 0.8202 F1: 0.5789 AUC: 0.9215
2026-07-18 20:45:48,764 - INFO - Epoch  39 | Train Loss: 0.4505 Acc: 0.8156 | Val Loss: 0.3746 Acc: 0.8034 F1: 0.5333 AUC: 0.9240
2026-07-18 20:46:30,049 - INFO - Epoch  40 | Train Loss: 0.4339 Acc: 0.8106 | Val Loss: 0.3762 Acc: 0.8034 F1: 0.5333 AUC: 0.9213
2026-07-18 20:47:10,939 - INFO - Epoch  41 | Train Loss: 0.4464 Acc: 0.8006 | Val Loss: 0.3713 Acc: 0.8034 F1: 0.5333 AUC: 0.9199
2026-07-18 20:47:50,136 - INFO - Epoch  42 | Train Loss: 0.4444 Acc: 0.8205 | Val Loss: 0.3664 Acc: 0.8034 F1: 0.5333 AUC: 0.9215
2026-07-18 20:48:30,766 - INFO - Epoch  43 | Train Loss: 0.4374 Acc: 0.8046 | Val Loss: 0.3919 Acc: 0.8090 F1: 0.5405 AUC: 0.9050
2026-07-18 20:49:09,330 - INFO - Epoch  44 | Train Loss: 0.4664 Acc: 0.8166 | Val Loss: 0.3551 Acc: 0.8146 F1: 0.5714 AUC: 0.9261
2026-07-18 20:49:51,159 - INFO - Epoch  45 | Train Loss: 0.4034 Acc: 0.8126 | Val Loss: 0.3579 Acc: 0.8146 F1: 0.5714 AUC: 0.9272
2026-07-18 20:50:27,499 - INFO - Epoch  46 | Train Loss: 0.4107 Acc: 0.8006 | Val Loss: 0.3595 Acc: 0.8146 F1: 0.5714 AUC: 0.9261
2026-07-18 20:51:06,064 - INFO - Epoch  47 | Train Loss: 0.4355 Acc: 0.7946 | Val Loss: 0.3677 Acc: 0.7978 F1: 0.5263 AUC: 0.9175
2026-07-18 20:51:43,711 - INFO - Epoch  48 | Train Loss: 0.4253 Acc: 0.7996 | Val Loss: 0.3802 Acc: 0.7921 F1: 0.5195 AUC: 0.9088
2026-07-18 20:52:29,299 - INFO - Epoch  49 | Train Loss: 0.4349 Acc: 0.8046 | Val Loss: 0.3697 Acc: 0.7809 F1: 0.5063 AUC: 0.9140
2026-07-18 20:53:15,483 - INFO - Epoch  50 | Train Loss: 0.4239 Acc: 0.8046 | Val Loss: 0.3694 Acc: 0.7978 F1: 0.5385 AUC: 0.9194
2026-07-18 20:53:18,178 - INFO - 
Run 1 Test Results:
2026-07-18 20:53:18,178 - INFO -   Accuracy: 0.5591, F1: 0.3389, AUC: 0.6049
2026-07-18 20:53:18,179 - INFO - 
============================================================
Run 2/5 (device=cpu)
============================================================
2026-07-18 20:53:18,409 - INFO - Using class weighting: class1 weight = 6.60
2026-07-18 20:54:03,151 - INFO - Epoch   1 | Train Loss: 1.4988 Acc: 0.7996 | Val Loss: 1.2238 Acc: 0.3989 F1: 0.2621 AUC: 0.6342
2026-07-18 20:54:58,767 - INFO - Epoch   2 | Train Loss: 1.6690 Acc: 0.4158 | Val Loss: 0.9452 Acc: 0.6910 F1: 0.4211 AUC: 0.7576
2026-07-18 20:55:42,526 - INFO - Epoch   3 | Train Loss: 1.2790 Acc: 0.6859 | Val Loss: 0.7492 Acc: 0.7416 F1: 0.4773 AUC: 0.8003
2026-07-18 20:56:19,477 - INFO - Epoch   4 | Train Loss: 0.8023 Acc: 0.7587 | Val Loss: 0.6498 Acc: 0.8483 F1: 0.5424 AUC: 0.8241
2026-07-18 20:56:58,408 - INFO - Epoch   5 | Train Loss: 0.9546 Acc: 0.7966 | Val Loss: 0.4177 Acc: 0.8483 F1: 0.5846 AUC: 0.9075
2026-07-18 20:57:42,074 - INFO - Epoch   6 | Train Loss: 0.7722 Acc: 0.7717 | Val Loss: 0.4015 Acc: 0.8090 F1: 0.5641 AUC: 0.9194
2026-07-18 20:58:17,165 - INFO - Epoch   7 | Train Loss: 0.7578 Acc: 0.7168 | Val Loss: 0.4210 Acc: 0.7528 F1: 0.5000 AUC: 0.9177
2026-07-18 20:58:58,102 - INFO - Epoch   8 | Train Loss: 0.6205 Acc: 0.6800 | Val Loss: 0.3877 Acc: 0.7865 F1: 0.5581 AUC: 0.9359
2026-07-18 20:59:34,143 - INFO - Epoch   9 | Train Loss: 0.6345 Acc: 0.7009 | Val Loss: 0.3845 Acc: 0.8315 F1: 0.5946 AUC: 0.9085
2026-07-18 21:00:10,404 - INFO - Epoch  10 | Train Loss: 0.4890 Acc: 0.7836 | Val Loss: 0.3979 Acc: 0.8483 F1: 0.6197 AUC: 0.8904
2026-07-18 21:00:49,422 - INFO - Epoch  11 | Train Loss: 0.5362 Acc: 0.8016 | Val Loss: 0.3591 Acc: 0.8539 F1: 0.6176 AUC: 0.9240
2026-07-18 21:01:55,900 - INFO - Epoch  12 | Train Loss: 0.4874 Acc: 0.8066 | Val Loss: 0.3531 Acc: 0.8427 F1: 0.6000 AUC: 0.9259
2026-07-18 21:02:48,338 - INFO - Epoch  13 | Train Loss: 0.4781 Acc: 0.8056 | Val Loss: 0.3395 Acc: 0.8146 F1: 0.5823 AUC: 0.9310
2026-07-18 21:03:23,263 - INFO - Epoch  14 | Train Loss: 0.4693 Acc: 0.7637 | Val Loss: 0.3532 Acc: 0.8034 F1: 0.5679 AUC: 0.9318
2026-07-18 21:03:59,947 - INFO - Epoch  15 | Train Loss: 0.5269 Acc: 0.7557 | Val Loss: 0.3705 Acc: 0.7921 F1: 0.5195 AUC: 0.9232
2026-07-18 21:04:34,254 - INFO - Epoch  16 | Train Loss: 0.4544 Acc: 0.7737 | Val Loss: 0.3751 Acc: 0.8034 F1: 0.5333 AUC: 0.9159
2026-07-18 21:05:21,732 - INFO - Epoch  17 | Train Loss: 0.4386 Acc: 0.7936 | Val Loss: 0.3749 Acc: 0.8090 F1: 0.5526 AUC: 0.9169
2026-07-18 21:06:21,175 - INFO - Epoch  18 | Train Loss: 0.4233 Acc: 0.7946 | Val Loss: 0.3702 Acc: 0.8146 F1: 0.5600 AUC: 0.9202
2026-07-18 21:07:03,428 - INFO - Epoch  19 | Train Loss: 0.4201 Acc: 0.8086 | Val Loss: 0.3522 Acc: 0.8258 F1: 0.5753 AUC: 0.9267
2026-07-18 21:07:50,170 - INFO - Epoch  20 | Train Loss: 0.4112 Acc: 0.8295 | Val Loss: 0.3466 Acc: 0.8202 F1: 0.5556 AUC: 0.9264
2026-07-18 21:08:40,809 - INFO - Epoch  21 | Train Loss: 0.4032 Acc: 0.8195 | Val Loss: 0.3431 Acc: 0.8146 F1: 0.5600 AUC: 0.9286
2026-07-18 21:09:26,298 - INFO - Epoch  22 | Train Loss: 0.4108 Acc: 0.8205 | Val Loss: 0.3357 Acc: 0.8090 F1: 0.5526 AUC: 0.9324
2026-07-18 21:10:14,341 - INFO - Epoch  23 | Train Loss: 0.3891 Acc: 0.8126 | Val Loss: 0.3301 Acc: 0.8034 F1: 0.5570 AUC: 0.9380
2026-07-18 21:11:01,478 - INFO - Epoch  24 | Train Loss: 0.3636 Acc: 0.8066 | Val Loss: 0.3285 Acc: 0.8034 F1: 0.5570 AUC: 0.9372
2026-07-18 21:11:42,564 - INFO - Epoch  25 | Train Loss: 0.4022 Acc: 0.7827 | Val Loss: 0.3232 Acc: 0.8034 F1: 0.5570 AUC: 0.9389
2026-07-18 21:11:42,567 - INFO - Early stopping at epoch 25
2026-07-18 21:11:44,758 - INFO - 
Run 2 Test Results:
2026-07-18 21:11:44,759 - INFO -   Accuracy: 0.4591, F1: 0.3581, AUC: 0.7299
2026-07-18 21:11:44,761 - INFO - 
============================================================
Run 3/5 (device=cpu)
============================================================
2026-07-18 21:11:44,869 - INFO - Using class weighting: class1 weight = 6.60
2026-07-18 21:12:21,889 - INFO - Epoch   1 | Train Loss: 1.0243 Acc: 0.6201 | Val Loss: 1.8466 Acc: 0.5056 F1: 0.3016 AUC: 0.6786
2026-07-18 21:13:10,225 - INFO - Epoch   2 | Train Loss: 1.5499 Acc: 0.5892 | Val Loss: 1.6330 Acc: 0.5449 F1: 0.3193 AUC: 0.7016
2026-07-18 21:13:46,853 - INFO - Epoch   3 | Train Loss: 1.4709 Acc: 0.6162 | Val Loss: 1.2305 Acc: 0.6966 F1: 0.4375 AUC: 0.7987
2026-07-18 21:14:28,250 - INFO - Epoch   4 | Train Loss: 1.2828 Acc: 0.7059 | Val Loss: 0.7887 Acc: 0.7697 F1: 0.4810 AUC: 0.8155
2026-07-18 21:15:09,905 - INFO - Epoch   5 | Train Loss: 0.9841 Acc: 0.7308 | Val Loss: 0.5611 Acc: 0.6067 F1: 0.3860 AUC: 0.8290
2026-07-18 21:15:47,307 - INFO - Epoch   6 | Train Loss: 1.1897 Acc: 0.6052 | Val Loss: 0.7843 Acc: 0.5449 F1: 0.3721 AUC: 0.8014
2026-07-18 21:16:26,714 - INFO - Epoch   7 | Train Loss: 1.0463 Acc: 0.5623 | Val Loss: 0.4725 Acc: 0.6348 F1: 0.4248 AUC: 0.9031
2026-07-18 21:17:04,227 - INFO - Epoch   8 | Train Loss: 0.7095 Acc: 0.6301 | Val Loss: 0.7294 Acc: 0.6910 F1: 0.4444 AUC: 0.8496
2026-07-18 21:18:15,359 - INFO - Epoch   9 | Train Loss: 0.7854 Acc: 0.6919 | Val Loss: 0.8535 Acc: 0.7528 F1: 0.4884 AUC: 0.8520
2026-07-18 21:19:06,376 - INFO - Epoch  10 | Train Loss: 0.9606 Acc: 0.7597 | Val Loss: 0.7911 Acc: 0.7416 F1: 0.4889 AUC: 0.8528
2026-07-18 21:19:53,664 - INFO - Epoch  11 | Train Loss: 0.8593 Acc: 0.7498 | Val Loss: 0.6318 Acc: 0.7191 F1: 0.4681 AUC: 0.8558
2026-07-18 21:20:30,383 - INFO - Epoch  12 | Train Loss: 0.7383 Acc: 0.7358 | Val Loss: 0.4614 Acc: 0.7191 F1: 0.4681 AUC: 0.8804
2026-07-18 21:21:05,511 - INFO - Epoch  13 | Train Loss: 0.6349 Acc: 0.7228 | Val Loss: 0.4426 Acc: 0.7191 F1: 0.4898 AUC: 0.9102
2026-07-18 21:21:47,031 - INFO - Epoch  14 | Train Loss: 0.6423 Acc: 0.6929 | Val Loss: 0.4466 Acc: 0.7191 F1: 0.4898 AUC: 0.9123
2026-07-18 21:22:33,524 - INFO - Epoch  15 | Train Loss: 0.6041 Acc: 0.6889 | Val Loss: 0.4359 Acc: 0.7303 F1: 0.5000 AUC: 0.9067
2026-07-18 21:23:22,056 - INFO - Epoch  16 | Train Loss: 0.6346 Acc: 0.6959 | Val Loss: 0.4742 Acc: 0.7360 F1: 0.4835 AUC: 0.8747
2026-07-18 21:24:31,405 - INFO - Epoch  17 | Train Loss: 0.5493 Acc: 0.7517 | Val Loss: 0.5023 Acc: 0.7360 F1: 0.4835 AUC: 0.8655
2026-07-18 21:25:31,566 - INFO - Epoch  18 | Train Loss: 0.5260 Acc: 0.7537 | Val Loss: 0.5190 Acc: 0.7528 F1: 0.5000 AUC: 0.8644
2026-07-18 21:26:15,425 - INFO - Epoch  19 | Train Loss: 0.5420 Acc: 0.7657 | Val Loss: 0.4997 Acc: 0.7416 F1: 0.4773 AUC: 0.8644
2026-07-18 21:27:01,730 - INFO - Epoch  20 | Train Loss: 0.5881 Acc: 0.7557 | Val Loss: 0.4725 Acc: 0.7472 F1: 0.4828 AUC: 0.8745
2026-07-18 21:27:58,395 - INFO - Epoch  21 | Train Loss: 0.5186 Acc: 0.7896 | Val Loss: 0.4274 Acc: 0.7416 F1: 0.4889 AUC: 0.8985
2026-07-18 21:28:47,455 - INFO - Epoch  22 | Train Loss: 0.5191 Acc: 0.7827 | Val Loss: 0.4212 Acc: 0.7303 F1: 0.4783 AUC: 0.9142
2026-07-18 21:29:34,409 - INFO - Epoch  23 | Train Loss: 0.5152 Acc: 0.7288 | Val Loss: 0.4345 Acc: 0.7247 F1: 0.4731 AUC: 0.9107
2026-07-18 21:30:18,419 - INFO - Epoch  24 | Train Loss: 0.5498 Acc: 0.7159 | Val Loss: 0.4175 Acc: 0.7191 F1: 0.4681 AUC: 0.9153
2026-07-18 21:31:01,803 - INFO - Epoch  25 | Train Loss: 0.4916 Acc: 0.7418 | Val Loss: 0.4174 Acc: 0.7416 F1: 0.4773 AUC: 0.9026
2026-07-18 21:31:43,902 - INFO - Epoch  26 | Train Loss: 0.4813 Acc: 0.7727 | Val Loss: 0.4285 Acc: 0.7584 F1: 0.4819 AUC: 0.8904
2026-07-18 21:32:25,477 - INFO - Epoch  27 | Train Loss: 0.4808 Acc: 0.7876 | Val Loss: 0.4405 Acc: 0.7640 F1: 0.4878 AUC: 0.8815
2026-07-18 21:33:17,490 - INFO - Epoch  28 | Train Loss: 0.4942 Acc: 0.8046 | Val Loss: 0.4173 Acc: 0.7697 F1: 0.4938 AUC: 0.8920
2026-07-18 21:34:01,594 - INFO - Epoch  29 | Train Loss: 0.4574 Acc: 0.8146 | Val Loss: 0.3994 Acc: 0.7697 F1: 0.5060 AUC: 0.9040
2026-07-18 21:34:44,996 - INFO - Epoch  30 | Train Loss: 0.4701 Acc: 0.8006 | Val Loss: 0.3858 Acc: 0.7528 F1: 0.5000 AUC: 0.9118
2026-07-18 21:35:35,823 - INFO - Epoch  31 | Train Loss: 0.4390 Acc: 0.7966 | Val Loss: 0.3905 Acc: 0.7528 F1: 0.5111 AUC: 0.9142
2026-07-18 21:36:21,015 - INFO - Epoch  32 | Train Loss: 0.4434 Acc: 0.7747 | Val Loss: 0.3880 Acc: 0.7472 F1: 0.5055 AUC: 0.9229
2026-07-18 21:37:09,643 - INFO - Epoch  33 | Train Loss: 0.4568 Acc: 0.7767 | Val Loss: 0.3821 Acc: 0.7528 F1: 0.5111 AUC: 0.9207
2026-07-18 21:37:57,863 - INFO - Epoch  34 | Train Loss: 0.4510 Acc: 0.7687 | Val Loss: 0.3814 Acc: 0.7697 F1: 0.5287 AUC: 0.9164
2026-07-18 21:38:45,255 - INFO - Epoch  35 | Train Loss: 0.4319 Acc: 0.7797 | Val Loss: 0.3829 Acc: 0.7697 F1: 0.5176 AUC: 0.9121
2026-07-18 21:39:33,609 - INFO - Epoch  36 | Train Loss: 0.4430 Acc: 0.7936 | Val Loss: 0.3771 Acc: 0.7640 F1: 0.5227 AUC: 0.9175
2026-07-18 21:40:21,172 - INFO - Epoch  37 | Train Loss: 0.4341 Acc: 0.7807 | Val Loss: 0.3784 Acc: 0.7528 F1: 0.5111 AUC: 0.9167
2026-07-18 21:41:12,491 - INFO - Epoch  38 | Train Loss: 0.4406 Acc: 0.7617 | Val Loss: 0.3772 Acc: 0.7472 F1: 0.5055 AUC: 0.9177
2026-07-18 21:41:57,393 - INFO - Epoch  39 | Train Loss: 0.4365 Acc: 0.7767 | Val Loss: 0.3754 Acc: 0.7472 F1: 0.5055 AUC: 0.9169
2026-07-18 21:42:43,335 - INFO - Epoch  40 | Train Loss: 0.4351 Acc: 0.7807 | Val Loss: 0.3725 Acc: 0.7472 F1: 0.5055 AUC: 0.9159
2026-07-18 21:43:26,140 - INFO - Epoch  41 | Train Loss: 0.4190 Acc: 0.7836 | Val Loss: 0.3722 Acc: 0.7640 F1: 0.5227 AUC: 0.9129
2026-07-18 21:44:17,489 - INFO - Epoch  42 | Train Loss: 0.4044 Acc: 0.7986 | Val Loss: 0.3759 Acc: 0.7640 F1: 0.5116 AUC: 0.9091
2026-07-18 21:45:04,900 - INFO - Epoch  43 | Train Loss: 0.4184 Acc: 0.8016 | Val Loss: 0.3601 Acc: 0.7528 F1: 0.5111 AUC: 0.9177
2026-07-18 21:45:52,885 - INFO - Epoch  44 | Train Loss: 0.4147 Acc: 0.8036 | Val Loss: 0.3565 Acc: 0.7472 F1: 0.5055 AUC: 0.9215
2026-07-18 21:46:38,981 - INFO - Epoch  45 | Train Loss: 0.4049 Acc: 0.8046 | Val Loss: 0.3554 Acc: 0.7640 F1: 0.5227 AUC: 0.9242
2026-07-18 21:47:27,389 - INFO - Epoch  46 | Train Loss: 0.4071 Acc: 0.7836 | Val Loss: 0.3430 Acc: 0.7584 F1: 0.5169 AUC: 0.9297
2026-07-18 21:48:12,776 - INFO - Epoch  47 | Train Loss: 0.4007 Acc: 0.8046 | Val Loss: 0.3447 Acc: 0.7584 F1: 0.5169 AUC: 0.9226
2026-07-18 21:48:55,934 - INFO - Epoch  48 | Train Loss: 0.3957 Acc: 0.8096 | Val Loss: 0.3493 Acc: 0.7640 F1: 0.5333 AUC: 0.9205
2026-07-18 21:49:45,180 - INFO - Epoch  49 | Train Loss: 0.4127 Acc: 0.7896 | Val Loss: 0.3498 Acc: 0.7528 F1: 0.5111 AUC: 0.9261
2026-07-18 21:50:32,735 - INFO - Epoch  50 | Train Loss: 0.3942 Acc: 0.7946 | Val Loss: 0.3564 Acc: 0.7528 F1: 0.5111 AUC: 0.9269
2026-07-18 21:50:35,838 - INFO - 
Run 3 Test Results:
2026-07-18 21:50:35,838 - INFO -   Accuracy: 0.6698, F1: 0.3847, AUC: 0.6302
2026-07-18 21:50:35,840 - INFO - 
============================================================
Run 4/5 (device=cpu)
============================================================
2026-07-18 21:50:35,914 - INFO - Using class weighting: class1 weight = 6.60
2026-07-18 21:51:20,855 - INFO - Epoch   1 | Train Loss: 2.6839 Acc: 0.1565 | Val Loss: 1.5557 Acc: 0.7416 F1: 0.2069 AUC: 0.4859
2026-07-18 21:52:09,757 - INFO - Epoch   2 | Train Loss: 1.4684 Acc: 0.6810 | Val Loss: 1.7546 Acc: 0.6404 F1: 0.3333 AUC: 0.6496
2026-07-18 21:52:54,583 - INFO - Epoch   3 | Train Loss: 1.4875 Acc: 0.6839 | Val Loss: 1.7395 Acc: 0.5674 F1: 0.3304 AUC: 0.7129
2026-07-18 21:53:46,379 - INFO - Epoch   4 | Train Loss: 1.3230 Acc: 0.6261 | Val Loss: 1.4655 Acc: 0.5899 F1: 0.3423 AUC: 0.7359
2026-07-18 21:54:33,700 - INFO - Epoch   5 | Train Loss: 1.5157 Acc: 0.6351 | Val Loss: 0.9819 Acc: 0.6124 F1: 0.3784 AUC: 0.8309
2026-07-18 21:55:23,188 - INFO - Epoch   6 | Train Loss: 1.1106 Acc: 0.6481 | Val Loss: 0.5366 Acc: 0.7528 F1: 0.4884 AUC: 0.8482
2026-07-18 21:56:09,294 - INFO - Epoch   7 | Train Loss: 0.8634 Acc: 0.6491 | Val Loss: 0.8133 Acc: 0.6236 F1: 0.4071 AUC: 0.7873
2026-07-18 21:56:58,798 - INFO - Epoch   8 | Train Loss: 1.3539 Acc: 0.5833 | Val Loss: 0.6288 Acc: 0.5730 F1: 0.3871 AUC: 0.8593
2026-07-18 21:57:47,782 - INFO - Epoch   9 | Train Loss: 0.9556 Acc: 0.5942 | Val Loss: 0.4833 Acc: 0.6180 F1: 0.3929 AUC: 0.9029
2026-07-18 21:58:36,374 - INFO - Epoch  10 | Train Loss: 0.7458 Acc: 0.5992 | Val Loss: 0.6670 Acc: 0.6461 F1: 0.4112 AUC: 0.8566
2026-07-18 21:59:20,365 - INFO - Epoch  11 | Train Loss: 0.9289 Acc: 0.6211 | Val Loss: 0.7534 Acc: 0.6798 F1: 0.4356 AUC: 0.8547
2026-07-18 22:00:13,003 - INFO - Epoch  12 | Train Loss: 0.9870 Acc: 0.6560 | Val Loss: 0.7329 Acc: 0.7079 F1: 0.4583 AUC: 0.8674
2026-07-18 22:01:00,305 - INFO - Epoch  13 | Train Loss: 0.7858 Acc: 0.6979 | Val Loss: 0.6247 Acc: 0.7584 F1: 0.5057 AUC: 0.8712
2026-07-18 22:01:48,754 - INFO - Epoch  14 | Train Loss: 0.7274 Acc: 0.7248 | Val Loss: 0.4910 Acc: 0.7809 F1: 0.5185 AUC: 0.8699
2026-07-18 22:02:32,807 - INFO - Epoch  15 | Train Loss: 0.7076 Acc: 0.7109 | Val Loss: 0.4317 Acc: 0.7809 F1: 0.5185 AUC: 0.9015
2026-07-18 22:03:17,336 - INFO - Epoch  16 | Train Loss: 0.6403 Acc: 0.7298 | Val Loss: 0.4139 Acc: 0.7753 F1: 0.5349 AUC: 0.9175
2026-07-18 22:04:04,507 - INFO - Epoch  17 | Train Loss: 0.6132 Acc: 0.7089 | Val Loss: 0.4174 Acc: 0.7360 F1: 0.5053 AUC: 0.9253
2026-07-18 22:04:50,135 - INFO - Epoch  18 | Train Loss: 0.5574 Acc: 0.6720 | Val Loss: 0.4203 Acc: 0.7528 F1: 0.5217 AUC: 0.9150
2026-07-18 22:05:37,306 - INFO - Epoch  19 | Train Loss: 0.5720 Acc: 0.6859 | Val Loss: 0.4473 Acc: 0.7472 F1: 0.4944 AUC: 0.8807
2026-07-18 22:06:20,400 - INFO - Epoch  20 | Train Loss: 0.4974 Acc: 0.7218 | Val Loss: 0.4860 Acc: 0.7697 F1: 0.5176 AUC: 0.8734
2026-07-18 22:07:01,583 - INFO - Epoch  21 | Train Loss: 0.5692 Acc: 0.7358 | Val Loss: 0.4832 Acc: 0.8034 F1: 0.5570 AUC: 0.8728
2026-07-18 22:07:47,931 - INFO - Epoch  22 | Train Loss: 0.5738 Acc: 0.7757 | Val Loss: 0.4609 Acc: 0.8146 F1: 0.5714 AUC: 0.8774
2026-07-18 22:08:35,682 - INFO - Epoch  23 | Train Loss: 0.5161 Acc: 0.7846 | Val Loss: 0.4402 Acc: 0.8090 F1: 0.5641 AUC: 0.8834
2026-07-18 22:09:20,898 - INFO - Epoch  24 | Train Loss: 0.5578 Acc: 0.7926 | Val Loss: 0.4130 Acc: 0.8034 F1: 0.5570 AUC: 0.8969
2026-07-18 22:10:15,180 - INFO - Epoch  25 | Train Loss: 0.4948 Acc: 0.7777 | Val Loss: 0.3954 Acc: 0.8034 F1: 0.5570 AUC: 0.9218
2026-07-18 22:11:31,202 - INFO - Epoch  26 | Train Loss: 0.4619 Acc: 0.7567 | Val Loss: 0.3932 Acc: 0.7865 F1: 0.5581 AUC: 0.9283
2026-07-18 22:12:38,722 - INFO - Epoch  27 | Train Loss: 0.4870 Acc: 0.7139 | Val Loss: 0.3983 Acc: 0.7640 F1: 0.5333 AUC: 0.9313
2026-07-18 22:13:30,205 - INFO - Epoch  28 | Train Loss: 0.5141 Acc: 0.7109 | Val Loss: 0.3955 Acc: 0.7697 F1: 0.5393 AUC: 0.9302
2026-07-18 22:14:15,700 - INFO - Epoch  29 | Train Loss: 0.4753 Acc: 0.7159 | Val Loss: 0.3907 Acc: 0.7978 F1: 0.5714 AUC: 0.9299
2026-07-18 22:14:54,851 - INFO - Epoch  30 | Train Loss: 0.4693 Acc: 0.7308 | Val Loss: 0.3920 Acc: 0.7978 F1: 0.5500 AUC: 0.9191
2026-07-18 22:15:37,430 - INFO - Epoch  31 | Train Loss: 0.4643 Acc: 0.7647 | Val Loss: 0.3958 Acc: 0.8034 F1: 0.5570 AUC: 0.9083
2026-07-18 22:16:18,424 - INFO - Epoch  32 | Train Loss: 0.4420 Acc: 0.7846 | Val Loss: 0.3979 Acc: 0.8146 F1: 0.5714 AUC: 0.9018
2026-07-18 22:17:03,315 - INFO - Epoch  33 | Train Loss: 0.4704 Acc: 0.7836 | Val Loss: 0.3931 Acc: 0.8202 F1: 0.5789 AUC: 0.9061
2026-07-18 22:17:48,344 - INFO - Epoch  34 | Train Loss: 0.4927 Acc: 0.8036 | Val Loss: 0.3824 Acc: 0.8315 F1: 0.5946 AUC: 0.9115
2026-07-18 22:18:41,982 - INFO - Epoch  35 | Train Loss: 0.4915 Acc: 0.8106 | Val Loss: 0.3710 Acc: 0.8202 F1: 0.5789 AUC: 0.9253
2026-07-18 22:19:26,337 - INFO - Epoch  36 | Train Loss: 0.4351 Acc: 0.7996 | Val Loss: 0.3630 Acc: 0.8202 F1: 0.5789 AUC: 0.9351
2026-07-18 22:20:11,709 - INFO - Epoch  37 | Train Loss: 0.4484 Acc: 0.7936 | Val Loss: 0.3565 Acc: 0.8146 F1: 0.5926 AUC: 0.9424
2026-07-18 22:20:57,789 - INFO - Epoch  38 | Train Loss: 0.4389 Acc: 0.7777 | Val Loss: 0.3535 Acc: 0.8146 F1: 0.5926 AUC: 0.9462
2026-07-18 22:21:47,889 - INFO - Epoch  39 | Train Loss: 0.4391 Acc: 0.7687 | Val Loss: 0.3515 Acc: 0.8202 F1: 0.6000 AUC: 0.9486
2026-07-18 22:22:35,895 - INFO - Epoch  40 | Train Loss: 0.4214 Acc: 0.7787 | Val Loss: 0.3476 Acc: 0.8202 F1: 0.6000 AUC: 0.9475
2026-07-18 22:23:27,921 - INFO - Epoch  41 | Train Loss: 0.4398 Acc: 0.7737 | Val Loss: 0.3447 Acc: 0.8258 F1: 0.6076 AUC: 0.9448
2026-07-18 22:24:39,975 - INFO - Epoch  42 | Train Loss: 0.4257 Acc: 0.7916 | Val Loss: 0.3449 Acc: 0.8315 F1: 0.6154 AUC: 0.9418
2026-07-18 22:25:25,833 - INFO - Epoch  43 | Train Loss: 0.4022 Acc: 0.7966 | Val Loss: 0.3427 Acc: 0.8202 F1: 0.5789 AUC: 0.9421
2026-07-18 22:26:10,109 - INFO - Epoch  44 | Train Loss: 0.4420 Acc: 0.7946 | Val Loss: 0.3391 Acc: 0.8258 F1: 0.5974 AUC: 0.9413
2026-07-18 22:26:56,120 - INFO - Epoch  45 | Train Loss: 0.4234 Acc: 0.8046 | Val Loss: 0.3345 Acc: 0.8315 F1: 0.6154 AUC: 0.9421
2026-07-18 22:27:42,952 - INFO - Epoch  46 | Train Loss: 0.4184 Acc: 0.7996 | Val Loss: 0.3317 Acc: 0.8315 F1: 0.6154 AUC: 0.9483
2026-07-18 22:28:29,629 - INFO - Epoch  47 | Train Loss: 0.4065 Acc: 0.7976 | Val Loss: 0.3315 Acc: 0.8202 F1: 0.6000 AUC: 0.9516
2026-07-18 22:29:08,940 - INFO - Epoch  48 | Train Loss: 0.4061 Acc: 0.7916 | Val Loss: 0.3322 Acc: 0.8202 F1: 0.6000 AUC: 0.9510
2026-07-18 22:29:52,024 - INFO - Epoch  49 | Train Loss: 0.3987 Acc: 0.7906 | Val Loss: 0.3310 Acc: 0.8258 F1: 0.6076 AUC: 0.9494
2026-07-18 22:30:37,484 - INFO - Epoch  50 | Train Loss: 0.4016 Acc: 0.7976 | Val Loss: 0.3295 Acc: 0.8202 F1: 0.5897 AUC: 0.9475
2026-07-18 22:30:40,280 - INFO - 
Run 4 Test Results:
2026-07-18 22:30:40,280 - INFO -   Accuracy: 0.4428, F1: 0.3225, AUC: 0.6376
2026-07-18 22:30:40,280 - INFO - 
============================================================
Run 5/5 (device=cpu)
============================================================
2026-07-18 22:30:40,336 - INFO - Using class weighting: class1 weight = 6.60
2026-07-18 22:31:19,861 - INFO - Epoch   1 | Train Loss: 1.1245 Acc: 0.4596 | Val Loss: 1.9054 Acc: 0.5674 F1: 0.3304 AUC: 0.6907
2026-07-18 22:32:12,290 - INFO - Epoch   2 | Train Loss: 1.6915 Acc: 0.5982 | Val Loss: 1.2513 Acc: 0.6517 F1: 0.3800 AUC: 0.7725
2026-07-18 22:32:59,116 - INFO - Epoch   3 | Train Loss: 1.1948 Acc: 0.6710 | Val Loss: 0.6216 Acc: 0.8315 F1: 0.5312 AUC: 0.8098
2026-07-18 22:33:44,482 - INFO - Epoch   4 | Train Loss: 1.0605 Acc: 0.7218 | Val Loss: 0.4804 Acc: 0.7247 F1: 0.4615 AUC: 0.8636
2026-07-18 22:34:28,049 - INFO - Epoch   5 | Train Loss: 0.7735 Acc: 0.6670 | Val Loss: 0.4137 Acc: 0.7528 F1: 0.5111 AUC: 0.9242
2026-07-18 22:35:10,393 - INFO - Epoch   6 | Train Loss: 0.9751 Acc: 0.6550 | Val Loss: 0.5843 Acc: 0.7472 F1: 0.4944 AUC: 0.8588
2026-07-18 22:35:59,663 - INFO - Epoch   7 | Train Loss: 0.7953 Acc: 0.7089 | Val Loss: 0.6421 Acc: 0.7584 F1: 0.4819 AUC: 0.8382
2026-07-18 22:37:04,518 - INFO - Epoch   8 | Train Loss: 0.8132 Acc: 0.7398 | Val Loss: 0.6457 Acc: 0.7978 F1: 0.5135 AUC: 0.8350
2026-07-18 22:37:52,919 - INFO - Epoch   9 | Train Loss: 0.7148 Acc: 0.7707 | Val Loss: 0.5628 Acc: 0.8315 F1: 0.5161 AUC: 0.8558
2026-07-18 22:38:42,181 - INFO - Epoch  10 | Train Loss: 0.5668 Acc: 0.8056 | Val Loss: 0.4931 Acc: 0.8315 F1: 0.5161 AUC: 0.8639
2026-07-18 22:39:24,772 - INFO - Epoch  11 | Train Loss: 0.5517 Acc: 0.7996 | Val Loss: 0.4263 Acc: 0.7921 F1: 0.4932 AUC: 0.8977
2026-07-18 22:40:12,991 - INFO - Epoch  12 | Train Loss: 0.6414 Acc: 0.7238 | Val Loss: 0.4023 Acc: 0.7865 F1: 0.5128 AUC: 0.9104
2026-07-18 22:40:58,019 - INFO - Epoch  13 | Train Loss: 0.5297 Acc: 0.7348 | Val Loss: 0.3763 Acc: 0.8146 F1: 0.5600 AUC: 0.9180
2026-07-18 22:41:37,390 - INFO - Epoch  14 | Train Loss: 0.4674 Acc: 0.7807 | Val Loss: 0.4069 Acc: 0.8090 F1: 0.5405 AUC: 0.8999
2026-07-18 22:42:21,268 - INFO - Epoch  15 | Train Loss: 0.5084 Acc: 0.7836 | Val Loss: 0.4628 Acc: 0.8202 F1: 0.5556 AUC: 0.8793
2026-07-18 22:43:08,875 - INFO - Epoch  16 | Train Loss: 0.5297 Acc: 0.8036 | Val Loss: 0.4789 Acc: 0.8202 F1: 0.5556 AUC: 0.8782
2026-07-18 22:43:54,297 - INFO - Epoch  17 | Train Loss: 0.4836 Acc: 0.8056 | Val Loss: 0.4596 Acc: 0.8371 F1: 0.5797 AUC: 0.8828
2026-07-18 22:44:40,719 - INFO - Epoch  18 | Train Loss: 0.5238 Acc: 0.8335 | Val Loss: 0.4002 Acc: 0.8427 F1: 0.5882 AUC: 0.9031
2026-07-18 22:45:24,801 - INFO - Epoch  19 | Train Loss: 0.4871 Acc: 0.8265 | Val Loss: 0.3599 Acc: 0.8371 F1: 0.5915 AUC: 0.9215
2026-07-18 22:46:05,945 - INFO - Epoch  20 | Train Loss: 0.4545 Acc: 0.8076 | Val Loss: 0.3421 Acc: 0.8202 F1: 0.5789 AUC: 0.9332
2026-07-18 22:46:50,301 - INFO - Epoch  21 | Train Loss: 0.4577 Acc: 0.7757 | Val Loss: 0.3522 Acc: 0.8090 F1: 0.5641 AUC: 0.9345
2026-07-18 22:47:34,754 - INFO - Epoch  22 | Train Loss: 0.4451 Acc: 0.7617 | Val Loss: 0.3436 Acc: 0.8146 F1: 0.5714 AUC: 0.9351
2026-07-18 22:48:21,673 - INFO - Epoch  23 | Train Loss: 0.4426 Acc: 0.7727 | Val Loss: 0.3328 Acc: 0.8315 F1: 0.5946 AUC: 0.9321
2026-07-18 22:49:12,907 - INFO - Epoch  24 | Train Loss: 0.4003 Acc: 0.8126 | Val Loss: 0.3460 Acc: 0.8146 F1: 0.5479 AUC: 0.9253
2026-07-18 22:49:58,592 - INFO - Epoch  25 | Train Loss: 0.3981 Acc: 0.8106 | Val Loss: 0.3754 Acc: 0.8258 F1: 0.5634 AUC: 0.9096
2026-07-18 22:51:03,414 - INFO - Epoch  26 | Train Loss: 0.4145 Acc: 0.8255 | Val Loss: 0.3570 Acc: 0.8315 F1: 0.5714 AUC: 0.9202
2026-07-18 22:51:49,045 - INFO - Epoch  27 | Train Loss: 0.4302 Acc: 0.8006 | Val Loss: 0.3306 Acc: 0.8371 F1: 0.5797 AUC: 0.9313
2026-07-18 22:52:31,790 - INFO - Epoch  28 | Train Loss: 0.3889 Acc: 0.8185 | Val Loss: 0.3217 Acc: 0.8371 F1: 0.6133 AUC: 0.9359
2026-07-18 22:53:10,288 - INFO - Epoch  29 | Train Loss: 0.3817 Acc: 0.8036 | Val Loss: 0.3196 Acc: 0.8258 F1: 0.5974 AUC: 0.9407
2026-07-18 22:53:54,727 - INFO - Epoch  30 | Train Loss: 0.3954 Acc: 0.7946 | Val Loss: 0.3180 Acc: 0.8202 F1: 0.5897 AUC: 0.9429
2026-07-18 22:54:36,198 - INFO - Epoch  31 | Train Loss: 0.3796 Acc: 0.7866 | Val Loss: 0.3156 Acc: 0.8315 F1: 0.6053 AUC: 0.9375
2026-07-18 22:55:32,747 - INFO - Epoch  32 | Train Loss: 0.3600 Acc: 0.8146 | Val Loss: 0.3150 Acc: 0.8258 F1: 0.5753 AUC: 0.9391
2026-07-18 22:56:11,369 - INFO - Epoch  33 | Train Loss: 0.3816 Acc: 0.8185 | Val Loss: 0.3150 Acc: 0.8258 F1: 0.5753 AUC: 0.9391
2026-07-18 22:56:54,922 - INFO - Epoch  34 | Train Loss: 0.3755 Acc: 0.8175 | Val Loss: 0.3128 Acc: 0.8258 F1: 0.5753 AUC: 0.9370
2026-07-18 22:57:50,883 - INFO - Epoch  35 | Train Loss: 0.3722 Acc: 0.8136 | Val Loss: 0.3045 Acc: 0.8258 F1: 0.5867 AUC: 0.9383
2026-07-18 22:58:36,985 - INFO - Epoch  36 | Train Loss: 0.3447 Acc: 0.8225 | Val Loss: 0.2960 Acc: 0.8315 F1: 0.6053 AUC: 0.9432
2026-07-18 22:59:22,286 - INFO - Epoch  37 | Train Loss: 0.3414 Acc: 0.8185 | Val Loss: 0.2941 Acc: 0.8371 F1: 0.6133 AUC: 0.9435
2026-07-18 23:00:13,852 - INFO - Epoch  38 | Train Loss: 0.3358 Acc: 0.8136 | Val Loss: 0.2914 Acc: 0.8371 F1: 0.6133 AUC: 0.9445
2026-07-18 23:01:01,426 - INFO - Epoch  39 | Train Loss: 0.3489 Acc: 0.8096 | Val Loss: 0.2898 Acc: 0.8427 F1: 0.6216 AUC: 0.9424
2026-07-18 23:01:51,609 - INFO - Epoch  40 | Train Loss: 0.3401 Acc: 0.8245 | Val Loss: 0.2942 Acc: 0.8483 F1: 0.6301 AUC: 0.9394
2026-07-18 23:02:37,584 - INFO - Epoch  41 | Train Loss: 0.3367 Acc: 0.8385 | Val Loss: 0.2991 Acc: 0.8427 F1: 0.6111 AUC: 0.9337
2026-07-18 23:03:24,608 - INFO - Epoch  42 | Train Loss: 0.3262 Acc: 0.8335 | Val Loss: 0.2933 Acc: 0.8258 F1: 0.5867 AUC: 0.9351
2026-07-18 23:04:09,992 - INFO - Epoch  43 | Train Loss: 0.3523 Acc: 0.8235 | Val Loss: 0.2886 Acc: 0.8371 F1: 0.6133 AUC: 0.9405
2026-07-18 23:04:50,592 - INFO - Epoch  44 | Train Loss: 0.3340 Acc: 0.8166 | Val Loss: 0.2832 Acc: 0.8371 F1: 0.6234 AUC: 0.9443
2026-07-18 23:05:34,344 - INFO - Epoch  45 | Train Loss: 0.3223 Acc: 0.8066 | Val Loss: 0.2779 Acc: 0.8371 F1: 0.6234 AUC: 0.9472
2026-07-18 23:06:22,518 - INFO - Epoch  46 | Train Loss: 0.3278 Acc: 0.8205 | Val Loss: 0.2745 Acc: 0.8539 F1: 0.6486 AUC: 0.9440
2026-07-18 23:07:07,096 - INFO - Epoch  47 | Train Loss: 0.3306 Acc: 0.8295 | Val Loss: 0.2695 Acc: 0.8539 F1: 0.6486 AUC: 0.9467
2026-07-18 23:07:56,808 - INFO - Epoch  48 | Train Loss: 0.3147 Acc: 0.8275 | Val Loss: 0.2615 Acc: 0.8539 F1: 0.6486 AUC: 0.9540
2026-07-18 23:08:44,350 - INFO - Epoch  49 | Train Loss: 0.3174 Acc: 0.8275 | Val Loss: 0.2612 Acc: 0.8483 F1: 0.6400 AUC: 0.9548
2026-07-18 23:09:37,249 - INFO - Epoch  50 | Train Loss: 0.3278 Acc: 0.8225 | Val Loss: 0.2595 Acc: 0.8483 F1: 0.6400 AUC: 0.9600
2026-07-18 23:09:40,214 - INFO - 
Run 5 Test Results:
2026-07-18 23:09:40,214 - INFO -   Accuracy: 0.3335, F1: 0.3421, AUC: 0.7528
2026-07-18 23:09:40,215 - WARNING - NOTE: one or more runs fell back to CPU after an out-of-memory error on the original device. All reported runs below are still valid results — the device only affects speed, not correctness — but if you need every run trained on the exact same device for reproducibility notes, rerun with --device cpu from the start.
2026-07-18 23:09:40,581 - INFO - 
Saved results to ./outputs/models_stage2/cross_market/hybrid_test_usa_zeroshot_localnorm/hybrid_stage2_results.csv
2026-07-18 23:09:40,581 - INFO - 
============================================================
2026-07-18 23:09:40,581 - INFO - SUMMARY OF ALL RUNS
2026-07-18 23:09:40,581 - INFO - ============================================================
2026-07-18 23:09:40,594 - INFO - test_acc: mean=0.4929 ± 0.1138
2026-07-18 23:09:40,595 - INFO - test_prec: mean=0.2341 ± 0.0307
2026-07-18 23:09:40,595 - INFO - test_rec: mean=0.7352 ± 0.1385
2026-07-18 23:09:40,595 - INFO - test_f1: mean=0.3493 ± 0.0210
2026-07-18 23:09:40,595 - INFO - test_auc: mean=0.6711 ± 0.0588
2026-07-18 23:09:40,689 - INFO - 
Best model saved to ./outputs/models_stage2/cross_market/hybrid_test_usa_zeroshot_localnorm/best_hybrid_stage2.pth
2026-07-18 23:09:42,177 - INFO - 
Plots and specifications saved to ./outputs/models_stage2/cross_market/hybrid_test_usa_zeroshot_localnorm/plots
2026-07-18 23:09:42,177 - INFO - Stage 2 training completed.
