2026-07-18 11:03:32,914 - INFO - ============================================================
2026-07-18 11:03:32,914 - INFO - Stage 2: HYBRID Training Started
2026-07-18 11:03:32,914 - INFO - ============================================================
2026-07-18 11:03:32,914 - INFO - Output directory: ./outputs/models_stage2/cross_market/hybrid_test_japan_zeroshot_localnorm
2026-07-18 11:03:32,914 - INFO - Log file: ./outputs/models_stage2/cross_market/hybrid_test_japan_zeroshot_localnorm/logs/hybrid_stage2.log
2026-07-18 11:03:32,914 - INFO - Model type: hybrid
2026-07-18 11:03:32,914 - INFO - Node features dir: ./outputs/node_features/fold_japan
2026-07-18 11:03:32,914 - INFO - LOCO mode: test_country = japan
2026-07-18 11:03:32,914 - INFO - Global norm: False
2026-07-18 11:03:32,914 - INFO - Fine-tune ratio: 0.0
2026-07-18 11:03:32,936 - INFO - Using device: mps (requested: --device auto)
2026-07-18 11:03:32,952 - INFO - Using hybrid features: 135 dim
2026-07-18 11:03:32,952 - INFO - Node feature shape after adjustment: torch.Size([3322, 135])
2026-07-18 11:03:32,952 - INFO - Graph size: 3322 nodes, 1254360 directed edge entries (density=0.1137)
2026-07-18 11:03:32,952 - WARNING - Large graph (1254360 edges). If running on --device mps and you hit an 'MPS backend out of memory' error, this script will automatically retry on CPU. You can also pass --device cpu directly to skip the failed MPS attempt.
2026-07-18 11:03:32,952 - INFO - ============================================================
2026-07-18 11:03:32,952 - INFO - LOCO mode: Building cross-market splits
2026-07-18 11:03:32,952 - INFO - ============================================================
2026-07-18 11:03:32,962 - INFO - Zero-Shot Cross-Market: No data from japan used in training.
2026-07-18 11:03:32,965 - INFO - Train: 1905, Val: 337, Test: 1080
2026-07-18 11:03:32,965 - INFO - Label distribution (train): 0=1544, 1=361
2026-07-18 11:03:32,965 - INFO - 
============================================================
Run 1/5 (device=mps)
============================================================
2026-07-18 11:03:33,010 - INFO - Using class weighting: class1 weight = 4.28
2026-07-18 11:03:52,564 - ERROR - Run 1: caught out-of-memory error on device 'mps': MPS backend out of memory (MPS allocated: 16.48 GiB, other allocations: 1.97 GiB, max allowed: 20.13 GiB). Tried to allocate 1.92 GiB on private pool. Use PYTORCH_MPS_HIGH_WATERMARK_RATIO=0.0 to disable upper limit for memory allocations (may cause system failure).
2026-07-18 11:03:52,592 - ERROR - Falling back to CPU for this run and all remaining runs (CPU has no hard memory ceiling like MPS/CUDA, just slower). You can avoid this delay next time by passing --device cpu directly.
2026-07-18 11:03:52,758 - INFO - 
============================================================
Run 1/5 (device=cpu)
============================================================
2026-07-18 11:03:53,167 - INFO - Using class weighting: class1 weight = 4.28
2026-07-18 11:04:35,247 - INFO - Epoch   1 | Train Loss: 0.6864 Acc: 0.7549 | Val Loss: 0.5110 Acc: 0.6795 F1: 0.5424 AUC: 0.9615
2026-07-18 11:05:14,139 - INFO - Epoch   2 | Train Loss: 0.5202 Acc: 0.6945 | Val Loss: 0.3454 Acc: 0.9525 F1: 0.8769 AUC: 0.9670
2026-07-18 11:05:51,091 - INFO - Epoch   3 | Train Loss: 0.3856 Acc: 0.9312 | Val Loss: 0.2431 Acc: 0.9644 F1: 0.9048 AUC: 0.9736
2026-07-18 11:06:26,937 - INFO - Epoch   4 | Train Loss: 0.2512 Acc: 0.9690 | Val Loss: 0.1851 Acc: 0.9644 F1: 0.9048 AUC: 0.9831
2026-07-18 11:07:06,100 - INFO - Epoch   5 | Train Loss: 0.1783 Acc: 0.9717 | Val Loss: 0.1507 Acc: 0.9763 F1: 0.9344 AUC: 0.9928
2026-07-18 11:07:41,019 - INFO - Epoch   6 | Train Loss: 0.1395 Acc: 0.9795 | Val Loss: 0.1212 Acc: 0.9703 F1: 0.9194 AUC: 0.9953
2026-07-18 11:08:11,182 - INFO - Epoch   7 | Train Loss: 0.1233 Acc: 0.9732 | Val Loss: 0.0973 Acc: 0.9733 F1: 0.9268 AUC: 0.9960
2026-07-18 11:08:41,550 - INFO - Epoch   8 | Train Loss: 0.0841 Acc: 0.9832 | Val Loss: 0.0789 Acc: 0.9792 F1: 0.9421 AUC: 0.9968
2026-07-18 11:09:15,173 - INFO - Epoch   9 | Train Loss: 0.0641 Acc: 0.9832 | Val Loss: 0.0594 Acc: 0.9703 F1: 0.9231 AUC: 0.9978
2026-07-18 11:09:47,881 - INFO - Epoch  10 | Train Loss: 0.0488 Acc: 0.9764 | Val Loss: 0.0465 Acc: 0.9763 F1: 0.9412 AUC: 0.9979
2026-07-18 11:10:21,027 - INFO - Epoch  11 | Train Loss: 0.0459 Acc: 0.9680 | Val Loss: 0.0416 Acc: 0.9763 F1: 0.9412 AUC: 0.9982
2026-07-18 11:10:54,967 - INFO - Epoch  12 | Train Loss: 0.0450 Acc: 0.9685 | Val Loss: 0.0401 Acc: 0.9763 F1: 0.9412 AUC: 0.9982
2026-07-18 11:11:30,418 - INFO - Epoch  13 | Train Loss: 0.0423 Acc: 0.9690 | Val Loss: 0.0429 Acc: 0.9763 F1: 0.9403 AUC: 0.9983
2026-07-18 11:12:09,315 - INFO - Epoch  14 | Train Loss: 0.0406 Acc: 0.9680 | Val Loss: 0.0509 Acc: 0.9792 F1: 0.9449 AUC: 0.9985
2026-07-18 11:12:40,420 - INFO - Epoch  15 | Train Loss: 0.0380 Acc: 0.9722 | Val Loss: 0.0573 Acc: 0.9822 F1: 0.9516 AUC: 0.9985
2026-07-18 11:13:10,359 - INFO - Epoch  16 | Train Loss: 0.0373 Acc: 0.9774 | Val Loss: 0.0545 Acc: 0.9763 F1: 0.9365 AUC: 0.9986
2026-07-18 11:13:43,148 - INFO - Epoch  17 | Train Loss: 0.0348 Acc: 0.9816 | Val Loss: 0.0448 Acc: 0.9822 F1: 0.9538 AUC: 0.9987
2026-07-18 11:14:14,476 - INFO - Epoch  18 | Train Loss: 0.0339 Acc: 0.9759 | Val Loss: 0.0395 Acc: 0.9792 F1: 0.9474 AUC: 0.9989
2026-07-18 11:14:49,712 - INFO - Epoch  19 | Train Loss: 0.0426 Acc: 0.9869 | Val Loss: 0.0348 Acc: 0.9792 F1: 0.9481 AUC: 0.9989
2026-07-18 11:15:19,707 - INFO - Epoch  20 | Train Loss: 0.0416 Acc: 0.9680 | Val Loss: 0.0346 Acc: 0.9792 F1: 0.9481 AUC: 0.9989
2026-07-18 11:15:52,931 - INFO - Epoch  21 | Train Loss: 0.0402 Acc: 0.9685 | Val Loss: 0.0353 Acc: 0.9763 F1: 0.9403 AUC: 0.9989
2026-07-18 11:16:23,913 - INFO - Epoch  22 | Train Loss: 0.0334 Acc: 0.9706 | Val Loss: 0.0461 Acc: 0.9792 F1: 0.9449 AUC: 0.9989
2026-07-18 11:17:05,271 - INFO - Epoch  23 | Train Loss: 0.0281 Acc: 0.9816 | Val Loss: 0.0651 Acc: 0.9822 F1: 0.9516 AUC: 0.9989
2026-07-18 11:17:42,732 - INFO - Epoch  24 | Train Loss: 0.0353 Acc: 0.9869 | Val Loss: 0.0701 Acc: 0.9852 F1: 0.9593 AUC: 0.9989
2026-07-18 11:18:27,278 - INFO - Epoch  25 | Train Loss: 0.0355 Acc: 0.9885 | Val Loss: 0.0592 Acc: 0.9822 F1: 0.9524 AUC: 0.9989
2026-07-18 11:19:03,208 - INFO - Epoch  26 | Train Loss: 0.0322 Acc: 0.9879 | Val Loss: 0.0454 Acc: 0.9822 F1: 0.9531 AUC: 0.9990
2026-07-18 11:19:39,908 - INFO - Epoch  27 | Train Loss: 0.0285 Acc: 0.9843 | Val Loss: 0.0416 Acc: 0.9852 F1: 0.9612 AUC: 0.9990
2026-07-18 11:20:35,702 - INFO - Epoch  28 | Train Loss: 0.0291 Acc: 0.9785 | Val Loss: 0.0401 Acc: 0.9822 F1: 0.9538 AUC: 0.9990
2026-07-18 11:21:24,767 - INFO - Epoch  29 | Train Loss: 0.0285 Acc: 0.9811 | Val Loss: 0.0399 Acc: 0.9822 F1: 0.9538 AUC: 0.9990
2026-07-18 11:22:06,372 - INFO - Epoch  30 | Train Loss: 0.0281 Acc: 0.9811 | Val Loss: 0.0403 Acc: 0.9822 F1: 0.9538 AUC: 0.9990
2026-07-18 11:22:59,133 - INFO - Epoch  31 | Train Loss: 0.0270 Acc: 0.9832 | Val Loss: 0.0415 Acc: 0.9852 F1: 0.9612 AUC: 0.9990
2026-07-18 11:23:52,122 - INFO - Epoch  32 | Train Loss: 0.0274 Acc: 0.9848 | Val Loss: 0.0434 Acc: 0.9852 F1: 0.9612 AUC: 0.9990
2026-07-18 11:24:41,744 - INFO - Epoch  33 | Train Loss: 0.0269 Acc: 0.9858 | Val Loss: 0.0442 Acc: 0.9852 F1: 0.9612 AUC: 0.9990
2026-07-18 11:25:29,512 - INFO - Epoch  34 | Train Loss: 0.0254 Acc: 0.9848 | Val Loss: 0.0451 Acc: 0.9852 F1: 0.9612 AUC: 0.9990
2026-07-18 11:26:15,410 - INFO - Epoch  35 | Train Loss: 0.0266 Acc: 0.9864 | Val Loss: 0.0460 Acc: 0.9852 F1: 0.9612 AUC: 0.9990
2026-07-18 11:27:06,048 - INFO - Epoch  36 | Train Loss: 0.0260 Acc: 0.9869 | Val Loss: 0.0467 Acc: 0.9822 F1: 0.9531 AUC: 0.9990
2026-07-18 11:28:20,710 - INFO - Epoch  37 | Train Loss: 0.0283 Acc: 0.9843 | Val Loss: 0.0472 Acc: 0.9822 F1: 0.9531 AUC: 0.9990
2026-07-18 11:29:27,837 - INFO - Epoch  38 | Train Loss: 0.0265 Acc: 0.9827 | Val Loss: 0.0478 Acc: 0.9822 F1: 0.9531 AUC: 0.9990
2026-07-18 11:30:31,982 - INFO - Epoch  39 | Train Loss: 0.0303 Acc: 0.9890 | Val Loss: 0.0476 Acc: 0.9822 F1: 0.9531 AUC: 0.9990
2026-07-18 11:31:31,514 - INFO - Epoch  40 | Train Loss: 0.0233 Acc: 0.9885 | Val Loss: 0.0473 Acc: 0.9822 F1: 0.9531 AUC: 0.9990
2026-07-18 11:32:31,199 - INFO - Epoch  41 | Train Loss: 0.0258 Acc: 0.9879 | Val Loss: 0.0468 Acc: 0.9822 F1: 0.9531 AUC: 0.9990
2026-07-18 11:33:27,604 - INFO - Epoch  42 | Train Loss: 0.0259 Acc: 0.9890 | Val Loss: 0.0462 Acc: 0.9852 F1: 0.9612 AUC: 0.9990
2026-07-18 11:33:27,605 - INFO - Early stopping at epoch 42
2026-07-18 11:33:30,769 - INFO - 
Run 1 Test Results:
2026-07-18 11:33:30,770 - INFO -   Accuracy: 0.2852, F1: 0.1326, AUC: 0.3027
2026-07-18 11:33:30,770 - INFO - 
============================================================
Run 2/5 (device=cpu)
============================================================
2026-07-18 11:33:30,884 - INFO - Using class weighting: class1 weight = 4.28
2026-07-18 11:34:30,756 - INFO - Epoch   1 | Train Loss: 0.7585 Acc: 0.7958 | Val Loss: 0.6164 Acc: 0.8783 F1: 0.7211 AUC: 0.9216
2026-07-18 11:35:28,698 - INFO - Epoch   2 | Train Loss: 0.6263 Acc: 0.8514 | Val Loss: 0.5234 Acc: 0.8546 F1: 0.6957 AUC: 0.9343
2026-07-18 11:36:18,972 - INFO - Epoch   3 | Train Loss: 0.5495 Acc: 0.8299 | Val Loss: 0.4425 Acc: 0.8576 F1: 0.7000 AUC: 0.9382
2026-07-18 11:37:33,877 - INFO - Epoch   4 | Train Loss: 0.4706 Acc: 0.8409 | Val Loss: 0.3696 Acc: 0.8576 F1: 0.7037 AUC: 0.9407
2026-07-18 11:38:51,734 - INFO - Epoch   5 | Train Loss: 0.3987 Acc: 0.8577 | Val Loss: 0.3184 Acc: 0.8724 F1: 0.7226 AUC: 0.9431
2026-07-18 11:39:42,534 - INFO - Epoch   6 | Train Loss: 0.3509 Acc: 0.8777 | Val Loss: 0.2704 Acc: 0.8783 F1: 0.7320 AUC: 0.9495
2026-07-18 11:40:46,236 - INFO - Epoch   7 | Train Loss: 0.3012 Acc: 0.8955 | Val Loss: 0.2290 Acc: 0.9228 F1: 0.8116 AUC: 0.9637
2026-07-18 11:41:31,548 - INFO - Epoch   8 | Train Loss: 0.2471 Acc: 0.9239 | Val Loss: 0.2027 Acc: 0.9644 F1: 0.9048 AUC: 0.9734
2026-07-18 11:42:22,512 - INFO - Epoch   9 | Train Loss: 0.2140 Acc: 0.9438 | Val Loss: 0.1775 Acc: 0.9644 F1: 0.9048 AUC: 0.9793
2026-07-18 11:43:27,890 - INFO - Epoch  10 | Train Loss: 0.1840 Acc: 0.9606 | Val Loss: 0.1586 Acc: 0.9763 F1: 0.9344 AUC: 0.9851
2026-07-18 11:44:15,852 - INFO - Epoch  11 | Train Loss: 0.1729 Acc: 0.9669 | Val Loss: 0.1478 Acc: 0.9733 F1: 0.9268 AUC: 0.9878
2026-07-18 11:45:17,854 - INFO - Epoch  12 | Train Loss: 0.1310 Acc: 0.9764 | Val Loss: 0.1307 Acc: 0.9733 F1: 0.9268 AUC: 0.9922
2026-07-18 11:46:16,513 - INFO - Epoch  13 | Train Loss: 0.1213 Acc: 0.9780 | Val Loss: 0.1175 Acc: 0.9703 F1: 0.9194 AUC: 0.9932
2026-07-18 11:47:15,841 - INFO - Epoch  14 | Train Loss: 0.0955 Acc: 0.9790 | Val Loss: 0.1044 Acc: 0.9733 F1: 0.9268 AUC: 0.9951
2026-07-18 11:48:18,874 - INFO - Epoch  15 | Train Loss: 0.0828 Acc: 0.9785 | Val Loss: 0.0868 Acc: 0.9674 F1: 0.9120 AUC: 0.9962
2026-07-18 11:49:27,675 - INFO - Epoch  16 | Train Loss: 0.0734 Acc: 0.9780 | Val Loss: 0.0722 Acc: 0.9674 F1: 0.9185 AUC: 0.9969
2026-07-18 11:50:49,021 - INFO - Epoch  17 | Train Loss: 0.0717 Acc: 0.9759 | Val Loss: 0.0649 Acc: 0.9733 F1: 0.9343 AUC: 0.9969
2026-07-18 11:51:41,031 - INFO - Epoch  18 | Train Loss: 0.0691 Acc: 0.9701 | Val Loss: 0.0599 Acc: 0.9733 F1: 0.9343 AUC: 0.9970
2026-07-18 11:52:34,032 - INFO - Epoch  19 | Train Loss: 0.0578 Acc: 0.9675 | Val Loss: 0.0562 Acc: 0.9733 F1: 0.9343 AUC: 0.9973
2026-07-18 11:53:37,463 - INFO - Epoch  20 | Train Loss: 0.0530 Acc: 0.9732 | Val Loss: 0.0526 Acc: 0.9733 F1: 0.9343 AUC: 0.9974
2026-07-18 11:54:34,704 - INFO - Epoch  21 | Train Loss: 0.0480 Acc: 0.9722 | Val Loss: 0.0524 Acc: 0.9703 F1: 0.9265 AUC: 0.9975
2026-07-18 11:55:33,466 - INFO - Epoch  22 | Train Loss: 0.0478 Acc: 0.9748 | Val Loss: 0.0534 Acc: 0.9674 F1: 0.9185 AUC: 0.9977
2026-07-18 11:56:18,015 - INFO - Epoch  23 | Train Loss: 0.0488 Acc: 0.9748 | Val Loss: 0.0513 Acc: 0.9703 F1: 0.9254 AUC: 0.9977
2026-07-18 11:57:08,535 - INFO - Epoch  24 | Train Loss: 0.0444 Acc: 0.9785 | Val Loss: 0.0493 Acc: 0.9703 F1: 0.9254 AUC: 0.9978
2026-07-18 11:57:51,693 - INFO - Epoch  25 | Train Loss: 0.0467 Acc: 0.9738 | Val Loss: 0.0467 Acc: 0.9733 F1: 0.9333 AUC: 0.9979
2026-07-18 11:57:51,695 - INFO - Early stopping at epoch 25
2026-07-18 11:57:54,749 - INFO - 
Run 2 Test Results:
2026-07-18 11:57:54,749 - INFO -   Accuracy: 0.7380, F1: 0.1073, AUC: 0.3616
2026-07-18 11:57:54,749 - INFO - 
============================================================
Run 3/5 (device=cpu)
============================================================
2026-07-18 11:57:54,814 - INFO - Using class weighting: class1 weight = 4.28
2026-07-18 11:58:37,948 - INFO - Epoch   1 | Train Loss: 0.7147 Acc: 0.2730 | Val Loss: 0.6392 Acc: 0.2255 F1: 0.3256 AUC: 0.9570
2026-07-18 11:59:28,413 - INFO - Epoch   2 | Train Loss: 0.6453 Acc: 0.3937 | Val Loss: 0.5760 Acc: 0.5935 F1: 0.4542 AUC: 0.9186
2026-07-18 12:00:14,780 - INFO - Epoch   3 | Train Loss: 0.5978 Acc: 0.6588 | Val Loss: 0.4992 Acc: 0.8398 F1: 0.6747 AUC: 0.9263
2026-07-18 12:01:06,079 - INFO - Epoch   4 | Train Loss: 0.5283 Acc: 0.8021 | Val Loss: 0.4305 Acc: 0.8576 F1: 0.7000 AUC: 0.9336
2026-07-18 12:01:51,643 - INFO - Epoch   5 | Train Loss: 0.4780 Acc: 0.8478 | Val Loss: 0.3824 Acc: 0.8694 F1: 0.7143 AUC: 0.9303
2026-07-18 12:02:37,065 - INFO - Epoch   6 | Train Loss: 0.4366 Acc: 0.8583 | Val Loss: 0.3253 Acc: 0.8724 F1: 0.7226 AUC: 0.9373
2026-07-18 12:03:20,070 - INFO - Epoch   7 | Train Loss: 0.3886 Acc: 0.8693 | Val Loss: 0.2779 Acc: 0.8754 F1: 0.7273 AUC: 0.9469
2026-07-18 12:04:05,666 - INFO - Epoch   8 | Train Loss: 0.3170 Acc: 0.8861 | Val Loss: 0.2388 Acc: 0.9139 F1: 0.7943 AUC: 0.9593
2026-07-18 12:05:08,184 - INFO - Epoch   9 | Train Loss: 0.2550 Acc: 0.8982 | Val Loss: 0.2105 Acc: 0.9555 F1: 0.8837 AUC: 0.9666
2026-07-18 12:06:06,579 - INFO - Epoch  10 | Train Loss: 0.2065 Acc: 0.9417 | Val Loss: 0.1759 Acc: 0.9525 F1: 0.8769 AUC: 0.9788
2026-07-18 12:06:56,369 - INFO - Epoch  11 | Train Loss: 0.1600 Acc: 0.9638 | Val Loss: 0.1517 Acc: 0.9644 F1: 0.9048 AUC: 0.9880
2026-07-18 12:07:49,636 - INFO - Epoch  12 | Train Loss: 0.1332 Acc: 0.9680 | Val Loss: 0.1178 Acc: 0.9674 F1: 0.9120 AUC: 0.9934
2026-07-18 12:08:41,401 - INFO - Epoch  13 | Train Loss: 0.0983 Acc: 0.9748 | Val Loss: 0.0941 Acc: 0.9644 F1: 0.9048 AUC: 0.9954
2026-07-18 12:09:40,047 - INFO - Epoch  14 | Train Loss: 0.0821 Acc: 0.9759 | Val Loss: 0.0713 Acc: 0.9644 F1: 0.9130 AUC: 0.9962
2026-07-18 12:10:36,249 - INFO - Epoch  15 | Train Loss: 0.0638 Acc: 0.9748 | Val Loss: 0.0650 Acc: 0.9644 F1: 0.9130 AUC: 0.9970
2026-07-18 12:11:23,327 - INFO - Epoch  16 | Train Loss: 0.0595 Acc: 0.9690 | Val Loss: 0.0559 Acc: 0.9703 F1: 0.9265 AUC: 0.9975
2026-07-18 12:12:12,837 - INFO - Epoch  17 | Train Loss: 0.0524 Acc: 0.9753 | Val Loss: 0.0468 Acc: 0.9703 F1: 0.9275 AUC: 0.9981
2026-07-18 12:13:02,080 - INFO - Epoch  18 | Train Loss: 0.0509 Acc: 0.9669 | Val Loss: 0.0429 Acc: 0.9733 F1: 0.9343 AUC: 0.9982
2026-07-18 12:13:58,465 - INFO - Epoch  19 | Train Loss: 0.0484 Acc: 0.9706 | Val Loss: 0.0413 Acc: 0.9792 F1: 0.9481 AUC: 0.9985
2026-07-18 12:14:52,221 - INFO - Epoch  20 | Train Loss: 0.0452 Acc: 0.9748 | Val Loss: 0.0404 Acc: 0.9792 F1: 0.9481 AUC: 0.9986
2026-07-18 12:15:56,283 - INFO - Epoch  21 | Train Loss: 0.0399 Acc: 0.9785 | Val Loss: 0.0386 Acc: 0.9792 F1: 0.9481 AUC: 0.9987
2026-07-18 12:16:51,467 - INFO - Epoch  22 | Train Loss: 0.0444 Acc: 0.9774 | Val Loss: 0.0381 Acc: 0.9792 F1: 0.9481 AUC: 0.9988
2026-07-18 12:17:50,865 - INFO - Epoch  23 | Train Loss: 0.0372 Acc: 0.9717 | Val Loss: 0.0377 Acc: 0.9792 F1: 0.9481 AUC: 0.9989
2026-07-18 12:18:39,821 - INFO - Epoch  24 | Train Loss: 0.0407 Acc: 0.9795 | Val Loss: 0.0384 Acc: 0.9733 F1: 0.9323 AUC: 0.9989
2026-07-18 12:19:39,554 - INFO - Epoch  25 | Train Loss: 0.0388 Acc: 0.9801 | Val Loss: 0.0366 Acc: 0.9792 F1: 0.9481 AUC: 0.9990
2026-07-18 12:20:34,206 - INFO - Epoch  26 | Train Loss: 0.0381 Acc: 0.9790 | Val Loss: 0.0368 Acc: 0.9792 F1: 0.9481 AUC: 0.9990
2026-07-18 12:21:33,264 - INFO - Epoch  27 | Train Loss: 0.0411 Acc: 0.9732 | Val Loss: 0.0373 Acc: 0.9792 F1: 0.9481 AUC: 0.9989
2026-07-18 12:22:27,960 - INFO - Epoch  28 | Train Loss: 0.0411 Acc: 0.9738 | Val Loss: 0.0356 Acc: 0.9792 F1: 0.9481 AUC: 0.9989
2026-07-18 12:23:33,777 - INFO - Epoch  29 | Train Loss: 0.0342 Acc: 0.9780 | Val Loss: 0.0407 Acc: 0.9822 F1: 0.9538 AUC: 0.9990
2026-07-18 12:24:33,277 - INFO - Epoch  30 | Train Loss: 0.0348 Acc: 0.9885 | Val Loss: 0.0446 Acc: 0.9822 F1: 0.9538 AUC: 0.9989
2026-07-18 12:25:35,522 - INFO - Epoch  31 | Train Loss: 0.0369 Acc: 0.9864 | Val Loss: 0.0375 Acc: 0.9822 F1: 0.9538 AUC: 0.9989
2026-07-18 12:26:33,260 - INFO - Epoch  32 | Train Loss: 0.0337 Acc: 0.9827 | Val Loss: 0.0349 Acc: 0.9792 F1: 0.9481 AUC: 0.9990
2026-07-18 12:27:28,413 - INFO - Epoch  33 | Train Loss: 0.0341 Acc: 0.9769 | Val Loss: 0.0362 Acc: 0.9792 F1: 0.9481 AUC: 0.9990
2026-07-18 12:28:21,328 - INFO - Epoch  34 | Train Loss: 0.0316 Acc: 0.9780 | Val Loss: 0.0347 Acc: 0.9822 F1: 0.9552 AUC: 0.9990
2026-07-18 12:29:45,762 - INFO - Epoch  35 | Train Loss: 0.0284 Acc: 0.9837 | Val Loss: 0.0368 Acc: 0.9822 F1: 0.9538 AUC: 0.9990
2026-07-18 12:30:50,204 - INFO - Epoch  36 | Train Loss: 0.0310 Acc: 0.9843 | Val Loss: 0.0385 Acc: 0.9822 F1: 0.9538 AUC: 0.9990
2026-07-18 12:31:57,190 - INFO - Epoch  37 | Train Loss: 0.0295 Acc: 0.9858 | Val Loss: 0.0378 Acc: 0.9822 F1: 0.9538 AUC: 0.9990
2026-07-18 12:32:53,066 - INFO - Epoch  38 | Train Loss: 0.0302 Acc: 0.9879 | Val Loss: 0.0362 Acc: 0.9822 F1: 0.9538 AUC: 0.9990
2026-07-18 12:33:43,999 - INFO - Epoch  39 | Train Loss: 0.0253 Acc: 0.9837 | Val Loss: 0.0361 Acc: 0.9822 F1: 0.9538 AUC: 0.9990
2026-07-18 12:34:47,429 - INFO - Epoch  40 | Train Loss: 0.0307 Acc: 0.9811 | Val Loss: 0.0363 Acc: 0.9822 F1: 0.9538 AUC: 0.9990
2026-07-18 12:35:37,525 - INFO - Epoch  41 | Train Loss: 0.0276 Acc: 0.9816 | Val Loss: 0.0368 Acc: 0.9822 F1: 0.9538 AUC: 0.9990
2026-07-18 12:36:25,498 - INFO - Epoch  42 | Train Loss: 0.0272 Acc: 0.9858 | Val Loss: 0.0374 Acc: 0.9822 F1: 0.9538 AUC: 0.9991
2026-07-18 12:37:17,719 - INFO - Epoch  43 | Train Loss: 0.0277 Acc: 0.9848 | Val Loss: 0.0384 Acc: 0.9822 F1: 0.9538 AUC: 0.9991
2026-07-18 12:38:03,465 - INFO - Epoch  44 | Train Loss: 0.0255 Acc: 0.9874 | Val Loss: 0.0390 Acc: 0.9822 F1: 0.9538 AUC: 0.9991
2026-07-18 12:38:49,626 - INFO - Epoch  45 | Train Loss: 0.0246 Acc: 0.9869 | Val Loss: 0.0393 Acc: 0.9822 F1: 0.9538 AUC: 0.9991
2026-07-18 12:39:42,277 - INFO - Epoch  46 | Train Loss: 0.0208 Acc: 0.9874 | Val Loss: 0.0403 Acc: 0.9822 F1: 0.9538 AUC: 0.9991
2026-07-18 12:40:30,306 - INFO - Epoch  47 | Train Loss: 0.0245 Acc: 0.9874 | Val Loss: 0.0405 Acc: 0.9822 F1: 0.9538 AUC: 0.9991
2026-07-18 12:41:22,833 - INFO - Epoch  48 | Train Loss: 0.0299 Acc: 0.9900 | Val Loss: 0.0389 Acc: 0.9822 F1: 0.9538 AUC: 0.9991
2026-07-18 12:42:16,732 - INFO - Epoch  49 | Train Loss: 0.0253 Acc: 0.9890 | Val Loss: 0.0376 Acc: 0.9822 F1: 0.9538 AUC: 0.9991
2026-07-18 12:42:16,738 - INFO - Early stopping at epoch 49
2026-07-18 12:42:20,280 - INFO - 
Run 3 Test Results:
2026-07-18 12:42:20,280 - INFO -   Accuracy: 0.5852, F1: 0.1250, AUC: 0.4216
2026-07-18 12:42:20,280 - INFO - 
============================================================
Run 4/5 (device=cpu)
============================================================
2026-07-18 12:42:20,348 - INFO - Using class weighting: class1 weight = 4.28
2026-07-18 12:43:08,893 - INFO - Epoch   1 | Train Loss: 0.6961 Acc: 0.2199 | Val Loss: 0.5448 Acc: 0.4955 F1: 0.4295 AUC: 0.9622
2026-07-18 12:43:55,961 - INFO - Epoch   2 | Train Loss: 0.5712 Acc: 0.5312 | Val Loss: 0.3803 Acc: 0.8457 F1: 0.6867 AUC: 0.9674
2026-07-18 12:44:42,657 - INFO - Epoch   3 | Train Loss: 0.4124 Acc: 0.8520 | Val Loss: 0.2483 Acc: 0.9525 F1: 0.8769 AUC: 0.9611
2026-07-18 12:45:35,576 - INFO - Epoch   4 | Train Loss: 0.2689 Acc: 0.9423 | Val Loss: 0.1959 Acc: 0.9585 F1: 0.8906 AUC: 0.9694
2026-07-18 12:46:24,062 - INFO - Epoch   5 | Train Loss: 0.1820 Acc: 0.9675 | Val Loss: 0.1574 Acc: 0.9674 F1: 0.9120 AUC: 0.9883
2026-07-18 12:47:14,026 - INFO - Epoch   6 | Train Loss: 0.1419 Acc: 0.9774 | Val Loss: 0.1136 Acc: 0.9703 F1: 0.9194 AUC: 0.9962
2026-07-18 12:48:08,764 - INFO - Epoch   7 | Train Loss: 0.1049 Acc: 0.9811 | Val Loss: 0.0840 Acc: 0.9644 F1: 0.9048 AUC: 0.9967
2026-07-18 12:48:53,537 - INFO - Epoch   8 | Train Loss: 0.0814 Acc: 0.9790 | Val Loss: 0.0659 Acc: 0.9674 F1: 0.9197 AUC: 0.9971
2026-07-18 12:49:40,509 - INFO - Epoch   9 | Train Loss: 0.0630 Acc: 0.9696 | Val Loss: 0.0545 Acc: 0.9703 F1: 0.9275 AUC: 0.9978
2026-07-18 12:50:31,840 - INFO - Epoch  10 | Train Loss: 0.0549 Acc: 0.9685 | Val Loss: 0.0486 Acc: 0.9733 F1: 0.9343 AUC: 0.9980
2026-07-18 12:51:17,234 - INFO - Epoch  11 | Train Loss: 0.0532 Acc: 0.9654 | Val Loss: 0.0447 Acc: 0.9733 F1: 0.9343 AUC: 0.9982
2026-07-18 12:52:11,970 - INFO - Epoch  12 | Train Loss: 0.0447 Acc: 0.9685 | Val Loss: 0.0434 Acc: 0.9763 F1: 0.9412 AUC: 0.9983
2026-07-18 12:53:01,184 - INFO - Epoch  13 | Train Loss: 0.0418 Acc: 0.9711 | Val Loss: 0.0445 Acc: 0.9792 F1: 0.9474 AUC: 0.9983
2026-07-18 12:53:44,811 - INFO - Epoch  14 | Train Loss: 0.0406 Acc: 0.9759 | Val Loss: 0.0416 Acc: 0.9763 F1: 0.9403 AUC: 0.9984
2026-07-18 12:54:29,425 - INFO - Epoch  15 | Train Loss: 0.0375 Acc: 0.9769 | Val Loss: 0.0387 Acc: 0.9763 F1: 0.9403 AUC: 0.9985
2026-07-18 12:55:13,607 - INFO - Epoch  16 | Train Loss: 0.0349 Acc: 0.9806 | Val Loss: 0.0363 Acc: 0.9763 F1: 0.9412 AUC: 0.9987
2026-07-18 12:56:03,517 - INFO - Epoch  17 | Train Loss: 0.0369 Acc: 0.9711 | Val Loss: 0.0360 Acc: 0.9792 F1: 0.9481 AUC: 0.9987
2026-07-18 12:56:59,321 - INFO - Epoch  18 | Train Loss: 0.0361 Acc: 0.9722 | Val Loss: 0.0409 Acc: 0.9763 F1: 0.9394 AUC: 0.9987
2026-07-18 12:57:51,843 - INFO - Epoch  19 | Train Loss: 0.0332 Acc: 0.9806 | Val Loss: 0.0500 Acc: 0.9822 F1: 0.9524 AUC: 0.9988
2026-07-18 12:58:41,946 - INFO - Epoch  20 | Train Loss: 0.0334 Acc: 0.9843 | Val Loss: 0.0509 Acc: 0.9822 F1: 0.9524 AUC: 0.9989
2026-07-18 12:59:30,926 - INFO - Epoch  21 | Train Loss: 0.0337 Acc: 0.9853 | Val Loss: 0.0419 Acc: 0.9852 F1: 0.9612 AUC: 0.9989
2026-07-18 13:00:19,221 - INFO - Epoch  22 | Train Loss: 0.0309 Acc: 0.9816 | Val Loss: 0.0354 Acc: 0.9792 F1: 0.9474 AUC: 0.9989
2026-07-18 13:01:06,117 - INFO - Epoch  23 | Train Loss: 0.0304 Acc: 0.9785 | Val Loss: 0.0343 Acc: 0.9763 F1: 0.9403 AUC: 0.9989
2026-07-18 13:01:57,372 - INFO - Epoch  24 | Train Loss: 0.0321 Acc: 0.9769 | Val Loss: 0.0346 Acc: 0.9792 F1: 0.9474 AUC: 0.9990
2026-07-18 13:02:45,103 - INFO - Epoch  25 | Train Loss: 0.0319 Acc: 0.9769 | Val Loss: 0.0377 Acc: 0.9822 F1: 0.9538 AUC: 0.9990
2026-07-18 13:03:33,587 - INFO - Epoch  26 | Train Loss: 0.0286 Acc: 0.9853 | Val Loss: 0.0425 Acc: 0.9852 F1: 0.9612 AUC: 0.9990
2026-07-18 13:04:22,440 - INFO - Epoch  27 | Train Loss: 0.0258 Acc: 0.9869 | Val Loss: 0.0486 Acc: 0.9822 F1: 0.9531 AUC: 0.9990
2026-07-18 13:05:12,559 - INFO - Epoch  28 | Train Loss: 0.0279 Acc: 0.9916 | Val Loss: 0.0465 Acc: 0.9852 F1: 0.9612 AUC: 0.9990
2026-07-18 13:05:59,106 - INFO - Epoch  29 | Train Loss: 0.0301 Acc: 0.9885 | Val Loss: 0.0398 Acc: 0.9852 F1: 0.9612 AUC: 0.9990
2026-07-18 13:06:45,220 - INFO - Epoch  30 | Train Loss: 0.0244 Acc: 0.9885 | Val Loss: 0.0381 Acc: 0.9822 F1: 0.9538 AUC: 0.9990
2026-07-18 13:07:32,557 - INFO - Epoch  31 | Train Loss: 0.0259 Acc: 0.9853 | Val Loss: 0.0379 Acc: 0.9822 F1: 0.9538 AUC: 0.9990
2026-07-18 13:08:16,109 - INFO - Epoch  32 | Train Loss: 0.0275 Acc: 0.9816 | Val Loss: 0.0395 Acc: 0.9852 F1: 0.9612 AUC: 0.9990
2026-07-18 13:09:07,186 - INFO - Epoch  33 | Train Loss: 0.0243 Acc: 0.9864 | Val Loss: 0.0421 Acc: 0.9852 F1: 0.9612 AUC: 0.9990
2026-07-18 13:09:51,869 - INFO - Epoch  34 | Train Loss: 0.0281 Acc: 0.9858 | Val Loss: 0.0433 Acc: 0.9852 F1: 0.9612 AUC: 0.9990
2026-07-18 13:10:59,240 - INFO - Epoch  35 | Train Loss: 0.0269 Acc: 0.9869 | Val Loss: 0.0439 Acc: 0.9852 F1: 0.9612 AUC: 0.9991
2026-07-18 13:11:47,322 - INFO - Epoch  36 | Train Loss: 0.0249 Acc: 0.9879 | Val Loss: 0.0439 Acc: 0.9852 F1: 0.9612 AUC: 0.9991
2026-07-18 13:11:47,325 - INFO - Early stopping at epoch 36
2026-07-18 13:11:50,167 - INFO - 
Run 4 Test Results:
2026-07-18 13:11:50,167 - INFO -   Accuracy: 0.4509, F1: 0.1029, AUC: 0.3625
2026-07-18 13:11:50,167 - INFO - 
============================================================
Run 5/5 (device=cpu)
============================================================
2026-07-18 13:11:50,228 - INFO - Using class weighting: class1 weight = 4.28
2026-07-18 13:12:36,069 - INFO - Epoch   1 | Train Loss: 0.6892 Acc: 0.2042 | Val Loss: 0.5747 Acc: 0.9347 F1: 0.8308 AUC: 0.9314
2026-07-18 13:13:19,703 - INFO - Epoch   2 | Train Loss: 0.5923 Acc: 0.8493 | Val Loss: 0.4491 Acc: 0.8457 F1: 0.6829 AUC: 0.9451
2026-07-18 13:14:06,786 - INFO - Epoch   3 | Train Loss: 0.4713 Acc: 0.8457 | Val Loss: 0.3410 Acc: 0.8754 F1: 0.7273 AUC: 0.9344
2026-07-18 13:14:56,857 - INFO - Epoch   4 | Train Loss: 0.3609 Acc: 0.8940 | Val Loss: 0.2670 Acc: 0.9466 F1: 0.8615 AUC: 0.9409
2026-07-18 13:15:40,647 - INFO - Epoch   5 | Train Loss: 0.2768 Acc: 0.9281 | Val Loss: 0.2163 Acc: 0.9703 F1: 0.9194 AUC: 0.9560
2026-07-18 13:16:38,753 - INFO - Epoch   6 | Train Loss: 0.2122 Acc: 0.9654 | Val Loss: 0.1822 Acc: 0.9733 F1: 0.9268 AUC: 0.9768
2026-07-18 13:17:44,533 - INFO - Epoch   7 | Train Loss: 0.1615 Acc: 0.9769 | Val Loss: 0.1586 Acc: 0.9733 F1: 0.9268 AUC: 0.9854
2026-07-18 13:18:33,303 - INFO - Epoch   8 | Train Loss: 0.1359 Acc: 0.9790 | Val Loss: 0.1260 Acc: 0.9703 F1: 0.9194 AUC: 0.9939
2026-07-18 13:19:39,576 - INFO - Epoch   9 | Train Loss: 0.1064 Acc: 0.9816 | Val Loss: 0.0987 Acc: 0.9733 F1: 0.9268 AUC: 0.9955
2026-07-18 13:20:26,329 - INFO - Epoch  10 | Train Loss: 0.0843 Acc: 0.9785 | Val Loss: 0.0714 Acc: 0.9644 F1: 0.9130 AUC: 0.9969
2026-07-18 13:21:11,892 - INFO - Epoch  11 | Train Loss: 0.0729 Acc: 0.9648 | Val Loss: 0.0668 Acc: 0.9703 F1: 0.9219 AUC: 0.9974
2026-07-18 13:22:03,069 - INFO - Epoch  12 | Train Loss: 0.0594 Acc: 0.9764 | Val Loss: 0.0637 Acc: 0.9674 F1: 0.9120 AUC: 0.9977
2026-07-18 13:22:53,046 - INFO - Epoch  13 | Train Loss: 0.0564 Acc: 0.9727 | Val Loss: 0.0495 Acc: 0.9733 F1: 0.9333 AUC: 0.9979
2026-07-18 13:23:42,976 - INFO - Epoch  14 | Train Loss: 0.0455 Acc: 0.9706 | Val Loss: 0.0443 Acc: 0.9763 F1: 0.9412 AUC: 0.9979
2026-07-18 13:24:37,106 - INFO - Epoch  15 | Train Loss: 0.0421 Acc: 0.9706 | Val Loss: 0.0459 Acc: 0.9763 F1: 0.9403 AUC: 0.9981
2026-07-18 13:25:24,892 - INFO - Epoch  16 | Train Loss: 0.0414 Acc: 0.9738 | Val Loss: 0.0448 Acc: 0.9763 F1: 0.9403 AUC: 0.9981
2026-07-18 13:26:14,038 - INFO - Epoch  17 | Train Loss: 0.0370 Acc: 0.9811 | Val Loss: 0.0415 Acc: 0.9763 F1: 0.9403 AUC: 0.9981
2026-07-18 13:26:59,262 - INFO - Epoch  18 | Train Loss: 0.0392 Acc: 0.9743 | Val Loss: 0.0424 Acc: 0.9763 F1: 0.9403 AUC: 0.9982
2026-07-18 13:27:47,307 - INFO - Epoch  19 | Train Loss: 0.0386 Acc: 0.9722 | Val Loss: 0.0404 Acc: 0.9763 F1: 0.9403 AUC: 0.9983
2026-07-18 13:28:37,002 - INFO - Epoch  20 | Train Loss: 0.0353 Acc: 0.9769 | Val Loss: 0.0376 Acc: 0.9792 F1: 0.9481 AUC: 0.9985
2026-07-18 13:29:25,307 - INFO - Epoch  21 | Train Loss: 0.0347 Acc: 0.9727 | Val Loss: 0.0458 Acc: 0.9763 F1: 0.9394 AUC: 0.9986
2026-07-18 13:30:15,650 - INFO - Epoch  22 | Train Loss: 0.0360 Acc: 0.9816 | Val Loss: 0.0440 Acc: 0.9763 F1: 0.9394 AUC: 0.9987
2026-07-18 13:30:59,515 - INFO - Epoch  23 | Train Loss: 0.0378 Acc: 0.9811 | Val Loss: 0.0365 Acc: 0.9792 F1: 0.9481 AUC: 0.9987
2026-07-18 13:31:47,749 - INFO - Epoch  24 | Train Loss: 0.0326 Acc: 0.9743 | Val Loss: 0.0361 Acc: 0.9792 F1: 0.9481 AUC: 0.9988
2026-07-18 13:32:34,525 - INFO - Epoch  25 | Train Loss: 0.0357 Acc: 0.9738 | Val Loss: 0.0467 Acc: 0.9822 F1: 0.9538 AUC: 0.9988
2026-07-18 13:33:20,831 - INFO - Epoch  26 | Train Loss: 0.0368 Acc: 0.9864 | Val Loss: 0.0455 Acc: 0.9822 F1: 0.9538 AUC: 0.9988
2026-07-18 13:34:22,955 - INFO - Epoch  27 | Train Loss: 0.0331 Acc: 0.9832 | Val Loss: 0.0378 Acc: 0.9763 F1: 0.9394 AUC: 0.9989
2026-07-18 13:35:12,537 - INFO - Epoch  28 | Train Loss: 0.0313 Acc: 0.9785 | Val Loss: 0.0363 Acc: 0.9763 F1: 0.9403 AUC: 0.9989
2026-07-18 13:36:03,474 - INFO - Epoch  29 | Train Loss: 0.0314 Acc: 0.9759 | Val Loss: 0.0384 Acc: 0.9763 F1: 0.9394 AUC: 0.9989
2026-07-18 13:36:52,746 - INFO - Epoch  30 | Train Loss: 0.0312 Acc: 0.9827 | Val Loss: 0.0432 Acc: 0.9822 F1: 0.9538 AUC: 0.9989
2026-07-18 13:37:40,776 - INFO - Epoch  31 | Train Loss: 0.0287 Acc: 0.9827 | Val Loss: 0.0455 Acc: 0.9852 F1: 0.9612 AUC: 0.9989
2026-07-18 13:38:26,879 - INFO - Epoch  32 | Train Loss: 0.0328 Acc: 0.9858 | Val Loss: 0.0430 Acc: 0.9822 F1: 0.9538 AUC: 0.9989
2026-07-18 13:39:13,810 - INFO - Epoch  33 | Train Loss: 0.0308 Acc: 0.9801 | Val Loss: 0.0401 Acc: 0.9822 F1: 0.9538 AUC: 0.9989
2026-07-18 13:39:59,693 - INFO - Epoch  34 | Train Loss: 0.0365 Acc: 0.9816 | Val Loss: 0.0359 Acc: 0.9763 F1: 0.9394 AUC: 0.9989
2026-07-18 13:40:45,536 - INFO - Epoch  35 | Train Loss: 0.0306 Acc: 0.9827 | Val Loss: 0.0346 Acc: 0.9763 F1: 0.9403 AUC: 0.9989
2026-07-18 13:41:31,687 - INFO - Epoch  36 | Train Loss: 0.0306 Acc: 0.9764 | Val Loss: 0.0349 Acc: 0.9792 F1: 0.9474 AUC: 0.9989
2026-07-18 13:42:17,922 - INFO - Epoch  37 | Train Loss: 0.0310 Acc: 0.9795 | Val Loss: 0.0362 Acc: 0.9822 F1: 0.9538 AUC: 0.9989
2026-07-18 13:43:10,018 - INFO - Epoch  38 | Train Loss: 0.0286 Acc: 0.9848 | Val Loss: 0.0374 Acc: 0.9822 F1: 0.9538 AUC: 0.9989
2026-07-18 13:43:54,065 - INFO - Epoch  39 | Train Loss: 0.0288 Acc: 0.9843 | Val Loss: 0.0381 Acc: 0.9822 F1: 0.9538 AUC: 0.9989
2026-07-18 13:44:41,415 - INFO - Epoch  40 | Train Loss: 0.0300 Acc: 0.9832 | Val Loss: 0.0380 Acc: 0.9822 F1: 0.9538 AUC: 0.9989
2026-07-18 13:45:51,997 - INFO - Epoch  41 | Train Loss: 0.0261 Acc: 0.9864 | Val Loss: 0.0377 Acc: 0.9822 F1: 0.9538 AUC: 0.9989
2026-07-18 13:46:46,338 - INFO - Epoch  42 | Train Loss: 0.0286 Acc: 0.9853 | Val Loss: 0.0370 Acc: 0.9822 F1: 0.9538 AUC: 0.9989
2026-07-18 13:48:31,168 - INFO - Epoch  43 | Train Loss: 0.0266 Acc: 0.9858 | Val Loss: 0.0366 Acc: 0.9822 F1: 0.9538 AUC: 0.9989
2026-07-18 13:49:21,249 - INFO - Epoch  44 | Train Loss: 0.0296 Acc: 0.9832 | Val Loss: 0.0364 Acc: 0.9822 F1: 0.9538 AUC: 0.9989
2026-07-18 13:50:09,010 - INFO - Epoch  45 | Train Loss: 0.0298 Acc: 0.9853 | Val Loss: 0.0369 Acc: 0.9822 F1: 0.9538 AUC: 0.9989
2026-07-18 13:51:13,906 - INFO - Epoch  46 | Train Loss: 0.0267 Acc: 0.9832 | Val Loss: 0.0376 Acc: 0.9822 F1: 0.9538 AUC: 0.9989
2026-07-18 13:51:13,914 - INFO - Early stopping at epoch 46
2026-07-18 13:51:23,549 - INFO - 
Run 5 Test Results:
2026-07-18 13:51:23,549 - INFO -   Accuracy: 0.3426, F1: 0.2094, AUC: 0.5220
2026-07-18 13:51:23,553 - WARNING - NOTE: one or more runs fell back to CPU after an out-of-memory error on the original device. All reported runs below are still valid results — the device only affects speed, not correctness — but if you need every run trained on the exact same device for reproducibility notes, rerun with --device cpu from the start.
2026-07-18 13:51:23,876 - INFO - 
Saved results to ./outputs/models_stage2/cross_market/hybrid_test_japan_zeroshot_localnorm/hybrid_stage2_results.csv
2026-07-18 13:51:23,876 - INFO - 
============================================================
2026-07-18 13:51:23,876 - INFO - SUMMARY OF ALL RUNS
2026-07-18 13:51:23,876 - INFO - ============================================================
2026-07-18 13:51:23,891 - INFO - test_acc: mean=0.4804 ± 0.1645
2026-07-18 13:51:23,891 - INFO - test_prec: mean=0.0863 ± 0.0193
2026-07-18 13:51:23,891 - INFO - test_rec: mean=0.3837 ± 0.2196
2026-07-18 13:51:23,891 - INFO - test_f1: mean=0.1354 ± 0.0386
2026-07-18 13:51:23,891 - INFO - test_auc: mean=0.3941 ± 0.0742
2026-07-18 13:51:23,948 - INFO - 
Best model saved to ./outputs/models_stage2/cross_market/hybrid_test_japan_zeroshot_localnorm/best_hybrid_stage2.pth
2026-07-18 13:51:25,219 - INFO - 
Plots and specifications saved to ./outputs/models_stage2/cross_market/hybrid_test_japan_zeroshot_localnorm/plots
2026-07-18 13:51:25,219 - INFO - Stage 2 training completed.
