2026-07-17 21:18:07,086 - INFO - ============================================================
2026-07-17 21:18:07,086 - INFO - Stage 2: HYBRID Training Started
2026-07-17 21:18:07,086 - INFO - ============================================================
2026-07-17 21:18:07,086 - INFO - Output directory: ./outputs/models_stage2/cross_market/test_brazil/hybrid_test_brazil_zeroshot_localnorm/cross_market/hybrid_test_brazil_zeroshot_localnorm
2026-07-17 21:18:07,086 - INFO - Log file: ./outputs/models_stage2/cross_market/test_brazil/hybrid_test_brazil_zeroshot_localnorm/cross_market/hybrid_test_brazil_zeroshot_localnorm/logs/hybrid_stage2.log
2026-07-17 21:18:07,086 - INFO - Model type: hybrid
2026-07-17 21:18:07,086 - INFO - Node features dir: ./outputs/node_features/fold_brazil
2026-07-17 21:18:07,086 - INFO - LOCO mode: test_country = brazil
2026-07-17 21:18:07,086 - INFO - Global norm: False
2026-07-17 21:18:07,086 - INFO - Fine-tune ratio: 0.0
2026-07-17 21:18:07,118 - INFO - Using device: mps (requested: --device auto)
2026-07-17 21:18:07,154 - INFO - Using hybrid features: 135 dim
2026-07-17 21:18:07,154 - INFO - Node feature shape after adjustment: torch.Size([3322, 135])
2026-07-17 21:18:07,155 - INFO - Graph size: 3322 nodes, 1254360 directed edge entries (density=0.1137)
2026-07-17 21:18:07,155 - WARNING - Large graph (1254360 edges). If running on --device mps and you hit an 'MPS backend out of memory' error, this script will automatically retry on CPU. You can also pass --device cpu directly to skip the failed MPS attempt.
2026-07-17 21:18:07,155 - INFO - ============================================================
2026-07-17 21:18:07,155 - INFO - LOCO mode: Building cross-market splits
2026-07-17 21:18:07,155 - INFO - ============================================================
2026-07-17 21:18:07,172 - INFO - Zero-Shot Cross-Market: No data from brazil used in training.
2026-07-17 21:18:07,184 - INFO - Train: 2737, Val: 484, Test: 101
2026-07-17 21:18:07,186 - INFO - Label distribution (train): 0=2299, 1=438
2026-07-17 21:18:07,186 - INFO - 
============================================================
Run 1/5 (device=mps)
============================================================
2026-07-17 21:18:07,264 - INFO - Using class weighting: class1 weight = 5.25
2026-07-17 21:18:30,199 - ERROR - Run 1: caught out-of-memory error on device 'mps': MPS backend out of memory (MPS allocated: 16.48 GiB, other allocations: 1.98 GiB, max allowed: 20.13 GiB). Tried to allocate 1.92 GiB on private pool. Use PYTORCH_MPS_HIGH_WATERMARK_RATIO=0.0 to disable upper limit for memory allocations (may cause system failure).
2026-07-17 21:18:30,232 - ERROR - Falling back to CPU for this run and all remaining runs (CPU has no hard memory ceiling like MPS/CUDA, just slower). You can avoid this delay next time by passing --device cpu directly.
2026-07-17 21:18:30,381 - INFO - 
============================================================
Run 1/5 (device=cpu)
============================================================
2026-07-17 21:18:30,712 - INFO - Using class weighting: class1 weight = 5.25
2026-07-17 21:19:22,593 - INFO - Epoch   1 | Train Loss: 0.8683 Acc: 0.7004 | Val Loss: 1.4257 Acc: 0.7521 F1: 0.1045 AUC: 0.6339
2026-07-17 21:20:06,149 - INFO - Epoch   2 | Train Loss: 1.2782 Acc: 0.7008 | Val Loss: 0.6338 Acc: 0.8740 F1: 0.6013 AUC: 0.8187
2026-07-17 21:20:48,547 - INFO - Epoch   3 | Train Loss: 0.7515 Acc: 0.7567 | Val Loss: 0.7927 Acc: 0.7273 F1: 0.5000 AUC: 0.7911
2026-07-17 21:21:32,790 - INFO - Epoch   4 | Train Loss: 0.8106 Acc: 0.7351 | Val Loss: 0.8268 Acc: 0.7025 F1: 0.4894 AUC: 0.8016
2026-07-17 21:22:14,835 - INFO - Epoch   5 | Train Loss: 0.8441 Acc: 0.7165 | Val Loss: 0.7602 Acc: 0.6798 F1: 0.4674 AUC: 0.8269
2026-07-17 21:23:17,506 - INFO - Epoch   6 | Train Loss: 0.7070 Acc: 0.7022 | Val Loss: 0.6707 Acc: 0.6839 F1: 0.4742 AUC: 0.8590
2026-07-17 21:24:04,495 - INFO - Epoch   7 | Train Loss: 0.6760 Acc: 0.6942 | Val Loss: 0.5972 Acc: 0.7417 F1: 0.4980 AUC: 0.8288
2026-07-17 21:24:54,313 - INFO - Epoch   8 | Train Loss: 0.6263 Acc: 0.7494 | Val Loss: 0.5531 Acc: 0.7603 F1: 0.5085 AUC: 0.8128
2026-07-17 21:25:41,109 - INFO - Epoch   9 | Train Loss: 0.6020 Acc: 0.7530 | Val Loss: 0.5618 Acc: 0.7190 F1: 0.4848 AUC: 0.8281
2026-07-17 21:26:23,396 - INFO - Epoch  10 | Train Loss: 0.6460 Acc: 0.7340 | Val Loss: 0.4765 Acc: 0.7934 F1: 0.5763 AUC: 0.8893
2026-07-17 21:27:10,774 - INFO - Epoch  11 | Train Loss: 0.5365 Acc: 0.7738 | Val Loss: 0.5127 Acc: 0.7934 F1: 0.5690 AUC: 0.8705
2026-07-17 21:27:57,605 - INFO - Epoch  12 | Train Loss: 0.5420 Acc: 0.7830 | Val Loss: 0.5488 Acc: 0.8037 F1: 0.5778 AUC: 0.8692
2026-07-17 21:28:54,729 - INFO - Epoch  13 | Train Loss: 0.5358 Acc: 0.8060 | Val Loss: 0.5447 Acc: 0.8079 F1: 0.5830 AUC: 0.8725
2026-07-17 21:29:53,980 - INFO - Epoch  14 | Train Loss: 0.5521 Acc: 0.8180 | Val Loss: 0.5208 Acc: 0.8140 F1: 0.5833 AUC: 0.8716
2026-07-17 21:31:10,016 - INFO - Epoch  15 | Train Loss: 0.5432 Acc: 0.8075 | Val Loss: 0.4942 Acc: 0.8099 F1: 0.5701 AUC: 0.8646
2026-07-17 21:31:58,013 - INFO - Epoch  16 | Train Loss: 0.4964 Acc: 0.8071 | Val Loss: 0.4479 Acc: 0.8202 F1: 0.5991 AUC: 0.8787
2026-07-17 21:32:41,779 - INFO - Epoch  17 | Train Loss: 0.4588 Acc: 0.8078 | Val Loss: 0.4145 Acc: 0.8161 F1: 0.6009 AUC: 0.9045
2026-07-17 21:32:41,784 - INFO - Early stopping at epoch 17
2026-07-17 21:32:44,663 - INFO - 
Run 1 Test Results:
2026-07-17 21:32:44,663 - INFO -   Accuracy: 0.4455, F1: 0.4510, AUC: 0.5535
2026-07-17 21:32:44,664 - INFO - 
============================================================
Run 2/5 (device=cpu)
============================================================
2026-07-17 21:32:44,739 - INFO - Using class weighting: class1 weight = 5.25
2026-07-17 21:33:31,093 - INFO - Epoch   1 | Train Loss: 0.9538 Acc: 0.8012 | Val Loss: 0.9520 Acc: 0.6570 F1: 0.2170 AUC: 0.6737
2026-07-17 21:34:34,092 - INFO - Epoch   2 | Train Loss: 1.0506 Acc: 0.6460 | Val Loss: 0.7247 Acc: 0.5579 F1: 0.3955 AUC: 0.7849
2026-07-17 21:35:20,182 - INFO - Epoch   3 | Train Loss: 0.8032 Acc: 0.6463 | Val Loss: 0.6450 Acc: 0.6074 F1: 0.4099 AUC: 0.8428
2026-07-17 21:36:06,908 - INFO - Epoch   4 | Train Loss: 0.6425 Acc: 0.6708 | Val Loss: 0.6343 Acc: 0.6632 F1: 0.4240 AUC: 0.8096
2026-07-17 21:36:53,037 - INFO - Epoch   5 | Train Loss: 0.6778 Acc: 0.6993 | Val Loss: 0.5259 Acc: 0.7252 F1: 0.5019 AUC: 0.8876
2026-07-17 21:37:39,893 - INFO - Epoch   6 | Train Loss: 0.5667 Acc: 0.7439 | Val Loss: 0.4635 Acc: 0.7686 F1: 0.5625 AUC: 0.9193
2026-07-17 21:38:23,696 - INFO - Epoch   7 | Train Loss: 0.5159 Acc: 0.7516 | Val Loss: 0.4401 Acc: 0.7521 F1: 0.5522 AUC: 0.9402
2026-07-17 21:39:14,187 - INFO - Epoch   8 | Train Loss: 0.4834 Acc: 0.7611 | Val Loss: 0.3702 Acc: 0.8512 F1: 0.6697 AUC: 0.9446
2026-07-17 21:40:05,253 - INFO - Epoch   9 | Train Loss: 0.4115 Acc: 0.8148 | Val Loss: 0.3661 Acc: 0.8616 F1: 0.6732 AUC: 0.9405
2026-07-17 21:41:03,941 - INFO - Epoch  10 | Train Loss: 0.3893 Acc: 0.8455 | Val Loss: 0.3554 Acc: 0.8843 F1: 0.7143 AUC: 0.9326
2026-07-17 21:42:35,940 - INFO - Epoch  11 | Train Loss: 0.3839 Acc: 0.8604 | Val Loss: 0.3075 Acc: 0.8926 F1: 0.7320 AUC: 0.9446
2026-07-17 21:44:05,606 - INFO - Epoch  12 | Train Loss: 0.3313 Acc: 0.8645 | Val Loss: 0.2584 Acc: 0.8864 F1: 0.7236 AUC: 0.9708
2026-07-17 21:45:13,847 - INFO - Epoch  13 | Train Loss: 0.3052 Acc: 0.8645 | Val Loss: 0.2339 Acc: 0.8864 F1: 0.7264 AUC: 0.9809
2026-07-17 21:45:59,755 - INFO - Epoch  14 | Train Loss: 0.2799 Acc: 0.8601 | Val Loss: 0.2225 Acc: 0.9112 F1: 0.7749 AUC: 0.9782
2026-07-17 21:46:55,739 - INFO - Epoch  15 | Train Loss: 0.2452 Acc: 0.8919 | Val Loss: 0.2178 Acc: 0.9174 F1: 0.7802 AUC: 0.9753
2026-07-17 21:47:54,399 - INFO - Epoch  16 | Train Loss: 0.2528 Acc: 0.9101 | Val Loss: 0.2047 Acc: 0.9277 F1: 0.8023 AUC: 0.9785
2026-07-17 21:49:17,436 - INFO - Epoch  17 | Train Loss: 0.2319 Acc: 0.9171 | Val Loss: 0.1881 Acc: 0.9380 F1: 0.8256 AUC: 0.9835
2026-07-17 21:50:27,154 - INFO - Epoch  18 | Train Loss: 0.2071 Acc: 0.9222 | Val Loss: 0.1789 Acc: 0.9463 F1: 0.8471 AUC: 0.9852
2026-07-17 21:51:29,887 - INFO - Epoch  19 | Train Loss: 0.2049 Acc: 0.9200 | Val Loss: 0.1686 Acc: 0.9483 F1: 0.8521 AUC: 0.9879
2026-07-17 21:52:23,476 - INFO - Epoch  20 | Train Loss: 0.1835 Acc: 0.9295 | Val Loss: 0.1624 Acc: 0.9483 F1: 0.8503 AUC: 0.9881
2026-07-17 21:53:22,107 - INFO - Epoch  21 | Train Loss: 0.1822 Acc: 0.9269 | Val Loss: 0.1580 Acc: 0.9442 F1: 0.8383 AUC: 0.9882
2026-07-17 21:54:18,705 - INFO - Epoch  22 | Train Loss: 0.1845 Acc: 0.9339 | Val Loss: 0.1540 Acc: 0.9463 F1: 0.8452 AUC: 0.9878
2026-07-17 21:55:42,351 - INFO - Epoch  23 | Train Loss: 0.1636 Acc: 0.9386 | Val Loss: 0.1449 Acc: 0.9483 F1: 0.8503 AUC: 0.9893
2026-07-17 21:56:45,862 - INFO - Epoch  24 | Train Loss: 0.1473 Acc: 0.9441 | Val Loss: 0.1387 Acc: 0.9504 F1: 0.8554 AUC: 0.9900
2026-07-17 21:57:46,872 - INFO - Epoch  25 | Train Loss: 0.1502 Acc: 0.9463 | Val Loss: 0.1390 Acc: 0.9525 F1: 0.8589 AUC: 0.9896
2026-07-17 21:58:41,153 - INFO - Epoch  26 | Train Loss: 0.1537 Acc: 0.9401 | Val Loss: 0.1332 Acc: 0.9463 F1: 0.8434 AUC: 0.9903
2026-07-17 22:00:00,736 - INFO - Epoch  27 | Train Loss: 0.1411 Acc: 0.9459 | Val Loss: 0.1278 Acc: 0.9483 F1: 0.8503 AUC: 0.9913
2026-07-17 22:00:57,113 - INFO - Epoch  28 | Train Loss: 0.1319 Acc: 0.9415 | Val Loss: 0.1268 Acc: 0.9483 F1: 0.8485 AUC: 0.9916
2026-07-17 22:02:17,546 - INFO - Epoch  29 | Train Loss: 0.1376 Acc: 0.9456 | Val Loss: 0.1312 Acc: 0.9566 F1: 0.8662 AUC: 0.9908
2026-07-17 22:03:28,756 - INFO - Epoch  30 | Train Loss: 0.1243 Acc: 0.9532 | Val Loss: 0.1417 Acc: 0.9628 F1: 0.8831 AUC: 0.9896
2026-07-17 22:04:38,372 - INFO - Epoch  31 | Train Loss: 0.1421 Acc: 0.9587 | Val Loss: 0.1306 Acc: 0.9628 F1: 0.8831 AUC: 0.9912
2026-07-17 22:06:02,931 - INFO - Epoch  32 | Train Loss: 0.1181 Acc: 0.9591 | Val Loss: 0.1194 Acc: 0.9545 F1: 0.8659 AUC: 0.9920
2026-07-17 22:06:55,392 - INFO - Epoch  33 | Train Loss: 0.1218 Acc: 0.9452 | Val Loss: 0.1408 Acc: 0.9545 F1: 0.8608 AUC: 0.9891
2026-07-17 22:07:52,950 - INFO - Epoch  34 | Train Loss: 0.1182 Acc: 0.9547 | Val Loss: 0.1487 Acc: 0.9545 F1: 0.8608 AUC: 0.9879
2026-07-17 22:08:51,854 - INFO - Epoch  35 | Train Loss: 0.1220 Acc: 0.9529 | Val Loss: 0.1376 Acc: 0.9607 F1: 0.8774 AUC: 0.9898
2026-07-17 22:09:40,888 - INFO - Epoch  36 | Train Loss: 0.1117 Acc: 0.9583 | Val Loss: 0.1299 Acc: 0.9669 F1: 0.8961 AUC: 0.9909
2026-07-17 22:10:34,080 - INFO - Epoch  37 | Train Loss: 0.1160 Acc: 0.9580 | Val Loss: 0.1312 Acc: 0.9669 F1: 0.8987 AUC: 0.9898
2026-07-17 22:11:21,048 - INFO - Epoch  38 | Train Loss: 0.1133 Acc: 0.9558 | Val Loss: 0.1272 Acc: 0.9649 F1: 0.8917 AUC: 0.9907
2026-07-17 22:12:06,737 - INFO - Epoch  39 | Train Loss: 0.1048 Acc: 0.9594 | Val Loss: 0.1276 Acc: 0.9545 F1: 0.8608 AUC: 0.9908
2026-07-17 22:12:55,799 - INFO - Epoch  40 | Train Loss: 0.1082 Acc: 0.9551 | Val Loss: 0.1279 Acc: 0.9545 F1: 0.8608 AUC: 0.9909
2026-07-17 22:14:07,844 - INFO - Epoch  41 | Train Loss: 0.1101 Acc: 0.9521 | Val Loss: 0.1294 Acc: 0.9566 F1: 0.8662 AUC: 0.9909
2026-07-17 22:15:06,395 - INFO - Epoch  42 | Train Loss: 0.1019 Acc: 0.9594 | Val Loss: 0.1278 Acc: 0.9545 F1: 0.8608 AUC: 0.9912
2026-07-17 22:16:07,062 - INFO - Epoch  43 | Train Loss: 0.0976 Acc: 0.9602 | Val Loss: 0.1265 Acc: 0.9607 F1: 0.8790 AUC: 0.9914
2026-07-17 22:16:58,719 - INFO - Epoch  44 | Train Loss: 0.0921 Acc: 0.9642 | Val Loss: 0.1286 Acc: 0.9607 F1: 0.8774 AUC: 0.9914
2026-07-17 22:18:18,575 - INFO - Epoch  45 | Train Loss: 0.1000 Acc: 0.9613 | Val Loss: 0.1292 Acc: 0.9607 F1: 0.8774 AUC: 0.9915
2026-07-17 22:19:10,324 - INFO - Epoch  46 | Train Loss: 0.0974 Acc: 0.9638 | Val Loss: 0.1288 Acc: 0.9649 F1: 0.8903 AUC: 0.9916
2026-07-17 22:19:57,928 - INFO - Epoch  47 | Train Loss: 0.0936 Acc: 0.9620 | Val Loss: 0.1290 Acc: 0.9711 F1: 0.9103 AUC: 0.9915
2026-07-17 22:21:04,064 - INFO - Epoch  48 | Train Loss: 0.0971 Acc: 0.9616 | Val Loss: 0.1290 Acc: 0.9731 F1: 0.9161 AUC: 0.9914
2026-07-17 22:22:03,341 - INFO - Epoch  49 | Train Loss: 0.0961 Acc: 0.9678 | Val Loss: 0.1289 Acc: 0.9731 F1: 0.9161 AUC: 0.9915
2026-07-17 22:22:54,563 - INFO - Epoch  50 | Train Loss: 0.0893 Acc: 0.9627 | Val Loss: 0.1287 Acc: 0.9731 F1: 0.9161 AUC: 0.9915
2026-07-17 22:22:57,569 - INFO - 
Run 2 Test Results:
2026-07-17 22:22:57,569 - INFO -   Accuracy: 0.5446, F1: 0.3429, AUC: 0.4808
2026-07-17 22:22:57,569 - INFO - 
============================================================
Run 3/5 (device=cpu)
============================================================
2026-07-17 22:22:57,653 - INFO - Using class weighting: class1 weight = 5.25
2026-07-17 22:23:45,134 - INFO - Epoch   1 | Train Loss: 0.8130 Acc: 0.4443 | Val Loss: 1.0125 Acc: 0.7603 F1: 0.5285 AUC: 0.7867
2026-07-17 22:24:35,445 - INFO - Epoch   2 | Train Loss: 0.9235 Acc: 0.6598 | Val Loss: 0.9854 Acc: 0.7025 F1: 0.4930 AUC: 0.8098
2026-07-17 22:25:22,278 - INFO - Epoch   3 | Train Loss: 0.9229 Acc: 0.7019 | Val Loss: 0.9089 Acc: 0.5847 F1: 0.3659 AUC: 0.7635
2026-07-17 22:26:16,237 - INFO - Epoch   4 | Train Loss: 0.8930 Acc: 0.6613 | Val Loss: 0.7691 Acc: 0.6942 F1: 0.4308 AUC: 0.7901
2026-07-17 22:27:20,606 - INFO - Epoch   5 | Train Loss: 0.7393 Acc: 0.7106 | Val Loss: 0.6039 Acc: 0.7748 F1: 0.5439 AUC: 0.8565
2026-07-17 22:28:14,574 - INFO - Epoch   6 | Train Loss: 0.7516 Acc: 0.7395 | Val Loss: 0.5792 Acc: 0.6446 F1: 0.4658 AUC: 0.8647
2026-07-17 22:29:33,758 - INFO - Epoch   7 | Train Loss: 0.7226 Acc: 0.6609 | Val Loss: 0.5271 Acc: 0.6798 F1: 0.4884 AUC: 0.8859
2026-07-17 22:30:16,989 - INFO - Epoch   8 | Train Loss: 0.6363 Acc: 0.6704 | Val Loss: 0.5325 Acc: 0.7521 F1: 0.5238 AUC: 0.8800
2026-07-17 22:30:55,688 - INFO - Epoch   9 | Train Loss: 0.5690 Acc: 0.7373 | Val Loss: 0.5572 Acc: 0.8326 F1: 0.6049 AUC: 0.8740
2026-07-17 22:31:25,659 - INFO - Epoch  10 | Train Loss: 0.5968 Acc: 0.7950 | Val Loss: 0.5686 Acc: 0.8099 F1: 0.5741 AUC: 0.8754
2026-07-17 22:32:21,740 - INFO - Epoch  11 | Train Loss: 0.5608 Acc: 0.7994 | Val Loss: 0.5479 Acc: 0.8140 F1: 0.5794 AUC: 0.8767
2026-07-17 22:32:59,845 - INFO - Epoch  12 | Train Loss: 0.5660 Acc: 0.8089 | Val Loss: 0.4992 Acc: 0.8368 F1: 0.6146 AUC: 0.8833
2026-07-17 22:33:30,790 - INFO - Epoch  13 | Train Loss: 0.5064 Acc: 0.8148 | Val Loss: 0.4403 Acc: 0.8347 F1: 0.6078 AUC: 0.8956
2026-07-17 22:34:03,042 - INFO - Epoch  14 | Train Loss: 0.4519 Acc: 0.8107 | Val Loss: 0.3944 Acc: 0.8326 F1: 0.6124 AUC: 0.9127
2026-07-17 22:34:35,307 - INFO - Epoch  15 | Train Loss: 0.4416 Acc: 0.8155 | Val Loss: 0.3826 Acc: 0.8326 F1: 0.6161 AUC: 0.9170
2026-07-17 22:35:08,142 - INFO - Epoch  16 | Train Loss: 0.4693 Acc: 0.8060 | Val Loss: 0.3643 Acc: 0.8471 F1: 0.6373 AUC: 0.9223
2026-07-17 22:35:44,872 - INFO - Epoch  17 | Train Loss: 0.4103 Acc: 0.8275 | Val Loss: 0.3598 Acc: 0.8492 F1: 0.6332 AUC: 0.9212
2026-07-17 22:36:23,555 - INFO - Epoch  18 | Train Loss: 0.3970 Acc: 0.8349 | Val Loss: 0.3967 Acc: 0.8636 F1: 0.6667 AUC: 0.9082
2026-07-17 22:37:32,918 - INFO - Epoch  19 | Train Loss: 0.4002 Acc: 0.8491 | Val Loss: 0.4022 Acc: 0.8616 F1: 0.6633 AUC: 0.9104
2026-07-17 22:38:13,076 - INFO - Epoch  20 | Train Loss: 0.4236 Acc: 0.8400 | Val Loss: 0.3853 Acc: 0.8616 F1: 0.6633 AUC: 0.9153
2026-07-17 22:38:50,540 - INFO - Epoch  21 | Train Loss: 0.3969 Acc: 0.8444 | Val Loss: 0.3304 Acc: 0.8595 F1: 0.6634 AUC: 0.9342
2026-07-17 22:39:48,544 - INFO - Epoch  22 | Train Loss: 0.3757 Acc: 0.8425 | Val Loss: 0.3178 Acc: 0.8574 F1: 0.6567 AUC: 0.9391
2026-07-17 22:40:37,886 - INFO - Epoch  23 | Train Loss: 0.3487 Acc: 0.8374 | Val Loss: 0.3017 Acc: 0.8533 F1: 0.6502 AUC: 0.9435
2026-07-17 22:41:23,754 - INFO - Epoch  24 | Train Loss: 0.3409 Acc: 0.8345 | Val Loss: 0.2876 Acc: 0.8554 F1: 0.6569 AUC: 0.9483
2026-07-17 22:42:03,721 - INFO - Epoch  25 | Train Loss: 0.3112 Acc: 0.8319 | Val Loss: 0.2751 Acc: 0.8574 F1: 0.6601 AUC: 0.9532
2026-07-17 22:42:45,858 - INFO - Epoch  26 | Train Loss: 0.2936 Acc: 0.8462 | Val Loss: 0.2626 Acc: 0.8740 F1: 0.6965 AUC: 0.9601
2026-07-17 22:43:53,465 - INFO - Epoch  27 | Train Loss: 0.2797 Acc: 0.8597 | Val Loss: 0.2527 Acc: 0.8719 F1: 0.6837 AUC: 0.9628
2026-07-17 22:44:33,370 - INFO - Epoch  28 | Train Loss: 0.2608 Acc: 0.8608 | Val Loss: 0.2606 Acc: 0.8760 F1: 0.6907 AUC: 0.9617
2026-07-17 22:45:14,398 - INFO - Epoch  29 | Train Loss: 0.2551 Acc: 0.8692 | Val Loss: 0.2412 Acc: 0.8781 F1: 0.6911 AUC: 0.9667
2026-07-17 22:46:18,342 - INFO - Epoch  30 | Train Loss: 0.2611 Acc: 0.8761 | Val Loss: 0.2127 Acc: 0.8926 F1: 0.7347 AUC: 0.9753
2026-07-17 22:47:02,121 - INFO - Epoch  31 | Train Loss: 0.2422 Acc: 0.8739 | Val Loss: 0.1987 Acc: 0.8946 F1: 0.7411 AUC: 0.9785
2026-07-17 22:47:40,240 - INFO - Epoch  32 | Train Loss: 0.2271 Acc: 0.8692 | Val Loss: 0.1933 Acc: 0.8926 F1: 0.7292 AUC: 0.9785
2026-07-17 22:48:24,016 - INFO - Epoch  33 | Train Loss: 0.2170 Acc: 0.8798 | Val Loss: 0.1869 Acc: 0.8926 F1: 0.7320 AUC: 0.9798
2026-07-17 22:49:19,470 - INFO - Epoch  34 | Train Loss: 0.2202 Acc: 0.8758 | Val Loss: 0.1802 Acc: 0.9112 F1: 0.7676 AUC: 0.9811
2026-07-17 22:49:54,661 - INFO - Epoch  35 | Train Loss: 0.2027 Acc: 0.8908 | Val Loss: 0.1741 Acc: 0.9215 F1: 0.7889 AUC: 0.9824
2026-07-17 22:50:35,271 - INFO - Epoch  36 | Train Loss: 0.1948 Acc: 0.9050 | Val Loss: 0.1687 Acc: 0.9298 F1: 0.8111 AUC: 0.9832
2026-07-17 22:51:16,652 - INFO - Epoch  37 | Train Loss: 0.2081 Acc: 0.9116 | Val Loss: 0.1656 Acc: 0.9132 F1: 0.7789 AUC: 0.9847
2026-07-17 22:51:57,541 - INFO - Epoch  38 | Train Loss: 0.1999 Acc: 0.9101 | Val Loss: 0.1590 Acc: 0.9277 F1: 0.8108 AUC: 0.9856
2026-07-17 22:52:40,264 - INFO - Epoch  39 | Train Loss: 0.1804 Acc: 0.9167 | Val Loss: 0.1575 Acc: 0.9339 F1: 0.8222 AUC: 0.9857
2026-07-17 22:53:36,806 - INFO - Epoch  40 | Train Loss: 0.1869 Acc: 0.9149 | Val Loss: 0.1568 Acc: 0.9318 F1: 0.8156 AUC: 0.9853
2026-07-17 22:54:19,535 - INFO - Epoch  41 | Train Loss: 0.1729 Acc: 0.9255 | Val Loss: 0.1551 Acc: 0.9380 F1: 0.8295 AUC: 0.9865
2026-07-17 22:55:05,338 - INFO - Epoch  42 | Train Loss: 0.1723 Acc: 0.9273 | Val Loss: 0.1501 Acc: 0.9318 F1: 0.8177 AUC: 0.9884
2026-07-17 22:55:50,967 - INFO - Epoch  43 | Train Loss: 0.1683 Acc: 0.9280 | Val Loss: 0.1483 Acc: 0.9360 F1: 0.8268 AUC: 0.9881
2026-07-17 22:56:51,132 - INFO - Epoch  44 | Train Loss: 0.1675 Acc: 0.9277 | Val Loss: 0.1448 Acc: 0.9380 F1: 0.8276 AUC: 0.9891
2026-07-17 22:57:32,092 - INFO - Epoch  45 | Train Loss: 0.1648 Acc: 0.9328 | Val Loss: 0.1439 Acc: 0.9401 F1: 0.8380 AUC: 0.9887
2026-07-17 22:58:10,869 - INFO - Epoch  46 | Train Loss: 0.1592 Acc: 0.9247 | Val Loss: 0.1408 Acc: 0.9421 F1: 0.8444 AUC: 0.9884
2026-07-17 22:58:49,272 - INFO - Epoch  47 | Train Loss: 0.1567 Acc: 0.9306 | Val Loss: 0.1331 Acc: 0.9401 F1: 0.8343 AUC: 0.9902
2026-07-17 22:59:29,941 - INFO - Epoch  48 | Train Loss: 0.1770 Acc: 0.9397 | Val Loss: 0.1329 Acc: 0.9483 F1: 0.8521 AUC: 0.9900
2026-07-17 23:00:03,744 - INFO - Epoch  49 | Train Loss: 0.1487 Acc: 0.9408 | Val Loss: 0.1281 Acc: 0.9504 F1: 0.8571 AUC: 0.9909
2026-07-17 23:00:44,777 - INFO - Epoch  50 | Train Loss: 0.1394 Acc: 0.9445 | Val Loss: 0.1462 Acc: 0.9380 F1: 0.8276 AUC: 0.9878
2026-07-17 23:00:47,224 - INFO - 
Run 3 Test Results:
2026-07-17 23:00:47,224 - INFO -   Accuracy: 0.6733, F1: 0.0000, AUC: 0.5250
2026-07-17 23:00:47,225 - INFO - 
============================================================
Run 4/5 (device=cpu)
============================================================
2026-07-17 23:00:47,296 - INFO - Using class weighting: class1 weight = 5.25
2026-07-17 23:01:23,892 - INFO - Epoch   1 | Train Loss: 1.4383 Acc: 0.1984 | Val Loss: 0.9190 Acc: 0.3781 F1: 0.2782 AUC: 0.6908
2026-07-17 23:02:04,513 - INFO - Epoch   2 | Train Loss: 0.8804 Acc: 0.3778 | Val Loss: 0.9850 Acc: 0.4008 F1: 0.2961 AUC: 0.7404
2026-07-17 23:02:49,394 - INFO - Epoch   3 | Train Loss: 0.9109 Acc: 0.4520 | Val Loss: 0.9723 Acc: 0.4174 F1: 0.3318 AUC: 0.8162
2026-07-17 23:03:31,939 - INFO - Epoch   4 | Train Loss: 0.8497 Acc: 0.5057 | Val Loss: 0.9041 Acc: 0.4835 F1: 0.3622 AUC: 0.8260
2026-07-17 23:04:11,848 - INFO - Epoch   5 | Train Loss: 0.8816 Acc: 0.5857 | Val Loss: 0.7525 Acc: 0.6054 F1: 0.4195 AUC: 0.8515
2026-07-17 23:05:03,213 - INFO - Epoch   6 | Train Loss: 0.7756 Acc: 0.6507 | Val Loss: 0.6091 Acc: 0.6818 F1: 0.4615 AUC: 0.8454
2026-07-17 23:05:43,668 - INFO - Epoch   7 | Train Loss: 0.6193 Acc: 0.6788 | Val Loss: 0.5334 Acc: 0.7128 F1: 0.4871 AUC: 0.8522
2026-07-17 23:06:20,032 - INFO - Epoch   8 | Train Loss: 0.7391 Acc: 0.6869 | Val Loss: 0.5306 Acc: 0.6653 F1: 0.4740 AUC: 0.8755
2026-07-17 23:07:01,253 - INFO - Epoch   9 | Train Loss: 0.6868 Acc: 0.6719 | Val Loss: 0.4618 Acc: 0.7190 F1: 0.5177 AUC: 0.9122
2026-07-17 23:07:44,624 - INFO - Epoch  10 | Train Loss: 0.5828 Acc: 0.6942 | Val Loss: 0.4956 Acc: 0.7541 F1: 0.5475 AUC: 0.9073
2026-07-17 23:08:25,697 - INFO - Epoch  11 | Train Loss: 0.5899 Acc: 0.7530 | Val Loss: 0.5054 Acc: 0.8161 F1: 0.6180 AUC: 0.9167
2026-07-17 23:09:22,844 - INFO - Epoch  12 | Train Loss: 0.5832 Acc: 0.7881 | Val Loss: 0.4956 Acc: 0.8264 F1: 0.6348 AUC: 0.9232
2026-07-17 23:10:05,142 - INFO - Epoch  13 | Train Loss: 0.5012 Acc: 0.8031 | Val Loss: 0.4486 Acc: 0.8616 F1: 0.6763 AUC: 0.9287
2026-07-17 23:10:44,315 - INFO - Epoch  14 | Train Loss: 0.4856 Acc: 0.8374 | Val Loss: 0.3976 Acc: 0.8740 F1: 0.6935 AUC: 0.9350
2026-07-17 23:11:25,593 - INFO - Epoch  15 | Train Loss: 0.4381 Acc: 0.8539 | Val Loss: 0.3399 Acc: 0.8864 F1: 0.7208 AUC: 0.9413
2026-07-17 23:12:07,706 - INFO - Epoch  16 | Train Loss: 0.4036 Acc: 0.8593 | Val Loss: 0.2932 Acc: 0.8884 F1: 0.7245 AUC: 0.9675
2026-07-17 23:12:42,259 - INFO - Epoch  17 | Train Loss: 0.3788 Acc: 0.8433 | Val Loss: 0.2823 Acc: 0.8760 F1: 0.7170 AUC: 0.9771
2026-07-17 23:13:30,636 - INFO - Epoch  18 | Train Loss: 0.3521 Acc: 0.8349 | Val Loss: 0.2607 Acc: 0.8946 F1: 0.7437 AUC: 0.9778
2026-07-17 23:14:24,314 - INFO - Epoch  19 | Train Loss: 0.3262 Acc: 0.8553 | Val Loss: 0.2616 Acc: 0.8946 F1: 0.7385 AUC: 0.9623
2026-07-17 23:15:06,961 - INFO - Epoch  20 | Train Loss: 0.2990 Acc: 0.8732 | Val Loss: 0.2691 Acc: 0.9194 F1: 0.7845 AUC: 0.9596
2026-07-17 23:15:49,240 - INFO - Epoch  21 | Train Loss: 0.2808 Acc: 0.8999 | Val Loss: 0.2662 Acc: 0.9339 F1: 0.8140 AUC: 0.9586
2026-07-17 23:16:32,591 - INFO - Epoch  22 | Train Loss: 0.3026 Acc: 0.9083 | Val Loss: 0.2422 Acc: 0.9339 F1: 0.8140 AUC: 0.9617
2026-07-17 23:17:09,278 - INFO - Epoch  23 | Train Loss: 0.2577 Acc: 0.9072 | Val Loss: 0.2128 Acc: 0.9380 F1: 0.8276 AUC: 0.9742
2026-07-17 23:17:50,000 - INFO - Epoch  24 | Train Loss: 0.2405 Acc: 0.9160 | Val Loss: 0.1948 Acc: 0.9318 F1: 0.8136 AUC: 0.9835
2026-07-17 23:18:32,590 - INFO - Epoch  25 | Train Loss: 0.2145 Acc: 0.9171 | Val Loss: 0.1797 Acc: 0.9318 F1: 0.8136 AUC: 0.9878
2026-07-17 23:19:18,490 - INFO - Epoch  26 | Train Loss: 0.2152 Acc: 0.9101 | Val Loss: 0.1767 Acc: 0.9339 F1: 0.8161 AUC: 0.9857
2026-07-17 23:20:02,637 - INFO - Epoch  27 | Train Loss: 0.2205 Acc: 0.9141 | Val Loss: 0.1672 Acc: 0.9256 F1: 0.7978 AUC: 0.9885
2026-07-17 23:20:43,604 - INFO - Epoch  28 | Train Loss: 0.1946 Acc: 0.9225 | Val Loss: 0.1627 Acc: 0.9298 F1: 0.8111 AUC: 0.9886
2026-07-17 23:21:28,972 - INFO - Epoch  29 | Train Loss: 0.1881 Acc: 0.9152 | Val Loss: 0.1579 Acc: 0.9318 F1: 0.8114 AUC: 0.9890
2026-07-17 23:22:04,659 - INFO - Epoch  30 | Train Loss: 0.1819 Acc: 0.9167 | Val Loss: 0.1561 Acc: 0.9360 F1: 0.8187 AUC: 0.9883
2026-07-17 23:22:48,655 - INFO - Epoch  31 | Train Loss: 0.1787 Acc: 0.9324 | Val Loss: 0.1650 Acc: 0.9401 F1: 0.8263 AUC: 0.9842
2026-07-17 23:23:34,482 - INFO - Epoch  32 | Train Loss: 0.1612 Acc: 0.9342 | Val Loss: 0.1653 Acc: 0.9401 F1: 0.8263 AUC: 0.9841
2026-07-17 23:24:21,858 - INFO - Epoch  33 | Train Loss: 0.1665 Acc: 0.9430 | Val Loss: 0.1511 Acc: 0.9421 F1: 0.8333 AUC: 0.9877
2026-07-17 23:25:13,837 - INFO - Epoch  34 | Train Loss: 0.1665 Acc: 0.9419 | Val Loss: 0.1383 Acc: 0.9401 F1: 0.8304 AUC: 0.9906
2026-07-17 23:25:57,228 - INFO - Epoch  35 | Train Loss: 0.1511 Acc: 0.9375 | Val Loss: 0.1329 Acc: 0.9401 F1: 0.8324 AUC: 0.9915
2026-07-17 23:26:37,121 - INFO - Epoch  36 | Train Loss: 0.1506 Acc: 0.9273 | Val Loss: 0.1303 Acc: 0.9442 F1: 0.8421 AUC: 0.9917
2026-07-17 23:27:37,842 - INFO - Epoch  37 | Train Loss: 0.1530 Acc: 0.9361 | Val Loss: 0.1273 Acc: 0.9463 F1: 0.8471 AUC: 0.9916
2026-07-17 23:28:20,802 - INFO - Epoch  38 | Train Loss: 0.1444 Acc: 0.9401 | Val Loss: 0.1255 Acc: 0.9504 F1: 0.8571 AUC: 0.9920
2026-07-17 23:29:09,225 - INFO - Epoch  39 | Train Loss: 0.1396 Acc: 0.9393 | Val Loss: 0.1262 Acc: 0.9504 F1: 0.8519 AUC: 0.9916
2026-07-17 23:29:50,152 - INFO - Epoch  40 | Train Loss: 0.1279 Acc: 0.9525 | Val Loss: 0.1275 Acc: 0.9504 F1: 0.8519 AUC: 0.9913
2026-07-17 23:30:28,186 - INFO - Epoch  41 | Train Loss: 0.1406 Acc: 0.9565 | Val Loss: 0.1214 Acc: 0.9504 F1: 0.8537 AUC: 0.9923
2026-07-17 23:31:07,588 - INFO - Epoch  42 | Train Loss: 0.1302 Acc: 0.9481 | Val Loss: 0.1201 Acc: 0.9566 F1: 0.8727 AUC: 0.9926
2026-07-17 23:31:47,220 - INFO - Epoch  43 | Train Loss: 0.1205 Acc: 0.9514 | Val Loss: 0.1197 Acc: 0.9525 F1: 0.8606 AUC: 0.9923
2026-07-17 23:32:24,983 - INFO - Epoch  44 | Train Loss: 0.1222 Acc: 0.9540 | Val Loss: 0.1188 Acc: 0.9483 F1: 0.8503 AUC: 0.9919
2026-07-17 23:33:02,394 - INFO - Epoch  45 | Train Loss: 0.1175 Acc: 0.9503 | Val Loss: 0.1185 Acc: 0.9504 F1: 0.8571 AUC: 0.9919
2026-07-17 23:33:42,853 - INFO - Epoch  46 | Train Loss: 0.1185 Acc: 0.9481 | Val Loss: 0.1177 Acc: 0.9504 F1: 0.8571 AUC: 0.9920
2026-07-17 23:34:16,334 - INFO - Epoch  47 | Train Loss: 0.1131 Acc: 0.9547 | Val Loss: 0.1162 Acc: 0.9483 F1: 0.8503 AUC: 0.9924
2026-07-17 23:34:55,209 - INFO - Epoch  48 | Train Loss: 0.1140 Acc: 0.9562 | Val Loss: 0.1156 Acc: 0.9525 F1: 0.8606 AUC: 0.9927
2026-07-17 23:35:31,994 - INFO - Epoch  49 | Train Loss: 0.1057 Acc: 0.9576 | Val Loss: 0.1165 Acc: 0.9566 F1: 0.8696 AUC: 0.9925
2026-07-17 23:36:13,532 - INFO - Epoch  50 | Train Loss: 0.1062 Acc: 0.9583 | Val Loss: 0.1159 Acc: 0.9504 F1: 0.8519 AUC: 0.9922
2026-07-17 23:36:16,079 - INFO - 
Run 4 Test Results:
2026-07-17 23:36:16,079 - INFO -   Accuracy: 0.6733, F1: 0.0000, AUC: 0.5691
2026-07-17 23:36:16,079 - INFO - 
============================================================
Run 5/5 (device=cpu)
============================================================
2026-07-17 23:36:16,154 - INFO - Using class weighting: class1 weight = 5.25
2026-07-17 23:37:07,336 - INFO - Epoch   1 | Train Loss: 0.8487 Acc: 0.2755 | Val Loss: 1.0256 Acc: 0.5434 F1: 0.3912 AUC: 0.7893
2026-07-17 23:37:52,201 - INFO - Epoch   2 | Train Loss: 0.9759 Acc: 0.4910 | Val Loss: 0.9297 Acc: 0.7521 F1: 0.5082 AUC: 0.8231
2026-07-17 23:38:32,250 - INFO - Epoch   3 | Train Loss: 0.8960 Acc: 0.7030 | Val Loss: 0.7237 Acc: 0.7893 F1: 0.5820 AUC: 0.8946
2026-07-17 23:39:14,635 - INFO - Epoch   4 | Train Loss: 0.7234 Acc: 0.7523 | Val Loss: 0.5372 Acc: 0.7913 F1: 0.5944 AUC: 0.9134
2026-07-17 23:39:54,626 - INFO - Epoch   5 | Train Loss: 0.5507 Acc: 0.7483 | Val Loss: 0.6859 Acc: 0.7231 F1: 0.5347 AUC: 0.9040
2026-07-17 23:40:36,739 - INFO - Epoch   6 | Train Loss: 0.8319 Acc: 0.7019 | Val Loss: 0.5183 Acc: 0.7562 F1: 0.5630 AUC: 0.9237
2026-07-17 23:41:24,207 - INFO - Epoch   7 | Train Loss: 0.6180 Acc: 0.7242 | Val Loss: 0.4215 Acc: 0.8430 F1: 0.6514 AUC: 0.9400
2026-07-17 23:42:07,322 - INFO - Epoch   8 | Train Loss: 0.5094 Acc: 0.7859 | Val Loss: 0.4796 Acc: 0.8636 F1: 0.6827 AUC: 0.9328
2026-07-17 23:42:45,035 - INFO - Epoch   9 | Train Loss: 0.4677 Acc: 0.8360 | Val Loss: 0.4939 Acc: 0.8822 F1: 0.7047 AUC: 0.9328
2026-07-17 23:43:29,572 - INFO - Epoch  10 | Train Loss: 0.4987 Acc: 0.8465 | Val Loss: 0.4804 Acc: 0.8988 F1: 0.7293 AUC: 0.9351
2026-07-17 23:44:15,560 - INFO - Epoch  11 | Train Loss: 0.4810 Acc: 0.8685 | Val Loss: 0.4361 Acc: 0.9091 F1: 0.7500 AUC: 0.9363
2026-07-17 23:44:59,915 - INFO - Epoch  12 | Train Loss: 0.4154 Acc: 0.8787 | Val Loss: 0.3714 Acc: 0.9050 F1: 0.7473 AUC: 0.9511
2026-07-17 23:45:46,544 - INFO - Epoch  13 | Train Loss: 0.3679 Acc: 0.8834 | Val Loss: 0.3125 Acc: 0.9091 F1: 0.7609 AUC: 0.9562
2026-07-17 23:46:45,792 - INFO - Epoch  14 | Train Loss: 0.3007 Acc: 0.8831 | Val Loss: 0.2535 Acc: 0.9215 F1: 0.7889 AUC: 0.9673
2026-07-17 23:47:38,223 - INFO - Epoch  15 | Train Loss: 0.2874 Acc: 0.9032 | Val Loss: 0.2113 Acc: 0.9194 F1: 0.7869 AUC: 0.9840
2026-07-17 23:48:19,553 - INFO - Epoch  16 | Train Loss: 0.2583 Acc: 0.8922 | Val Loss: 0.2003 Acc: 0.9153 F1: 0.7807 AUC: 0.9840
2026-07-17 23:48:59,019 - INFO - Epoch  17 | Train Loss: 0.2344 Acc: 0.8904 | Val Loss: 0.1863 Acc: 0.9339 F1: 0.8182 AUC: 0.9855
2026-07-17 23:49:36,305 - INFO - Epoch  18 | Train Loss: 0.2281 Acc: 0.9076 | Val Loss: 0.1774 Acc: 0.9401 F1: 0.8304 AUC: 0.9853
2026-07-17 23:50:23,652 - INFO - Epoch  19 | Train Loss: 0.1935 Acc: 0.9152 | Val Loss: 0.1824 Acc: 0.9360 F1: 0.8187 AUC: 0.9832
2026-07-17 23:51:03,798 - INFO - Epoch  20 | Train Loss: 0.1957 Acc: 0.9299 | Val Loss: 0.1804 Acc: 0.9318 F1: 0.8070 AUC: 0.9829
2026-07-17 23:51:45,831 - INFO - Epoch  21 | Train Loss: 0.2003 Acc: 0.9218 | Val Loss: 0.1715 Acc: 0.9339 F1: 0.8118 AUC: 0.9839
2026-07-17 23:52:44,211 - INFO - Epoch  22 | Train Loss: 0.1786 Acc: 0.9251 | Val Loss: 0.1608 Acc: 0.9298 F1: 0.8046 AUC: 0.9869
2026-07-17 23:53:31,567 - INFO - Epoch  23 | Train Loss: 0.1879 Acc: 0.9171 | Val Loss: 0.1564 Acc: 0.9339 F1: 0.8161 AUC: 0.9873
2026-07-17 23:54:15,596 - INFO - Epoch  24 | Train Loss: 0.1797 Acc: 0.9244 | Val Loss: 0.1479 Acc: 0.9360 F1: 0.8208 AUC: 0.9879
2026-07-17 23:55:02,379 - INFO - Epoch  25 | Train Loss: 0.1588 Acc: 0.9291 | Val Loss: 0.1521 Acc: 0.9360 F1: 0.8166 AUC: 0.9858
2026-07-17 23:55:45,727 - INFO - Epoch  26 | Train Loss: 0.1574 Acc: 0.9390 | Val Loss: 0.1556 Acc: 0.9421 F1: 0.8313 AUC: 0.9851
2026-07-17 23:56:30,664 - INFO - Epoch  27 | Train Loss: 0.1701 Acc: 0.9383 | Val Loss: 0.1487 Acc: 0.9463 F1: 0.8415 AUC: 0.9868
2026-07-17 23:57:10,964 - INFO - Epoch  28 | Train Loss: 0.1519 Acc: 0.9401 | Val Loss: 0.1389 Acc: 0.9504 F1: 0.8519 AUC: 0.9889
2026-07-17 23:58:20,327 - INFO - Epoch  29 | Train Loss: 0.1379 Acc: 0.9412 | Val Loss: 0.1344 Acc: 0.9545 F1: 0.8625 AUC: 0.9906
2026-07-17 23:59:04,845 - INFO - Epoch  30 | Train Loss: 0.1411 Acc: 0.9430 | Val Loss: 0.1349 Acc: 0.9545 F1: 0.8625 AUC: 0.9903
2026-07-17 23:59:58,450 - INFO - Epoch  31 | Train Loss: 0.1416 Acc: 0.9463 | Val Loss: 0.1314 Acc: 0.9587 F1: 0.8765 AUC: 0.9903
2026-07-18 00:00:48,056 - INFO - Epoch  32 | Train Loss: 0.1357 Acc: 0.9518 | Val Loss: 0.1286 Acc: 0.9525 F1: 0.8606 AUC: 0.9900
2026-07-18 00:01:39,184 - INFO - Epoch  33 | Train Loss: 0.1267 Acc: 0.9499 | Val Loss: 0.1267 Acc: 0.9483 F1: 0.8503 AUC: 0.9898
2026-07-18 00:02:22,214 - INFO - Epoch  34 | Train Loss: 0.1285 Acc: 0.9485 | Val Loss: 0.1277 Acc: 0.9442 F1: 0.8402 AUC: 0.9895
2026-07-18 00:03:13,717 - INFO - Epoch  35 | Train Loss: 0.1244 Acc: 0.9492 | Val Loss: 0.1250 Acc: 0.9504 F1: 0.8554 AUC: 0.9900
2026-07-18 00:03:52,512 - INFO - Epoch  36 | Train Loss: 0.1158 Acc: 0.9518 | Val Loss: 0.1220 Acc: 0.9566 F1: 0.8712 AUC: 0.9909
2026-07-18 00:04:29,119 - INFO - Epoch  37 | Train Loss: 0.1094 Acc: 0.9587 | Val Loss: 0.1212 Acc: 0.9649 F1: 0.8944 AUC: 0.9911
2026-07-18 00:05:23,483 - INFO - Epoch  38 | Train Loss: 0.1045 Acc: 0.9587 | Val Loss: 0.1211 Acc: 0.9628 F1: 0.8889 AUC: 0.9912
2026-07-18 00:06:19,817 - INFO - Epoch  39 | Train Loss: 0.1154 Acc: 0.9576 | Val Loss: 0.1192 Acc: 0.9628 F1: 0.8889 AUC: 0.9918
2026-07-18 00:07:07,429 - INFO - Epoch  40 | Train Loss: 0.1076 Acc: 0.9583 | Val Loss: 0.1220 Acc: 0.9566 F1: 0.8712 AUC: 0.9907
2026-07-18 00:07:47,064 - INFO - Epoch  41 | Train Loss: 0.1093 Acc: 0.9602 | Val Loss: 0.1198 Acc: 0.9566 F1: 0.8696 AUC: 0.9907
2026-07-18 00:08:29,267 - INFO - Epoch  42 | Train Loss: 0.1006 Acc: 0.9591 | Val Loss: 0.1136 Acc: 0.9607 F1: 0.8834 AUC: 0.9923
2026-07-18 00:09:17,206 - INFO - Epoch  43 | Train Loss: 0.1001 Acc: 0.9576 | Val Loss: 0.1125 Acc: 0.9649 F1: 0.8944 AUC: 0.9920
2026-07-18 00:10:00,254 - INFO - Epoch  44 | Train Loss: 0.1075 Acc: 0.9536 | Val Loss: 0.1098 Acc: 0.9628 F1: 0.8889 AUC: 0.9923
2026-07-18 00:10:40,202 - INFO - Epoch  45 | Train Loss: 0.1013 Acc: 0.9529 | Val Loss: 0.1075 Acc: 0.9690 F1: 0.9057 AUC: 0.9929
2026-07-18 00:11:21,047 - INFO - Epoch  46 | Train Loss: 0.0998 Acc: 0.9609 | Val Loss: 0.1102 Acc: 0.9711 F1: 0.9091 AUC: 0.9929
2026-07-18 00:12:06,684 - INFO - Epoch  47 | Train Loss: 0.0957 Acc: 0.9613 | Val Loss: 0.1113 Acc: 0.9690 F1: 0.9020 AUC: 0.9931
2026-07-18 00:12:49,284 - INFO - Epoch  48 | Train Loss: 0.0918 Acc: 0.9675 | Val Loss: 0.1068 Acc: 0.9773 F1: 0.9281 AUC: 0.9934
2026-07-18 00:13:38,869 - INFO - Epoch  49 | Train Loss: 0.0905 Acc: 0.9631 | Val Loss: 0.1065 Acc: 0.9773 F1: 0.9281 AUC: 0.9934
2026-07-18 00:14:15,654 - INFO - Epoch  50 | Train Loss: 0.0932 Acc: 0.9675 | Val Loss: 0.1034 Acc: 0.9649 F1: 0.8944 AUC: 0.9937
2026-07-18 00:14:17,895 - INFO - 
Run 5 Test Results:
2026-07-18 00:14:17,895 - INFO -   Accuracy: 0.6733, F1: 0.0000, AUC: 0.5495
2026-07-18 00:14:17,895 - WARNING - NOTE: one or more runs fell back to CPU after an out-of-memory error on the original device. All reported runs below are still valid results — the device only affects speed, not correctness — but if you need every run trained on the exact same device for reproducibility notes, rerun with --device cpu from the start.
2026-07-18 00:14:18,269 - INFO - 
Saved results to ./outputs/models_stage2/cross_market/test_brazil/hybrid_test_brazil_zeroshot_localnorm/cross_market/hybrid_test_brazil_zeroshot_localnorm/hybrid_stage2_results.csv
2026-07-18 00:14:18,269 - INFO - 
============================================================
2026-07-18 00:14:18,269 - INFO - SUMMARY OF ALL RUNS
2026-07-18 00:14:18,269 - INFO - ============================================================
2026-07-18 00:14:18,284 - INFO - test_acc: mean=0.6020 ± 0.0928
2026-07-18 00:14:18,284 - INFO - test_prec: mean=0.1315 ± 0.1611
2026-07-18 00:14:18,284 - INFO - test_rec: mean=0.2121 ± 0.2804
2026-07-18 00:14:18,284 - INFO - test_f1: mean=0.1588 ± 0.1974
2026-07-18 00:14:18,285 - INFO - test_auc: mean=0.5356 ± 0.0308
2026-07-18 00:14:18,368 - INFO - 
Best model saved to ./outputs/models_stage2/cross_market/test_brazil/hybrid_test_brazil_zeroshot_localnorm/cross_market/hybrid_test_brazil_zeroshot_localnorm/best_hybrid_stage2.pth
2026-07-18 00:14:19,655 - INFO - 
Plots and specifications saved to ./outputs/models_stage2/cross_market/test_brazil/hybrid_test_brazil_zeroshot_localnorm/cross_market/hybrid_test_brazil_zeroshot_localnorm/plots
2026-07-18 00:14:19,655 - INFO - Stage 2 training completed.
