2026-07-18 17:36:52,287 - INFO - ============================================================
2026-07-18 17:36:52,287 - INFO - Stage 2: HYBRID Training Started
2026-07-18 17:36:52,287 - INFO - ============================================================
2026-07-18 17:36:52,287 - INFO - Output directory: ./outputs/models_stage2/cross_market/hybrid_test_japan_ft0.15_globalnorm
2026-07-18 17:36:52,287 - INFO - Log file: ./outputs/models_stage2/cross_market/hybrid_test_japan_ft0.15_globalnorm/logs/hybrid_stage2.log
2026-07-18 17:36:52,287 - INFO - Model type: hybrid
2026-07-18 17:36:52,287 - INFO - Node features dir: ./outputs/node_features/fold_japan
2026-07-18 17:36:52,288 - INFO - LOCO mode: test_country = japan
2026-07-18 17:36:52,288 - INFO - Global norm: True
2026-07-18 17:36:52,288 - INFO - Fine-tune ratio: 0.15
2026-07-18 17:36:52,309 - INFO - Using device: mps (requested: --device auto)
2026-07-18 17:36:52,336 - INFO - Using hybrid features: 135 dim
2026-07-18 17:36:52,336 - INFO - Node feature shape after adjustment: torch.Size([3322, 135])
2026-07-18 17:36:52,336 - INFO - Graph size: 3322 nodes, 1254360 directed edge entries (density=0.1137)
2026-07-18 17:36:52,336 - WARNING - Large graph (1254360 edges). If running on --device mps and you hit an 'MPS backend out of memory' error, this script will automatically retry on CPU. You can also pass --device cpu directly to skip the failed MPS attempt.
2026-07-18 17:36:52,336 - INFO - ============================================================
2026-07-18 17:36:52,336 - INFO - LOCO mode: Building cross-market splits
2026-07-18 17:36:52,336 - INFO - ============================================================
2026-07-18 17:36:52,350 - INFO - Few-Shot Transfer Learning: Using 15.0% of japan for training.
2026-07-18 17:36:52,350 - INFO - Applying global normalization on screen features (fit on training countries only).
2026-07-18 17:36:52,358 - INFO - Normalized screen features using mean [0.04775374382734299, 0.09926436096429825, 0.026147812604904175, -0.6458719968795776, 0.09955304116010666, -0.005484613124281168, 0.4690046012401581] and std [0.04299693554639816, 0.18888984620571136, 0.055458102375268936, 20.10031509399414, 0.8135754466056824, 0.893045961856842, 0.0887594074010849]
2026-07-18 17:36:52,362 - INFO - Train: 2043, Val: 361, Test: 918
2026-07-18 17:36:52,363 - INFO - Label distribution (train): 0=1667, 1=376
2026-07-18 17:36:52,363 - INFO - 
============================================================
Run 1/5 (device=mps)
============================================================
2026-07-18 17:36:52,413 - INFO - Using class weighting: class1 weight = 4.43
2026-07-18 17:37:19,943 - ERROR - Run 1: caught out-of-memory error on device 'mps': MPS backend out of memory (MPS allocated: 16.48 GiB, other allocations: 1.97 GiB, max allowed: 20.13 GiB). Tried to allocate 1.92 GiB on private pool. Use PYTORCH_MPS_HIGH_WATERMARK_RATIO=0.0 to disable upper limit for memory allocations (may cause system failure).
2026-07-18 17:37:19,983 - ERROR - Falling back to CPU for this run and all remaining runs (CPU has no hard memory ceiling like MPS/CUDA, just slower). You can avoid this delay next time by passing --device cpu directly.
2026-07-18 17:37:20,128 - INFO - 
============================================================
Run 1/5 (device=cpu)
============================================================
2026-07-18 17:37:20,497 - INFO - Using class weighting: class1 weight = 4.43
2026-07-18 17:38:11,197 - INFO - Epoch   1 | Train Loss: 0.7250 Acc: 0.6765 | Val Loss: 0.5225 Acc: 0.9252 F1: 0.8138 AUC: 0.9261
2026-07-18 17:38:59,303 - INFO - Epoch   2 | Train Loss: 0.5259 Acc: 0.8933 | Val Loss: 0.3539 Acc: 0.9197 F1: 0.8027 AUC: 0.9596
2026-07-18 17:39:44,137 - INFO - Epoch   3 | Train Loss: 0.3610 Acc: 0.9050 | Val Loss: 0.2489 Acc: 0.9363 F1: 0.8369 AUC: 0.9807
2026-07-18 17:40:27,219 - INFO - Epoch   4 | Train Loss: 0.2535 Acc: 0.9246 | Val Loss: 0.1834 Acc: 0.9418 F1: 0.8489 AUC: 0.9865
2026-07-18 17:41:12,267 - INFO - Epoch   5 | Train Loss: 0.1913 Acc: 0.9261 | Val Loss: 0.1424 Acc: 0.9307 F1: 0.8276 AUC: 0.9903
2026-07-18 17:41:59,305 - INFO - Epoch   6 | Train Loss: 0.1492 Acc: 0.9334 | Val Loss: 0.1130 Acc: 0.9474 F1: 0.8742 AUC: 0.9923
2026-07-18 17:42:46,652 - INFO - Epoch   7 | Train Loss: 0.1202 Acc: 0.9295 | Val Loss: 0.0947 Acc: 0.9474 F1: 0.8742 AUC: 0.9932
2026-07-18 17:43:34,798 - INFO - Epoch   8 | Train Loss: 0.1025 Acc: 0.9305 | Val Loss: 0.0840 Acc: 0.9529 F1: 0.8859 AUC: 0.9945
2026-07-18 17:44:37,354 - INFO - Epoch   9 | Train Loss: 0.0955 Acc: 0.9354 | Val Loss: 0.0730 Acc: 0.9557 F1: 0.8919 AUC: 0.9964
2026-07-18 17:45:32,404 - INFO - Epoch  10 | Train Loss: 0.0855 Acc: 0.9408 | Val Loss: 0.0657 Acc: 0.9640 F1: 0.9103 AUC: 0.9972
2026-07-18 17:46:25,726 - INFO - Epoch  11 | Train Loss: 0.0759 Acc: 0.9506 | Val Loss: 0.0614 Acc: 0.9723 F1: 0.9296 AUC: 0.9981
2026-07-18 17:47:15,669 - INFO - Epoch  12 | Train Loss: 0.0761 Acc: 0.9550 | Val Loss: 0.0593 Acc: 0.9751 F1: 0.9362 AUC: 0.9984
2026-07-18 17:48:04,524 - INFO - Epoch  13 | Train Loss: 0.0677 Acc: 0.9613 | Val Loss: 0.0585 Acc: 0.9751 F1: 0.9362 AUC: 0.9987
2026-07-18 17:48:57,045 - INFO - Epoch  14 | Train Loss: 0.0668 Acc: 0.9652 | Val Loss: 0.0572 Acc: 0.9834 F1: 0.9565 AUC: 0.9987
2026-07-18 17:49:47,766 - INFO - Epoch  15 | Train Loss: 0.0589 Acc: 0.9745 | Val Loss: 0.0548 Acc: 0.9834 F1: 0.9565 AUC: 0.9990
2026-07-18 17:50:35,876 - INFO - Epoch  16 | Train Loss: 0.0592 Acc: 0.9775 | Val Loss: 0.0521 Acc: 0.9834 F1: 0.9565 AUC: 0.9993
2026-07-18 17:51:19,719 - INFO - Epoch  17 | Train Loss: 0.0554 Acc: 0.9790 | Val Loss: 0.0487 Acc: 0.9861 F1: 0.9635 AUC: 0.9995
2026-07-18 17:52:08,196 - INFO - Epoch  18 | Train Loss: 0.0526 Acc: 0.9804 | Val Loss: 0.0453 Acc: 0.9861 F1: 0.9635 AUC: 0.9995
2026-07-18 17:52:58,773 - INFO - Epoch  19 | Train Loss: 0.0507 Acc: 0.9785 | Val Loss: 0.0427 Acc: 0.9889 F1: 0.9710 AUC: 0.9996
2026-07-18 17:53:43,257 - INFO - Epoch  20 | Train Loss: 0.0492 Acc: 0.9775 | Val Loss: 0.0398 Acc: 0.9889 F1: 0.9710 AUC: 0.9996
2026-07-18 17:54:33,553 - INFO - Epoch  21 | Train Loss: 0.0496 Acc: 0.9775 | Val Loss: 0.0373 Acc: 0.9889 F1: 0.9710 AUC: 0.9996
2026-07-18 17:55:19,185 - INFO - Epoch  22 | Train Loss: 0.0461 Acc: 0.9755 | Val Loss: 0.0353 Acc: 0.9889 F1: 0.9710 AUC: 0.9996
2026-07-18 17:56:03,741 - INFO - Epoch  23 | Train Loss: 0.0443 Acc: 0.9770 | Val Loss: 0.0336 Acc: 0.9889 F1: 0.9710 AUC: 0.9997
2026-07-18 17:56:53,447 - INFO - Epoch  24 | Train Loss: 0.0441 Acc: 0.9755 | Val Loss: 0.0323 Acc: 0.9889 F1: 0.9710 AUC: 0.9998
2026-07-18 17:57:41,007 - INFO - Epoch  25 | Train Loss: 0.0459 Acc: 0.9790 | Val Loss: 0.0318 Acc: 0.9889 F1: 0.9710 AUC: 0.9997
2026-07-18 17:58:23,461 - INFO - Epoch  26 | Train Loss: 0.0463 Acc: 0.9765 | Val Loss: 0.0317 Acc: 0.9889 F1: 0.9710 AUC: 0.9997
2026-07-18 17:59:13,444 - INFO - Epoch  27 | Train Loss: 0.0420 Acc: 0.9770 | Val Loss: 0.0314 Acc: 0.9889 F1: 0.9710 AUC: 0.9997
2026-07-18 18:00:03,955 - INFO - Epoch  28 | Train Loss: 0.0392 Acc: 0.9824 | Val Loss: 0.0301 Acc: 0.9889 F1: 0.9710 AUC: 0.9998
2026-07-18 18:01:00,452 - INFO - Epoch  29 | Train Loss: 0.0426 Acc: 0.9809 | Val Loss: 0.0284 Acc: 0.9889 F1: 0.9710 AUC: 0.9998
2026-07-18 18:01:45,454 - INFO - Epoch  30 | Train Loss: 0.0373 Acc: 0.9824 | Val Loss: 0.0269 Acc: 0.9889 F1: 0.9710 AUC: 0.9998
2026-07-18 18:02:32,341 - INFO - Epoch  31 | Train Loss: 0.0356 Acc: 0.9824 | Val Loss: 0.0257 Acc: 0.9889 F1: 0.9710 AUC: 0.9998
2026-07-18 18:03:26,137 - INFO - Epoch  32 | Train Loss: 0.0333 Acc: 0.9838 | Val Loss: 0.0245 Acc: 0.9889 F1: 0.9710 AUC: 0.9999
2026-07-18 18:04:17,681 - INFO - Epoch  33 | Train Loss: 0.0348 Acc: 0.9824 | Val Loss: 0.0230 Acc: 0.9889 F1: 0.9710 AUC: 0.9999
2026-07-18 18:05:04,418 - INFO - Epoch  34 | Train Loss: 0.0318 Acc: 0.9824 | Val Loss: 0.0218 Acc: 0.9889 F1: 0.9710 AUC: 0.9999
2026-07-18 18:05:04,421 - INFO - Early stopping at epoch 34
2026-07-18 18:05:06,996 - INFO - 
Run 1 Test Results:
2026-07-18 18:05:06,996 - INFO -   Accuracy: 0.8519, F1: 0.5436, AUC: 0.8793
2026-07-18 18:05:06,997 - INFO - 
============================================================
Run 2/5 (device=cpu)
============================================================
2026-07-18 18:05:07,084 - INFO - Using class weighting: class1 weight = 4.43
2026-07-18 18:05:50,796 - INFO - Epoch   1 | Train Loss: 0.7513 Acc: 0.8008 | Val Loss: 0.4235 Acc: 0.9584 F1: 0.8889 AUC: 0.9852
2026-07-18 18:06:41,978 - INFO - Epoch   2 | Train Loss: 0.4410 Acc: 0.9496 | Val Loss: 0.2577 Acc: 0.9418 F1: 0.8489 AUC: 0.9859
2026-07-18 18:07:39,618 - INFO - Epoch   3 | Train Loss: 0.2725 Acc: 0.9393 | Val Loss: 0.1888 Acc: 0.9335 F1: 0.8310 AUC: 0.9870
2026-07-18 18:08:24,833 - INFO - Epoch   4 | Train Loss: 0.1937 Acc: 0.9266 | Val Loss: 0.1400 Acc: 0.9474 F1: 0.8707 AUC: 0.9914
2026-07-18 18:09:14,676 - INFO - Epoch   5 | Train Loss: 0.1498 Acc: 0.9266 | Val Loss: 0.1118 Acc: 0.9474 F1: 0.8725 AUC: 0.9931
2026-07-18 18:10:07,999 - INFO - Epoch   6 | Train Loss: 0.1221 Acc: 0.9364 | Val Loss: 0.1009 Acc: 0.9501 F1: 0.8800 AUC: 0.9929
2026-07-18 18:10:51,840 - INFO - Epoch   7 | Train Loss: 0.1091 Acc: 0.9369 | Val Loss: 0.0926 Acc: 0.9501 F1: 0.8800 AUC: 0.9935
2026-07-18 18:11:35,209 - INFO - Epoch   8 | Train Loss: 0.0968 Acc: 0.9373 | Val Loss: 0.0864 Acc: 0.9529 F1: 0.8859 AUC: 0.9941
2026-07-18 18:12:18,794 - INFO - Epoch   9 | Train Loss: 0.0879 Acc: 0.9398 | Val Loss: 0.0822 Acc: 0.9584 F1: 0.8980 AUC: 0.9952
2026-07-18 18:13:03,147 - INFO - Epoch  10 | Train Loss: 0.0851 Acc: 0.9442 | Val Loss: 0.0784 Acc: 0.9640 F1: 0.9103 AUC: 0.9960
2026-07-18 18:13:50,053 - INFO - Epoch  11 | Train Loss: 0.0782 Acc: 0.9525 | Val Loss: 0.0740 Acc: 0.9640 F1: 0.9103 AUC: 0.9969
2026-07-18 18:14:38,787 - INFO - Epoch  12 | Train Loss: 0.0717 Acc: 0.9550 | Val Loss: 0.0683 Acc: 0.9695 F1: 0.9231 AUC: 0.9975
2026-07-18 18:15:23,012 - INFO - Epoch  13 | Train Loss: 0.0634 Acc: 0.9618 | Val Loss: 0.0628 Acc: 0.9695 F1: 0.9231 AUC: 0.9979
2026-07-18 18:16:05,603 - INFO - Epoch  14 | Train Loss: 0.0612 Acc: 0.9638 | Val Loss: 0.0587 Acc: 0.9695 F1: 0.9231 AUC: 0.9986
2026-07-18 18:16:50,438 - INFO - Epoch  15 | Train Loss: 0.0588 Acc: 0.9687 | Val Loss: 0.0560 Acc: 0.9723 F1: 0.9296 AUC: 0.9988
2026-07-18 18:17:35,549 - INFO - Epoch  16 | Train Loss: 0.0553 Acc: 0.9711 | Val Loss: 0.0530 Acc: 0.9806 F1: 0.9496 AUC: 0.9990
2026-07-18 18:18:18,963 - INFO - Epoch  17 | Train Loss: 0.0532 Acc: 0.9780 | Val Loss: 0.0493 Acc: 0.9806 F1: 0.9496 AUC: 0.9992
2026-07-18 18:19:09,366 - INFO - Epoch  18 | Train Loss: 0.0516 Acc: 0.9794 | Val Loss: 0.0452 Acc: 0.9806 F1: 0.9496 AUC: 0.9993
2026-07-18 18:19:54,392 - INFO - Epoch  19 | Train Loss: 0.0490 Acc: 0.9780 | Val Loss: 0.0414 Acc: 0.9806 F1: 0.9496 AUC: 0.9994
2026-07-18 18:20:40,232 - INFO - Epoch  20 | Train Loss: 0.0456 Acc: 0.9760 | Val Loss: 0.0385 Acc: 0.9834 F1: 0.9565 AUC: 0.9994
2026-07-18 18:21:26,405 - INFO - Epoch  21 | Train Loss: 0.0449 Acc: 0.9794 | Val Loss: 0.0365 Acc: 0.9861 F1: 0.9635 AUC: 0.9995
2026-07-18 18:22:11,221 - INFO - Epoch  22 | Train Loss: 0.0429 Acc: 0.9819 | Val Loss: 0.0349 Acc: 0.9889 F1: 0.9710 AUC: 0.9996
2026-07-18 18:22:55,219 - INFO - Epoch  23 | Train Loss: 0.0407 Acc: 0.9790 | Val Loss: 0.0323 Acc: 0.9917 F1: 0.9781 AUC: 0.9996
2026-07-18 18:23:44,930 - INFO - Epoch  24 | Train Loss: 0.0393 Acc: 0.9809 | Val Loss: 0.0304 Acc: 0.9917 F1: 0.9781 AUC: 0.9997
2026-07-18 18:24:36,146 - INFO - Epoch  25 | Train Loss: 0.0413 Acc: 0.9780 | Val Loss: 0.0288 Acc: 0.9917 F1: 0.9781 AUC: 0.9997
2026-07-18 18:25:23,537 - INFO - Epoch  26 | Train Loss: 0.0363 Acc: 0.9829 | Val Loss: 0.0276 Acc: 0.9917 F1: 0.9781 AUC: 0.9998
2026-07-18 18:26:09,467 - INFO - Epoch  27 | Train Loss: 0.0387 Acc: 0.9814 | Val Loss: 0.0272 Acc: 0.9917 F1: 0.9781 AUC: 0.9998
2026-07-18 18:26:55,041 - INFO - Epoch  28 | Train Loss: 0.0359 Acc: 0.9824 | Val Loss: 0.0273 Acc: 0.9917 F1: 0.9781 AUC: 0.9998
2026-07-18 18:27:43,168 - INFO - Epoch  29 | Train Loss: 0.0396 Acc: 0.9829 | Val Loss: 0.0275 Acc: 0.9917 F1: 0.9781 AUC: 0.9999
2026-07-18 18:28:26,261 - INFO - Epoch  30 | Train Loss: 0.0346 Acc: 0.9848 | Val Loss: 0.0249 Acc: 0.9917 F1: 0.9781 AUC: 1.0000
2026-07-18 18:29:16,632 - INFO - Epoch  31 | Train Loss: 0.0345 Acc: 0.9858 | Val Loss: 0.0222 Acc: 0.9889 F1: 0.9710 AUC: 0.9997
2026-07-18 18:30:02,180 - INFO - Epoch  32 | Train Loss: 0.0301 Acc: 0.9848 | Val Loss: 0.0242 Acc: 0.9861 F1: 0.9640 AUC: 0.9997
2026-07-18 18:30:49,048 - INFO - Epoch  33 | Train Loss: 0.0337 Acc: 0.9848 | Val Loss: 0.0255 Acc: 0.9861 F1: 0.9640 AUC: 0.9996
2026-07-18 18:31:43,889 - INFO - Epoch  34 | Train Loss: 0.0330 Acc: 0.9843 | Val Loss: 0.0239 Acc: 0.9861 F1: 0.9640 AUC: 0.9997
2026-07-18 18:32:34,601 - INFO - Epoch  35 | Train Loss: 0.0340 Acc: 0.9838 | Val Loss: 0.0226 Acc: 0.9889 F1: 0.9710 AUC: 0.9997
2026-07-18 18:33:21,717 - INFO - Epoch  36 | Train Loss: 0.0315 Acc: 0.9834 | Val Loss: 0.0239 Acc: 0.9917 F1: 0.9781 AUC: 0.9996
2026-07-18 18:34:06,151 - INFO - Epoch  37 | Train Loss: 0.0314 Acc: 0.9853 | Val Loss: 0.0254 Acc: 0.9917 F1: 0.9781 AUC: 0.9996
2026-07-18 18:34:48,691 - INFO - Epoch  38 | Train Loss: 0.0308 Acc: 0.9863 | Val Loss: 0.0268 Acc: 0.9889 F1: 0.9710 AUC: 0.9995
2026-07-18 18:34:48,696 - INFO - Early stopping at epoch 38
2026-07-18 18:34:51,671 - INFO - 
Run 2 Test Results:
2026-07-18 18:34:51,671 - INFO -   Accuracy: 0.8410, F1: 0.5350, AUC: 0.8773
2026-07-18 18:34:51,673 - INFO - 
============================================================
Run 3/5 (device=cpu)
============================================================
2026-07-18 18:34:51,749 - INFO - Using class weighting: class1 weight = 4.43
2026-07-18 18:35:42,257 - INFO - Epoch   1 | Train Loss: 0.6833 Acc: 0.4782 | Val Loss: 0.5066 Acc: 0.7230 F1: 0.5413 AUC: 0.9389
2026-07-18 18:36:32,739 - INFO - Epoch   2 | Train Loss: 0.5122 Acc: 0.7807 | Val Loss: 0.3669 Acc: 0.9086 F1: 0.7871 AUC: 0.9772
2026-07-18 18:37:39,497 - INFO - Epoch   3 | Train Loss: 0.3857 Acc: 0.8869 | Val Loss: 0.2746 Acc: 0.9280 F1: 0.8169 AUC: 0.9790
2026-07-18 18:38:25,641 - INFO - Epoch   4 | Train Loss: 0.2917 Acc: 0.9163 | Val Loss: 0.2016 Acc: 0.9363 F1: 0.8369 AUC: 0.9859
2026-07-18 18:39:11,566 - INFO - Epoch   5 | Train Loss: 0.2097 Acc: 0.9305 | Val Loss: 0.1563 Acc: 0.9391 F1: 0.8429 AUC: 0.9897
2026-07-18 18:39:56,173 - INFO - Epoch   6 | Train Loss: 0.1675 Acc: 0.9383 | Val Loss: 0.1236 Acc: 0.9391 F1: 0.8493 AUC: 0.9922
2026-07-18 18:40:53,057 - INFO - Epoch   7 | Train Loss: 0.1371 Acc: 0.9364 | Val Loss: 0.1019 Acc: 0.9501 F1: 0.8800 AUC: 0.9928
2026-07-18 18:41:44,622 - INFO - Epoch   8 | Train Loss: 0.1145 Acc: 0.9359 | Val Loss: 0.0866 Acc: 0.9501 F1: 0.8800 AUC: 0.9945
2026-07-18 18:42:29,586 - INFO - Epoch   9 | Train Loss: 0.1026 Acc: 0.9383 | Val Loss: 0.0754 Acc: 0.9557 F1: 0.8919 AUC: 0.9959
2026-07-18 18:43:16,707 - INFO - Epoch  10 | Train Loss: 0.0912 Acc: 0.9486 | Val Loss: 0.0703 Acc: 0.9612 F1: 0.9028 AUC: 0.9963
2026-07-18 18:43:58,732 - INFO - Epoch  11 | Train Loss: 0.0846 Acc: 0.9491 | Val Loss: 0.0673 Acc: 0.9695 F1: 0.9220 AUC: 0.9969
2026-07-18 18:44:45,348 - INFO - Epoch  12 | Train Loss: 0.0829 Acc: 0.9540 | Val Loss: 0.0647 Acc: 0.9668 F1: 0.9155 AUC: 0.9978
2026-07-18 18:45:47,139 - INFO - Epoch  13 | Train Loss: 0.0722 Acc: 0.9569 | Val Loss: 0.0618 Acc: 0.9695 F1: 0.9231 AUC: 0.9980
2026-07-18 18:46:41,757 - INFO - Epoch  14 | Train Loss: 0.0679 Acc: 0.9643 | Val Loss: 0.0586 Acc: 0.9751 F1: 0.9362 AUC: 0.9986
2026-07-18 18:47:28,159 - INFO - Epoch  15 | Train Loss: 0.0633 Acc: 0.9726 | Val Loss: 0.0545 Acc: 0.9806 F1: 0.9504 AUC: 0.9991
2026-07-18 18:48:14,996 - INFO - Epoch  16 | Train Loss: 0.0622 Acc: 0.9755 | Val Loss: 0.0482 Acc: 0.9806 F1: 0.9504 AUC: 0.9995
2026-07-18 18:49:00,805 - INFO - Epoch  17 | Train Loss: 0.0598 Acc: 0.9745 | Val Loss: 0.0426 Acc: 0.9778 F1: 0.9437 AUC: 0.9999
2026-07-18 18:49:47,345 - INFO - Epoch  18 | Train Loss: 0.0581 Acc: 0.9770 | Val Loss: 0.0395 Acc: 0.9751 F1: 0.9371 AUC: 0.9998
2026-07-18 18:50:34,369 - INFO - Epoch  19 | Train Loss: 0.0518 Acc: 0.9736 | Val Loss: 0.0376 Acc: 0.9778 F1: 0.9437 AUC: 0.9999
2026-07-18 18:51:23,312 - INFO - Epoch  20 | Train Loss: 0.0493 Acc: 0.9741 | Val Loss: 0.0405 Acc: 0.9806 F1: 0.9504 AUC: 0.9996
2026-07-18 18:52:10,302 - INFO - Epoch  21 | Train Loss: 0.0440 Acc: 0.9790 | Val Loss: 0.0352 Acc: 0.9834 F1: 0.9571 AUC: 0.9999
2026-07-18 18:52:59,951 - INFO - Epoch  22 | Train Loss: 0.0461 Acc: 0.9799 | Val Loss: 0.0329 Acc: 0.9889 F1: 0.9710 AUC: 0.9999
2026-07-18 18:53:42,917 - INFO - Epoch  23 | Train Loss: 0.0421 Acc: 0.9834 | Val Loss: 0.0303 Acc: 0.9889 F1: 0.9710 AUC: 1.0000
2026-07-18 18:54:29,706 - INFO - Epoch  24 | Train Loss: 0.0471 Acc: 0.9804 | Val Loss: 0.0277 Acc: 0.9861 F1: 0.9640 AUC: 1.0000
2026-07-18 18:55:16,476 - INFO - Epoch  25 | Train Loss: 0.0431 Acc: 0.9814 | Val Loss: 0.0263 Acc: 0.9806 F1: 0.9504 AUC: 1.0000
2026-07-18 18:56:04,693 - INFO - Epoch  26 | Train Loss: 0.0379 Acc: 0.9804 | Val Loss: 0.0253 Acc: 0.9834 F1: 0.9571 AUC: 1.0000
2026-07-18 18:56:59,668 - INFO - Epoch  27 | Train Loss: 0.0405 Acc: 0.9799 | Val Loss: 0.0245 Acc: 0.9889 F1: 0.9710 AUC: 1.0000
2026-07-18 18:57:47,672 - INFO - Epoch  28 | Train Loss: 0.0354 Acc: 0.9804 | Val Loss: 0.0235 Acc: 0.9889 F1: 0.9710 AUC: 1.0000
2026-07-18 18:58:40,759 - INFO - Epoch  29 | Train Loss: 0.0336 Acc: 0.9848 | Val Loss: 0.0225 Acc: 0.9917 F1: 0.9781 AUC: 1.0000
2026-07-18 18:59:26,610 - INFO - Epoch  30 | Train Loss: 0.0351 Acc: 0.9848 | Val Loss: 0.0217 Acc: 0.9917 F1: 0.9781 AUC: 1.0000
2026-07-18 19:00:18,883 - INFO - Epoch  31 | Train Loss: 0.0341 Acc: 0.9858 | Val Loss: 0.0207 Acc: 0.9917 F1: 0.9781 AUC: 1.0000
2026-07-18 19:01:04,030 - INFO - Epoch  32 | Train Loss: 0.0354 Acc: 0.9858 | Val Loss: 0.0205 Acc: 0.9917 F1: 0.9781 AUC: 0.9999
2026-07-18 19:01:49,925 - INFO - Epoch  33 | Train Loss: 0.0310 Acc: 0.9868 | Val Loss: 0.0205 Acc: 0.9861 F1: 0.9640 AUC: 0.9999
2026-07-18 19:02:39,218 - INFO - Epoch  34 | Train Loss: 0.0285 Acc: 0.9858 | Val Loss: 0.0207 Acc: 0.9861 F1: 0.9640 AUC: 0.9999
2026-07-18 19:03:25,748 - INFO - Epoch  35 | Train Loss: 0.0263 Acc: 0.9858 | Val Loss: 0.0202 Acc: 0.9917 F1: 0.9781 AUC: 0.9999
2026-07-18 19:04:07,200 - INFO - Epoch  36 | Train Loss: 0.0275 Acc: 0.9883 | Val Loss: 0.0197 Acc: 0.9917 F1: 0.9781 AUC: 0.9998
2026-07-18 19:04:50,212 - INFO - Epoch  37 | Train Loss: 0.0264 Acc: 0.9902 | Val Loss: 0.0197 Acc: 0.9917 F1: 0.9781 AUC: 0.9998
2026-07-18 19:05:37,648 - INFO - Epoch  38 | Train Loss: 0.0287 Acc: 0.9897 | Val Loss: 0.0214 Acc: 0.9889 F1: 0.9710 AUC: 0.9997
2026-07-18 19:06:19,041 - INFO - Epoch  39 | Train Loss: 0.0274 Acc: 0.9878 | Val Loss: 0.0209 Acc: 0.9889 F1: 0.9710 AUC: 0.9996
2026-07-18 19:07:10,159 - INFO - Epoch  40 | Train Loss: 0.0262 Acc: 0.9878 | Val Loss: 0.0215 Acc: 0.9889 F1: 0.9710 AUC: 0.9996
2026-07-18 19:08:22,233 - INFO - Epoch  41 | Train Loss: 0.0252 Acc: 0.9883 | Val Loss: 0.0212 Acc: 0.9889 F1: 0.9710 AUC: 0.9996
2026-07-18 19:09:13,329 - INFO - Epoch  42 | Train Loss: 0.0243 Acc: 0.9848 | Val Loss: 0.0202 Acc: 0.9889 F1: 0.9710 AUC: 0.9996
2026-07-18 19:09:45,072 - INFO - Epoch  43 | Train Loss: 0.0244 Acc: 0.9883 | Val Loss: 0.0196 Acc: 0.9917 F1: 0.9781 AUC: 0.9996
2026-07-18 19:10:17,760 - INFO - Epoch  44 | Train Loss: 0.0226 Acc: 0.9887 | Val Loss: 0.0195 Acc: 0.9917 F1: 0.9781 AUC: 0.9996
2026-07-18 19:10:17,761 - INFO - Early stopping at epoch 44
2026-07-18 19:10:19,172 - INFO - 
Run 3 Test Results:
2026-07-18 19:10:19,172 - INFO -   Accuracy: 0.8932, F1: 0.6202, AUC: 0.8917
2026-07-18 19:10:19,175 - INFO - 
============================================================
Run 4/5 (device=cpu)
============================================================
2026-07-18 19:10:19,263 - INFO - Using class weighting: class1 weight = 4.43
2026-07-18 19:10:56,829 - INFO - Epoch   1 | Train Loss: 0.7334 Acc: 0.1801 | Val Loss: 0.5119 Acc: 0.7729 F1: 0.5900 AUC: 0.8923
2026-07-18 19:11:30,631 - INFO - Epoch   2 | Train Loss: 0.5174 Acc: 0.7029 | Val Loss: 0.3410 Acc: 0.9058 F1: 0.7763 AUC: 0.9485
2026-07-18 19:12:03,849 - INFO - Epoch   3 | Train Loss: 0.3335 Acc: 0.8879 | Val Loss: 0.2430 Acc: 0.9197 F1: 0.8027 AUC: 0.9825
2026-07-18 19:12:50,528 - INFO - Epoch   4 | Train Loss: 0.2463 Acc: 0.9129 | Val Loss: 0.1783 Acc: 0.9252 F1: 0.8138 AUC: 0.9886
2026-07-18 19:13:35,878 - INFO - Epoch   5 | Train Loss: 0.1829 Acc: 0.9173 | Val Loss: 0.1351 Acc: 0.9363 F1: 0.8497 AUC: 0.9910
2026-07-18 19:14:12,020 - INFO - Epoch   6 | Train Loss: 0.1461 Acc: 0.9222 | Val Loss: 0.1084 Acc: 0.9391 F1: 0.8571 AUC: 0.9924
2026-07-18 19:14:51,118 - INFO - Epoch   7 | Train Loss: 0.1216 Acc: 0.9261 | Val Loss: 0.0939 Acc: 0.9418 F1: 0.8627 AUC: 0.9936
2026-07-18 19:15:23,840 - INFO - Epoch   8 | Train Loss: 0.1066 Acc: 0.9310 | Val Loss: 0.0832 Acc: 0.9474 F1: 0.8742 AUC: 0.9948
2026-07-18 19:15:59,901 - INFO - Epoch   9 | Train Loss: 0.0934 Acc: 0.9373 | Val Loss: 0.0766 Acc: 0.9529 F1: 0.8859 AUC: 0.9956
2026-07-18 19:16:37,064 - INFO - Epoch  10 | Train Loss: 0.0801 Acc: 0.9447 | Val Loss: 0.0727 Acc: 0.9668 F1: 0.9167 AUC: 0.9967
2026-07-18 19:17:10,085 - INFO - Epoch  11 | Train Loss: 0.0748 Acc: 0.9520 | Val Loss: 0.0699 Acc: 0.9723 F1: 0.9296 AUC: 0.9978
2026-07-18 19:17:54,270 - INFO - Epoch  12 | Train Loss: 0.0707 Acc: 0.9652 | Val Loss: 0.0665 Acc: 0.9751 F1: 0.9362 AUC: 0.9982
2026-07-18 19:18:36,736 - INFO - Epoch  13 | Train Loss: 0.0649 Acc: 0.9697 | Val Loss: 0.0629 Acc: 0.9861 F1: 0.9635 AUC: 0.9985
2026-07-18 19:19:15,138 - INFO - Epoch  14 | Train Loss: 0.0636 Acc: 0.9682 | Val Loss: 0.0590 Acc: 0.9861 F1: 0.9635 AUC: 0.9990
2026-07-18 19:19:49,644 - INFO - Epoch  15 | Train Loss: 0.0594 Acc: 0.9687 | Val Loss: 0.0550 Acc: 0.9861 F1: 0.9635 AUC: 0.9992
2026-07-18 19:20:24,587 - INFO - Epoch  16 | Train Loss: 0.0563 Acc: 0.9741 | Val Loss: 0.0517 Acc: 0.9889 F1: 0.9710 AUC: 0.9993
2026-07-18 19:20:57,446 - INFO - Epoch  17 | Train Loss: 0.0530 Acc: 0.9760 | Val Loss: 0.0494 Acc: 0.9889 F1: 0.9710 AUC: 0.9995
2026-07-18 19:21:38,970 - INFO - Epoch  18 | Train Loss: 0.0540 Acc: 0.9745 | Val Loss: 0.0473 Acc: 0.9889 F1: 0.9710 AUC: 0.9997
2026-07-18 19:22:24,481 - INFO - Epoch  19 | Train Loss: 0.0563 Acc: 0.9745 | Val Loss: 0.0448 Acc: 0.9889 F1: 0.9710 AUC: 0.9997
2026-07-18 19:23:04,476 - INFO - Epoch  20 | Train Loss: 0.0503 Acc: 0.9770 | Val Loss: 0.0428 Acc: 0.9889 F1: 0.9710 AUC: 0.9998
2026-07-18 19:23:58,575 - INFO - Epoch  21 | Train Loss: 0.0502 Acc: 0.9814 | Val Loss: 0.0406 Acc: 0.9889 F1: 0.9710 AUC: 0.9996
2026-07-18 19:24:40,342 - INFO - Epoch  22 | Train Loss: 0.0494 Acc: 0.9790 | Val Loss: 0.0373 Acc: 0.9889 F1: 0.9710 AUC: 0.9996
2026-07-18 19:25:23,663 - INFO - Epoch  23 | Train Loss: 0.0471 Acc: 0.9794 | Val Loss: 0.0349 Acc: 0.9889 F1: 0.9710 AUC: 0.9997
2026-07-18 19:26:10,565 - INFO - Epoch  24 | Train Loss: 0.0453 Acc: 0.9780 | Val Loss: 0.0331 Acc: 0.9889 F1: 0.9710 AUC: 0.9998
2026-07-18 19:26:54,492 - INFO - Epoch  25 | Train Loss: 0.0451 Acc: 0.9780 | Val Loss: 0.0317 Acc: 0.9889 F1: 0.9710 AUC: 0.9998
2026-07-18 19:27:37,729 - INFO - Epoch  26 | Train Loss: 0.0459 Acc: 0.9790 | Val Loss: 0.0313 Acc: 0.9917 F1: 0.9781 AUC: 0.9998
2026-07-18 19:28:50,745 - INFO - Epoch  27 | Train Loss: 0.0412 Acc: 0.9799 | Val Loss: 0.0311 Acc: 0.9917 F1: 0.9781 AUC: 0.9998
2026-07-18 19:29:37,692 - INFO - Epoch  28 | Train Loss: 0.0392 Acc: 0.9843 | Val Loss: 0.0306 Acc: 0.9917 F1: 0.9781 AUC: 0.9999
2026-07-18 19:30:19,743 - INFO - Epoch  29 | Train Loss: 0.0409 Acc: 0.9834 | Val Loss: 0.0283 Acc: 0.9917 F1: 0.9781 AUC: 0.9999
2026-07-18 19:31:02,431 - INFO - Epoch  30 | Train Loss: 0.0419 Acc: 0.9853 | Val Loss: 0.0256 Acc: 0.9917 F1: 0.9781 AUC: 0.9999
2026-07-18 19:31:53,397 - INFO - Epoch  31 | Train Loss: 0.0367 Acc: 0.9834 | Val Loss: 0.0240 Acc: 0.9917 F1: 0.9781 AUC: 0.9999
2026-07-18 19:32:35,855 - INFO - Epoch  32 | Train Loss: 0.0389 Acc: 0.9799 | Val Loss: 0.0232 Acc: 0.9917 F1: 0.9781 AUC: 0.9998
2026-07-18 19:33:12,427 - INFO - Epoch  33 | Train Loss: 0.0382 Acc: 0.9809 | Val Loss: 0.0231 Acc: 0.9917 F1: 0.9781 AUC: 0.9998
2026-07-18 19:33:53,897 - INFO - Epoch  34 | Train Loss: 0.0312 Acc: 0.9848 | Val Loss: 0.0237 Acc: 0.9917 F1: 0.9781 AUC: 0.9997
2026-07-18 19:34:37,459 - INFO - Epoch  35 | Train Loss: 0.0355 Acc: 0.9863 | Val Loss: 0.0219 Acc: 0.9917 F1: 0.9781 AUC: 0.9998
2026-07-18 19:35:16,981 - INFO - Epoch  36 | Train Loss: 0.0340 Acc: 0.9848 | Val Loss: 0.0210 Acc: 0.9917 F1: 0.9781 AUC: 0.9999
2026-07-18 19:35:59,273 - INFO - Epoch  37 | Train Loss: 0.0322 Acc: 0.9829 | Val Loss: 0.0213 Acc: 0.9917 F1: 0.9781 AUC: 0.9999
2026-07-18 19:36:37,297 - INFO - Epoch  38 | Train Loss: 0.0309 Acc: 0.9883 | Val Loss: 0.0216 Acc: 0.9917 F1: 0.9781 AUC: 0.9999
2026-07-18 19:37:44,131 - INFO - Epoch  39 | Train Loss: 0.0335 Acc: 0.9863 | Val Loss: 0.0220 Acc: 0.9917 F1: 0.9781 AUC: 0.9999
2026-07-18 19:38:19,762 - INFO - Epoch  40 | Train Loss: 0.0288 Acc: 0.9897 | Val Loss: 0.0205 Acc: 0.9917 F1: 0.9781 AUC: 0.9998
2026-07-18 19:38:53,736 - INFO - Epoch  41 | Train Loss: 0.0266 Acc: 0.9892 | Val Loss: 0.0190 Acc: 0.9889 F1: 0.9710 AUC: 0.9999
2026-07-18 19:38:53,740 - INFO - Early stopping at epoch 41
2026-07-18 19:38:55,200 - INFO - 
Run 4 Test Results:
2026-07-18 19:38:55,200 - INFO -   Accuracy: 0.8508, F1: 0.5508, AUC: 0.8919
2026-07-18 19:38:55,200 - INFO - 
============================================================
Run 5/5 (device=cpu)
============================================================
2026-07-18 19:38:55,286 - INFO - Using class weighting: class1 weight = 4.43
2026-07-18 19:39:34,929 - INFO - Epoch   1 | Train Loss: 0.6826 Acc: 0.2340 | Val Loss: 0.3918 Acc: 0.9197 F1: 0.8079 AUC: 0.9856
2026-07-18 19:40:19,001 - INFO - Epoch   2 | Train Loss: 0.4063 Acc: 0.8850 | Val Loss: 0.2505 Acc: 0.9307 F1: 0.8299 AUC: 0.9887
2026-07-18 19:41:05,673 - INFO - Epoch   3 | Train Loss: 0.2659 Acc: 0.9065 | Val Loss: 0.1690 Acc: 0.9197 F1: 0.8105 AUC: 0.9903
2026-07-18 19:41:42,167 - INFO - Epoch   4 | Train Loss: 0.1866 Acc: 0.9183 | Val Loss: 0.1229 Acc: 0.9391 F1: 0.8571 AUC: 0.9940
2026-07-18 19:42:22,215 - INFO - Epoch   5 | Train Loss: 0.1412 Acc: 0.9241 | Val Loss: 0.0973 Acc: 0.9474 F1: 0.8742 AUC: 0.9952
2026-07-18 19:43:21,955 - INFO - Epoch   6 | Train Loss: 0.1150 Acc: 0.9334 | Val Loss: 0.0843 Acc: 0.9529 F1: 0.8859 AUC: 0.9959
2026-07-18 19:44:03,052 - INFO - Epoch   7 | Train Loss: 0.0995 Acc: 0.9354 | Val Loss: 0.0747 Acc: 0.9584 F1: 0.8980 AUC: 0.9971
2026-07-18 19:44:44,125 - INFO - Epoch   8 | Train Loss: 0.0923 Acc: 0.9398 | Val Loss: 0.0690 Acc: 0.9640 F1: 0.9103 AUC: 0.9976
2026-07-18 19:45:30,809 - INFO - Epoch   9 | Train Loss: 0.0818 Acc: 0.9471 | Val Loss: 0.0657 Acc: 0.9695 F1: 0.9231 AUC: 0.9980
2026-07-18 19:46:12,485 - INFO - Epoch  10 | Train Loss: 0.0750 Acc: 0.9520 | Val Loss: 0.0626 Acc: 0.9723 F1: 0.9296 AUC: 0.9983
2026-07-18 19:46:50,099 - INFO - Epoch  11 | Train Loss: 0.0673 Acc: 0.9643 | Val Loss: 0.0568 Acc: 0.9751 F1: 0.9362 AUC: 0.9988
2026-07-18 19:47:41,598 - INFO - Epoch  12 | Train Loss: 0.0617 Acc: 0.9657 | Val Loss: 0.0516 Acc: 0.9806 F1: 0.9496 AUC: 0.9993
2026-07-18 19:48:31,626 - INFO - Epoch  13 | Train Loss: 0.0626 Acc: 0.9652 | Val Loss: 0.0470 Acc: 0.9806 F1: 0.9496 AUC: 0.9993
2026-07-18 19:49:10,988 - INFO - Epoch  14 | Train Loss: 0.0562 Acc: 0.9721 | Val Loss: 0.0430 Acc: 0.9834 F1: 0.9571 AUC: 0.9996
2026-07-18 19:49:47,313 - INFO - Epoch  15 | Train Loss: 0.0539 Acc: 0.9726 | Val Loss: 0.0401 Acc: 0.9889 F1: 0.9710 AUC: 0.9997
2026-07-18 19:50:27,872 - INFO - Epoch  16 | Train Loss: 0.0503 Acc: 0.9750 | Val Loss: 0.0386 Acc: 0.9917 F1: 0.9781 AUC: 0.9997
2026-07-18 19:51:02,350 - INFO - Epoch  17 | Train Loss: 0.0486 Acc: 0.9799 | Val Loss: 0.0364 Acc: 0.9917 F1: 0.9781 AUC: 0.9998
2026-07-18 19:51:38,112 - INFO - Epoch  18 | Train Loss: 0.0491 Acc: 0.9790 | Val Loss: 0.0328 Acc: 0.9917 F1: 0.9781 AUC: 0.9998
2026-07-18 19:52:16,325 - INFO - Epoch  19 | Train Loss: 0.0427 Acc: 0.9819 | Val Loss: 0.0296 Acc: 0.9889 F1: 0.9710 AUC: 1.0000
2026-07-18 19:52:49,470 - INFO - Epoch  20 | Train Loss: 0.0413 Acc: 0.9819 | Val Loss: 0.0272 Acc: 0.9889 F1: 0.9710 AUC: 0.9999
2026-07-18 19:53:27,531 - INFO - Epoch  21 | Train Loss: 0.0418 Acc: 0.9765 | Val Loss: 0.0264 Acc: 0.9917 F1: 0.9781 AUC: 1.0000
2026-07-18 19:54:09,663 - INFO - Epoch  22 | Train Loss: 0.0413 Acc: 0.9824 | Val Loss: 0.0272 Acc: 0.9917 F1: 0.9781 AUC: 0.9998
2026-07-18 19:54:47,215 - INFO - Epoch  23 | Train Loss: 0.0373 Acc: 0.9848 | Val Loss: 0.0278 Acc: 0.9917 F1: 0.9781 AUC: 0.9997
2026-07-18 19:55:34,779 - INFO - Epoch  24 | Train Loss: 0.0388 Acc: 0.9848 | Val Loss: 0.0249 Acc: 0.9917 F1: 0.9781 AUC: 0.9998
2026-07-18 19:56:12,477 - INFO - Epoch  25 | Train Loss: 0.0357 Acc: 0.9843 | Val Loss: 0.0223 Acc: 0.9917 F1: 0.9781 AUC: 0.9998
2026-07-18 19:57:24,851 - INFO - Epoch  26 | Train Loss: 0.0349 Acc: 0.9843 | Val Loss: 0.0208 Acc: 0.9917 F1: 0.9781 AUC: 0.9999
2026-07-18 19:58:01,178 - INFO - Epoch  27 | Train Loss: 0.0358 Acc: 0.9814 | Val Loss: 0.0203 Acc: 0.9917 F1: 0.9781 AUC: 0.9999
2026-07-18 19:58:46,544 - INFO - Epoch  28 | Train Loss: 0.0348 Acc: 0.9834 | Val Loss: 0.0208 Acc: 0.9917 F1: 0.9781 AUC: 0.9998
2026-07-18 19:59:33,560 - INFO - Epoch  29 | Train Loss: 0.0333 Acc: 0.9838 | Val Loss: 0.0205 Acc: 0.9917 F1: 0.9781 AUC: 0.9998
2026-07-18 20:02:05,688 - INFO - Epoch  30 | Train Loss: 0.0328 Acc: 0.9853 | Val Loss: 0.0201 Acc: 0.9917 F1: 0.9781 AUC: 0.9999
2026-07-18 20:02:50,716 - INFO - Epoch  31 | Train Loss: 0.0275 Acc: 0.9868 | Val Loss: 0.0197 Acc: 0.9917 F1: 0.9781 AUC: 0.9999
2026-07-18 20:02:50,721 - INFO - Early stopping at epoch 31
2026-07-18 20:02:53,006 - INFO - 
Run 5 Test Results:
2026-07-18 20:02:53,006 - INFO -   Accuracy: 0.8562, F1: 0.5541, AUC: 0.8861
2026-07-18 20:02:53,006 - WARNING - NOTE: one or more runs fell back to CPU after an out-of-memory error on the original device. All reported runs below are still valid results — the device only affects speed, not correctness — but if you need every run trained on the exact same device for reproducibility notes, rerun with --device cpu from the start.
2026-07-18 20:02:53,372 - INFO - 
Saved results to ./outputs/models_stage2/cross_market/hybrid_test_japan_ft0.15_globalnorm/hybrid_stage2_results.csv
2026-07-18 20:02:53,372 - INFO - 
============================================================
2026-07-18 20:02:53,372 - INFO - SUMMARY OF ALL RUNS
2026-07-18 20:02:53,372 - INFO - ============================================================
2026-07-18 20:02:53,387 - INFO - test_acc: mean=0.8586 ± 0.0180
2026-07-18 20:02:53,387 - INFO - test_prec: mean=0.4388 ± 0.0430
2026-07-18 20:02:53,387 - INFO - test_rec: mean=0.7829 ± 0.0152
2026-07-18 20:02:53,388 - INFO - test_f1: mean=0.5607 ± 0.0304
2026-07-18 20:02:53,388 - INFO - test_auc: mean=0.8853 ± 0.0061
2026-07-18 20:02:53,461 - INFO - 
Best model saved to ./outputs/models_stage2/cross_market/hybrid_test_japan_ft0.15_globalnorm/best_hybrid_stage2.pth
2026-07-18 20:02:54,763 - INFO - 
Plots and specifications saved to ./outputs/models_stage2/cross_market/hybrid_test_japan_ft0.15_globalnorm/plots
2026-07-18 20:02:54,763 - INFO - Stage 2 training completed.
