2026-07-19 02:29:17,727 - INFO - ============================================================
2026-07-19 02:29:17,727 - INFO - Stage 2: HYBRID Training Started
2026-07-19 02:29:17,727 - INFO - ============================================================
2026-07-19 02:29:17,727 - INFO - Output directory: ./outputs/models_stage2/cross_market/hybrid_test_usa_zeroshot_globalnorm
2026-07-19 02:29:17,727 - INFO - Log file: ./outputs/models_stage2/cross_market/hybrid_test_usa_zeroshot_globalnorm/logs/hybrid_stage2.log
2026-07-19 02:29:17,727 - INFO - Model type: hybrid
2026-07-19 02:29:17,727 - INFO - Node features dir: ./outputs/node_features/fold_usa
2026-07-19 02:29:17,728 - INFO - LOCO mode: test_country = usa
2026-07-19 02:29:17,728 - INFO - Global norm: True
2026-07-19 02:29:17,728 - INFO - Fine-tune ratio: 0.0
2026-07-19 02:29:17,745 - INFO - Using device: mps (requested: --device auto)
2026-07-19 02:29:17,762 - INFO - Using hybrid features: 135 dim
2026-07-19 02:29:17,762 - INFO - Node feature shape after adjustment: torch.Size([3322, 135])
2026-07-19 02:29:17,762 - INFO - Graph size: 3322 nodes, 1254360 directed edge entries (density=0.1137)
2026-07-19 02:29:17,762 - WARNING - Large graph (1254360 edges). If running on --device mps and you hit an 'MPS backend out of memory' error, this script will automatically retry on CPU. You can also pass --device cpu directly to skip the failed MPS attempt.
2026-07-19 02:29:17,762 - INFO - ============================================================
2026-07-19 02:29:17,762 - INFO - LOCO mode: Building cross-market splits
2026-07-19 02:29:17,762 - INFO - ============================================================
2026-07-19 02:29:17,772 - INFO - Zero-Shot Cross-Market: No data from usa used in training.
2026-07-19 02:29:17,772 - INFO - Applying global normalization on screen features (fit on training countries only).
2026-07-19 02:29:17,773 - INFO - Normalized screen features using mean [0.03568780794739723, 0.13993309438228607, 0.029970955103635788, 148.65521240234375, -0.3641856014728546, 1.2249419689178467, 0.35993918776512146] and std [0.08741126954555511, 0.5270199179649353, 0.05668521299958229, 1031.82470703125, 1.196062684059143, 3.0206878185272217, 0.16262291371822357]
2026-07-19 02:29:17,776 - INFO - Train: 1003, Val: 178, Test: 2141
2026-07-19 02:29:17,776 - INFO - Label distribution (train): 0=871, 1=132
2026-07-19 02:29:17,776 - INFO - 
============================================================
Run 1/5 (device=mps)
============================================================
2026-07-19 02:29:17,820 - INFO - Using class weighting: class1 weight = 6.60
2026-07-19 02:29:38,906 - ERROR - Run 1: caught out-of-memory error on device 'mps': MPS backend out of memory (MPS allocated: 16.48 GiB, other allocations: 1.97 GiB, max allowed: 20.13 GiB). Tried to allocate 1.92 GiB on private pool. Use PYTORCH_MPS_HIGH_WATERMARK_RATIO=0.0 to disable upper limit for memory allocations (may cause system failure).
2026-07-19 02:29:38,939 - ERROR - Falling back to CPU for this run and all remaining runs (CPU has no hard memory ceiling like MPS/CUDA, just slower). You can avoid this delay next time by passing --device cpu directly.
2026-07-19 02:29:39,038 - INFO - 
============================================================
Run 1/5 (device=cpu)
============================================================
2026-07-19 02:29:39,485 - INFO - Using class weighting: class1 weight = 6.60
2026-07-19 02:30:13,631 - INFO - Epoch   1 | Train Loss: 0.8182 Acc: 0.6221 | Val Loss: 0.4882 Acc: 0.6292 F1: 0.4107 AUC: 0.9242
2026-07-19 02:30:43,406 - INFO - Epoch   2 | Train Loss: 0.5788 Acc: 0.6231 | Val Loss: 0.3988 Acc: 0.8202 F1: 0.5676 AUC: 0.9083
2026-07-19 02:31:13,208 - INFO - Epoch   3 | Train Loss: 0.4495 Acc: 0.7946 | Val Loss: 0.3356 Acc: 0.8539 F1: 0.6286 AUC: 0.9251
2026-07-19 02:31:48,644 - INFO - Epoch   4 | Train Loss: 0.4241 Acc: 0.8365 | Val Loss: 0.3299 Acc: 0.8202 F1: 0.5897 AUC: 0.9264
2026-07-19 02:32:19,346 - INFO - Epoch   5 | Train Loss: 0.4043 Acc: 0.8136 | Val Loss: 0.3196 Acc: 0.8202 F1: 0.6000 AUC: 0.9467
2026-07-19 02:32:49,539 - INFO - Epoch   6 | Train Loss: 0.3864 Acc: 0.7996 | Val Loss: 0.3082 Acc: 0.8258 F1: 0.6076 AUC: 0.9497
2026-07-19 02:33:20,716 - INFO - Epoch   7 | Train Loss: 0.3577 Acc: 0.7996 | Val Loss: 0.2947 Acc: 0.8315 F1: 0.6154 AUC: 0.9470
2026-07-19 02:33:49,310 - INFO - Epoch   8 | Train Loss: 0.3501 Acc: 0.8016 | Val Loss: 0.2896 Acc: 0.8427 F1: 0.6316 AUC: 0.9359
2026-07-19 02:34:19,444 - INFO - Epoch   9 | Train Loss: 0.3413 Acc: 0.8195 | Val Loss: 0.2839 Acc: 0.8427 F1: 0.6316 AUC: 0.9351
2026-07-19 02:34:48,657 - INFO - Epoch  10 | Train Loss: 0.3529 Acc: 0.8255 | Val Loss: 0.2805 Acc: 0.8315 F1: 0.6154 AUC: 0.9389
2026-07-19 02:35:31,311 - INFO - Epoch  11 | Train Loss: 0.3223 Acc: 0.8076 | Val Loss: 0.2747 Acc: 0.8315 F1: 0.6154 AUC: 0.9486
2026-07-19 02:36:03,444 - INFO - Epoch  12 | Train Loss: 0.3281 Acc: 0.7966 | Val Loss: 0.2633 Acc: 0.8427 F1: 0.6316 AUC: 0.9486
2026-07-19 02:36:41,531 - INFO - Epoch  13 | Train Loss: 0.3020 Acc: 0.8146 | Val Loss: 0.2544 Acc: 0.8596 F1: 0.6575 AUC: 0.9472
2026-07-19 02:37:32,944 - INFO - Epoch  14 | Train Loss: 0.3360 Acc: 0.8245 | Val Loss: 0.2478 Acc: 0.8596 F1: 0.6575 AUC: 0.9494
2026-07-19 02:38:21,149 - INFO - Epoch  15 | Train Loss: 0.3052 Acc: 0.8335 | Val Loss: 0.2487 Acc: 0.8539 F1: 0.6486 AUC: 0.9481
2026-07-19 02:39:06,190 - INFO - Epoch  16 | Train Loss: 0.3139 Acc: 0.8156 | Val Loss: 0.2539 Acc: 0.8315 F1: 0.6154 AUC: 0.9475
2026-07-19 02:39:48,923 - INFO - Epoch  17 | Train Loss: 0.2937 Acc: 0.8156 | Val Loss: 0.2507 Acc: 0.8483 F1: 0.6400 AUC: 0.9475
2026-07-19 02:40:32,286 - INFO - Epoch  18 | Train Loss: 0.2929 Acc: 0.8235 | Val Loss: 0.2471 Acc: 0.8596 F1: 0.6575 AUC: 0.9459
2026-07-19 02:41:17,471 - INFO - Epoch  19 | Train Loss: 0.2927 Acc: 0.8355 | Val Loss: 0.2403 Acc: 0.8764 F1: 0.6857 AUC: 0.9532
2026-07-19 02:42:00,413 - INFO - Epoch  20 | Train Loss: 0.2945 Acc: 0.8365 | Val Loss: 0.2377 Acc: 0.8764 F1: 0.6857 AUC: 0.9540
2026-07-19 02:42:42,687 - INFO - Epoch  21 | Train Loss: 0.2778 Acc: 0.8365 | Val Loss: 0.2350 Acc: 0.8764 F1: 0.6857 AUC: 0.9545
2026-07-19 02:43:37,275 - INFO - Epoch  22 | Train Loss: 0.2761 Acc: 0.8335 | Val Loss: 0.2302 Acc: 0.8764 F1: 0.6857 AUC: 0.9556
2026-07-19 02:44:27,600 - INFO - Epoch  23 | Train Loss: 0.2700 Acc: 0.8345 | Val Loss: 0.2322 Acc: 0.8708 F1: 0.6761 AUC: 0.9535
2026-07-19 02:45:20,012 - INFO - Epoch  24 | Train Loss: 0.2750 Acc: 0.8345 | Val Loss: 0.2349 Acc: 0.8708 F1: 0.6761 AUC: 0.9529
2026-07-19 02:46:04,662 - INFO - Epoch  25 | Train Loss: 0.2799 Acc: 0.8395 | Val Loss: 0.2393 Acc: 0.8708 F1: 0.6761 AUC: 0.9532
2026-07-19 02:46:49,191 - INFO - Epoch  26 | Train Loss: 0.2670 Acc: 0.8295 | Val Loss: 0.2284 Acc: 0.8764 F1: 0.6857 AUC: 0.9548
2026-07-19 02:47:35,768 - INFO - Epoch  27 | Train Loss: 0.2619 Acc: 0.8554 | Val Loss: 0.2259 Acc: 0.8764 F1: 0.6857 AUC: 0.9567
2026-07-19 02:48:24,656 - INFO - Epoch  28 | Train Loss: 0.2924 Acc: 0.8495 | Val Loss: 0.2446 Acc: 0.8539 F1: 0.6486 AUC: 0.9562
2026-07-19 02:49:08,973 - INFO - Epoch  29 | Train Loss: 0.2741 Acc: 0.8126 | Val Loss: 0.2290 Acc: 0.8708 F1: 0.6761 AUC: 0.9578
2026-07-19 02:49:57,601 - INFO - Epoch  30 | Train Loss: 0.2592 Acc: 0.8345 | Val Loss: 0.2237 Acc: 0.8989 F1: 0.7273 AUC: 0.9594
2026-07-19 02:50:46,108 - INFO - Epoch  31 | Train Loss: 0.2641 Acc: 0.8744 | Val Loss: 0.2321 Acc: 0.8764 F1: 0.6857 AUC: 0.9602
2026-07-19 02:51:35,492 - INFO - Epoch  32 | Train Loss: 0.2541 Acc: 0.8405 | Val Loss: 0.2340 Acc: 0.8596 F1: 0.6575 AUC: 0.9613
2026-07-19 02:52:22,057 - INFO - Epoch  33 | Train Loss: 0.2620 Acc: 0.8305 | Val Loss: 0.2279 Acc: 0.8596 F1: 0.6575 AUC: 0.9637
2026-07-19 02:53:08,751 - INFO - Epoch  34 | Train Loss: 0.2521 Acc: 0.8455 | Val Loss: 0.2181 Acc: 0.8820 F1: 0.6957 AUC: 0.9600
2026-07-19 02:54:00,402 - INFO - Epoch  35 | Train Loss: 0.2492 Acc: 0.8594 | Val Loss: 0.2127 Acc: 0.9157 F1: 0.7619 AUC: 0.9608
2026-07-19 02:54:46,989 - INFO - Epoch  36 | Train Loss: 0.2534 Acc: 0.8714 | Val Loss: 0.2146 Acc: 0.8652 F1: 0.6667 AUC: 0.9637
2026-07-19 02:55:33,147 - INFO - Epoch  37 | Train Loss: 0.2345 Acc: 0.8504 | Val Loss: 0.2188 Acc: 0.8596 F1: 0.6575 AUC: 0.9656
2026-07-19 02:56:20,033 - INFO - Epoch  38 | Train Loss: 0.2476 Acc: 0.8395 | Val Loss: 0.2161 Acc: 0.8764 F1: 0.6857 AUC: 0.9662
2026-07-19 02:57:08,766 - INFO - Epoch  39 | Train Loss: 0.2485 Acc: 0.8614 | Val Loss: 0.2236 Acc: 0.8933 F1: 0.7164 AUC: 0.9613
2026-07-19 02:58:15,686 - INFO - Epoch  40 | Train Loss: 0.2456 Acc: 0.8794 | Val Loss: 0.2200 Acc: 0.8820 F1: 0.6957 AUC: 0.9610
2026-07-19 02:59:01,995 - INFO - Epoch  41 | Train Loss: 0.2280 Acc: 0.8624 | Val Loss: 0.2151 Acc: 0.8652 F1: 0.6667 AUC: 0.9665
2026-07-19 02:59:54,905 - INFO - Epoch  42 | Train Loss: 0.2289 Acc: 0.8514 | Val Loss: 0.2090 Acc: 0.8764 F1: 0.6857 AUC: 0.9673
2026-07-19 03:00:39,683 - INFO - Epoch  43 | Train Loss: 0.2373 Acc: 0.8504 | Val Loss: 0.2013 Acc: 0.8820 F1: 0.6957 AUC: 0.9689
2026-07-19 03:01:24,933 - INFO - Epoch  44 | Train Loss: 0.2375 Acc: 0.8584 | Val Loss: 0.2007 Acc: 0.8876 F1: 0.7059 AUC: 0.9665
2026-07-19 03:02:12,927 - INFO - Epoch  45 | Train Loss: 0.2290 Acc: 0.8624 | Val Loss: 0.2065 Acc: 0.8876 F1: 0.7059 AUC: 0.9659
2026-07-19 03:03:17,201 - INFO - Epoch  46 | Train Loss: 0.2349 Acc: 0.8664 | Val Loss: 0.2111 Acc: 0.8820 F1: 0.6957 AUC: 0.9670
2026-07-19 03:04:33,032 - INFO - Epoch  47 | Train Loss: 0.2323 Acc: 0.8684 | Val Loss: 0.2118 Acc: 0.8820 F1: 0.6957 AUC: 0.9670
2026-07-19 03:05:24,444 - INFO - Epoch  48 | Train Loss: 0.2123 Acc: 0.8694 | Val Loss: 0.2051 Acc: 0.8820 F1: 0.6957 AUC: 0.9667
2026-07-19 03:06:12,143 - INFO - Epoch  49 | Train Loss: 0.2340 Acc: 0.8674 | Val Loss: 0.2013 Acc: 0.8764 F1: 0.6857 AUC: 0.9673
2026-07-19 03:07:01,009 - INFO - Epoch  50 | Train Loss: 0.2107 Acc: 0.8684 | Val Loss: 0.1970 Acc: 0.8933 F1: 0.7164 AUC: 0.9678
2026-07-19 03:07:01,012 - INFO - Early stopping at epoch 50
2026-07-19 03:07:04,010 - INFO - 
Run 1 Test Results:
2026-07-19 03:07:04,010 - INFO -   Accuracy: 0.1859, F1: 0.3102, AUC: 0.6934
2026-07-19 03:07:04,011 - INFO - 
============================================================
Run 2/5 (device=cpu)
============================================================
2026-07-19 03:07:04,095 - INFO - Using class weighting: class1 weight = 6.60
2026-07-19 03:07:47,153 - INFO - Epoch   1 | Train Loss: 0.8161 Acc: 0.5803 | Val Loss: 0.4892 Acc: 0.6180 F1: 0.4138 AUC: 0.9156
2026-07-19 03:08:47,341 - INFO - Epoch   2 | Train Loss: 0.6056 Acc: 0.5942 | Val Loss: 0.3361 Acc: 0.8258 F1: 0.5974 AUC: 0.9310
2026-07-19 03:09:34,728 - INFO - Epoch   3 | Train Loss: 0.4147 Acc: 0.8156 | Val Loss: 0.3812 Acc: 0.8539 F1: 0.5806 AUC: 0.9026
2026-07-19 03:10:29,295 - INFO - Epoch   4 | Train Loss: 0.4495 Acc: 0.8405 | Val Loss: 0.3020 Acc: 0.8483 F1: 0.6400 AUC: 0.9307
2026-07-19 03:11:22,832 - INFO - Epoch   5 | Train Loss: 0.3850 Acc: 0.8245 | Val Loss: 0.2941 Acc: 0.8202 F1: 0.6000 AUC: 0.9537
2026-07-19 03:12:12,313 - INFO - Epoch   6 | Train Loss: 0.3718 Acc: 0.7827 | Val Loss: 0.2937 Acc: 0.8090 F1: 0.5854 AUC: 0.9535
2026-07-19 03:12:59,758 - INFO - Epoch   7 | Train Loss: 0.3632 Acc: 0.7836 | Val Loss: 0.2753 Acc: 0.8315 F1: 0.6154 AUC: 0.9581
2026-07-19 03:13:48,313 - INFO - Epoch   8 | Train Loss: 0.3389 Acc: 0.8106 | Val Loss: 0.2706 Acc: 0.8371 F1: 0.6234 AUC: 0.9445
2026-07-19 03:14:56,134 - INFO - Epoch   9 | Train Loss: 0.3300 Acc: 0.8345 | Val Loss: 0.2717 Acc: 0.8539 F1: 0.6486 AUC: 0.9410
2026-07-19 03:15:38,026 - INFO - Epoch  10 | Train Loss: 0.3455 Acc: 0.8365 | Val Loss: 0.2615 Acc: 0.8371 F1: 0.6234 AUC: 0.9440
2026-07-19 03:16:37,247 - INFO - Epoch  11 | Train Loss: 0.3183 Acc: 0.8305 | Val Loss: 0.2594 Acc: 0.8315 F1: 0.6154 AUC: 0.9524
2026-07-19 03:17:24,067 - INFO - Epoch  12 | Train Loss: 0.3129 Acc: 0.8086 | Val Loss: 0.2586 Acc: 0.8258 F1: 0.6076 AUC: 0.9575
2026-07-19 03:18:13,187 - INFO - Epoch  13 | Train Loss: 0.3139 Acc: 0.7976 | Val Loss: 0.2475 Acc: 0.8427 F1: 0.6316 AUC: 0.9575
2026-07-19 03:19:03,942 - INFO - Epoch  14 | Train Loss: 0.3044 Acc: 0.8116 | Val Loss: 0.2357 Acc: 0.8539 F1: 0.6486 AUC: 0.9591
2026-07-19 03:20:08,922 - INFO - Epoch  15 | Train Loss: 0.2885 Acc: 0.8295 | Val Loss: 0.2301 Acc: 0.8652 F1: 0.6667 AUC: 0.9586
2026-07-19 03:21:02,266 - INFO - Epoch  16 | Train Loss: 0.2881 Acc: 0.8485 | Val Loss: 0.2306 Acc: 0.8652 F1: 0.6667 AUC: 0.9591
2026-07-19 03:21:50,131 - INFO - Epoch  17 | Train Loss: 0.2969 Acc: 0.8445 | Val Loss: 0.2343 Acc: 0.8596 F1: 0.6575 AUC: 0.9594
2026-07-19 03:22:47,467 - INFO - Epoch  18 | Train Loss: 0.2861 Acc: 0.8295 | Val Loss: 0.2381 Acc: 0.8483 F1: 0.6400 AUC: 0.9578
2026-07-19 03:23:33,844 - INFO - Epoch  19 | Train Loss: 0.2810 Acc: 0.8156 | Val Loss: 0.2324 Acc: 0.8596 F1: 0.6575 AUC: 0.9600
2026-07-19 03:24:25,195 - INFO - Epoch  20 | Train Loss: 0.2900 Acc: 0.8136 | Val Loss: 0.2220 Acc: 0.8764 F1: 0.6857 AUC: 0.9619
2026-07-19 03:25:11,770 - INFO - Epoch  21 | Train Loss: 0.2723 Acc: 0.8495 | Val Loss: 0.2233 Acc: 0.8764 F1: 0.6857 AUC: 0.9624
2026-07-19 03:25:55,612 - INFO - Epoch  22 | Train Loss: 0.2567 Acc: 0.8564 | Val Loss: 0.2245 Acc: 0.8652 F1: 0.6667 AUC: 0.9624
2026-07-19 03:26:47,132 - INFO - Epoch  23 | Train Loss: 0.2528 Acc: 0.8405 | Val Loss: 0.2225 Acc: 0.8708 F1: 0.6761 AUC: 0.9624
2026-07-19 03:27:38,679 - INFO - Epoch  24 | Train Loss: 0.2585 Acc: 0.8315 | Val Loss: 0.2144 Acc: 0.8708 F1: 0.6761 AUC: 0.9646
2026-07-19 03:28:26,580 - INFO - Epoch  25 | Train Loss: 0.2618 Acc: 0.8475 | Val Loss: 0.2115 Acc: 0.8708 F1: 0.6761 AUC: 0.9643
2026-07-19 03:29:24,910 - INFO - Epoch  26 | Train Loss: 0.2333 Acc: 0.8624 | Val Loss: 0.2097 Acc: 0.8708 F1: 0.6761 AUC: 0.9646
2026-07-19 03:30:11,245 - INFO - Epoch  27 | Train Loss: 0.2540 Acc: 0.8554 | Val Loss: 0.2165 Acc: 0.8652 F1: 0.6667 AUC: 0.9648
2026-07-19 03:30:59,110 - INFO - Epoch  28 | Train Loss: 0.2540 Acc: 0.8405 | Val Loss: 0.2224 Acc: 0.8652 F1: 0.6667 AUC: 0.9632
2026-07-19 03:31:56,329 - INFO - Epoch  29 | Train Loss: 0.2456 Acc: 0.8445 | Val Loss: 0.2312 Acc: 0.8764 F1: 0.6857 AUC: 0.9556
2026-07-19 03:32:41,650 - INFO - Epoch  30 | Train Loss: 0.2281 Acc: 0.8674 | Val Loss: 0.2208 Acc: 0.8933 F1: 0.7164 AUC: 0.9600
2026-07-19 03:33:27,919 - INFO - Epoch  31 | Train Loss: 0.2422 Acc: 0.8704 | Val Loss: 0.2056 Acc: 0.8764 F1: 0.6857 AUC: 0.9683
2026-07-19 03:34:10,479 - INFO - Epoch  32 | Train Loss: 0.2334 Acc: 0.8544 | Val Loss: 0.1962 Acc: 0.8820 F1: 0.6957 AUC: 0.9700
2026-07-19 03:34:56,036 - INFO - Epoch  33 | Train Loss: 0.2299 Acc: 0.8624 | Val Loss: 0.1946 Acc: 0.8876 F1: 0.7059 AUC: 0.9694
2026-07-19 03:35:42,254 - INFO - Epoch  34 | Train Loss: 0.2236 Acc: 0.8704 | Val Loss: 0.2009 Acc: 0.8708 F1: 0.6667 AUC: 0.9689
2026-07-19 03:36:28,783 - INFO - Epoch  35 | Train Loss: 0.2324 Acc: 0.8704 | Val Loss: 0.2190 Acc: 0.8596 F1: 0.6479 AUC: 0.9659
2026-07-19 03:37:15,218 - INFO - Epoch  36 | Train Loss: 0.2142 Acc: 0.8604 | Val Loss: 0.2347 Acc: 0.8596 F1: 0.6479 AUC: 0.9564
2026-07-19 03:38:04,088 - INFO - Epoch  37 | Train Loss: 0.2232 Acc: 0.8734 | Val Loss: 0.2347 Acc: 0.8876 F1: 0.6970 AUC: 0.9567
2026-07-19 03:38:50,151 - INFO - Epoch  38 | Train Loss: 0.2306 Acc: 0.8833 | Val Loss: 0.2104 Acc: 0.8539 F1: 0.6389 AUC: 0.9683
2026-07-19 03:39:40,823 - INFO - Epoch  39 | Train Loss: 0.2272 Acc: 0.8564 | Val Loss: 0.1925 Acc: 0.8764 F1: 0.6857 AUC: 0.9700
2026-07-19 03:40:24,645 - INFO - Epoch  40 | Train Loss: 0.2217 Acc: 0.8714 | Val Loss: 0.1837 Acc: 0.8876 F1: 0.6970 AUC: 0.9713
2026-07-19 03:41:06,673 - INFO - Epoch  41 | Train Loss: 0.2057 Acc: 0.8863 | Val Loss: 0.1986 Acc: 0.8708 F1: 0.6667 AUC: 0.9705
2026-07-19 03:41:49,287 - INFO - Epoch  42 | Train Loss: 0.2141 Acc: 0.8824 | Val Loss: 0.2136 Acc: 0.8764 F1: 0.6765 AUC: 0.9656
2026-07-19 03:42:34,970 - INFO - Epoch  43 | Train Loss: 0.2035 Acc: 0.8814 | Val Loss: 0.2202 Acc: 0.8989 F1: 0.7188 AUC: 0.9632
2026-07-19 03:43:17,414 - INFO - Epoch  44 | Train Loss: 0.2170 Acc: 0.8863 | Val Loss: 0.2220 Acc: 0.8764 F1: 0.6765 AUC: 0.9637
2026-07-19 03:44:05,373 - INFO - Epoch  45 | Train Loss: 0.2204 Acc: 0.8814 | Val Loss: 0.2173 Acc: 0.8596 F1: 0.6479 AUC: 0.9667
2026-07-19 03:44:54,364 - INFO - Epoch  46 | Train Loss: 0.2090 Acc: 0.8604 | Val Loss: 0.2075 Acc: 0.9101 F1: 0.7419 AUC: 0.9656
2026-07-19 03:45:42,000 - INFO - Epoch  47 | Train Loss: 0.2239 Acc: 0.9043 | Val Loss: 0.1989 Acc: 0.8764 F1: 0.6765 AUC: 0.9697
2026-07-19 03:46:26,469 - INFO - Epoch  48 | Train Loss: 0.2073 Acc: 0.8873 | Val Loss: 0.1983 Acc: 0.8708 F1: 0.6667 AUC: 0.9710
2026-07-19 03:47:11,313 - INFO - Epoch  49 | Train Loss: 0.2036 Acc: 0.8804 | Val Loss: 0.1946 Acc: 0.8764 F1: 0.6765 AUC: 0.9724
2026-07-19 03:47:59,239 - INFO - Epoch  50 | Train Loss: 0.2046 Acc: 0.8794 | Val Loss: 0.1857 Acc: 0.8876 F1: 0.6970 AUC: 0.9729
2026-07-19 03:48:01,987 - INFO - 
Run 2 Test Results:
2026-07-19 03:48:01,987 - INFO -   Accuracy: 0.2653, F1: 0.3240, AUC: 0.7010
2026-07-19 03:48:01,991 - INFO - 
============================================================
Run 3/5 (device=cpu)
============================================================
2026-07-19 03:48:02,066 - INFO - Using class weighting: class1 weight = 6.60
2026-07-19 03:48:45,434 - INFO - Epoch   1 | Train Loss: 0.6693 Acc: 0.6550 | Val Loss: 0.4297 Acc: 0.7697 F1: 0.5393 AUC: 0.9321
2026-07-19 03:49:34,837 - INFO - Epoch   2 | Train Loss: 0.5371 Acc: 0.7398 | Val Loss: 0.3976 Acc: 0.8596 F1: 0.6154 AUC: 0.9110
2026-07-19 03:50:20,694 - INFO - Epoch   3 | Train Loss: 0.4845 Acc: 0.8445 | Val Loss: 0.3974 Acc: 0.8427 F1: 0.5484 AUC: 0.9140
2026-07-19 03:51:08,000 - INFO - Epoch   4 | Train Loss: 0.4455 Acc: 0.8465 | Val Loss: 0.3406 Acc: 0.8258 F1: 0.5867 AUC: 0.9245
2026-07-19 03:51:59,778 - INFO - Epoch   5 | Train Loss: 0.3898 Acc: 0.8205 | Val Loss: 0.3430 Acc: 0.8202 F1: 0.6000 AUC: 0.9351
2026-07-19 03:52:46,687 - INFO - Epoch   6 | Train Loss: 0.3902 Acc: 0.7697 | Val Loss: 0.3327 Acc: 0.8090 F1: 0.5854 AUC: 0.9375
2026-07-19 03:53:34,124 - INFO - Epoch   7 | Train Loss: 0.3687 Acc: 0.7787 | Val Loss: 0.3151 Acc: 0.8202 F1: 0.6000 AUC: 0.9337
2026-07-19 03:54:25,933 - INFO - Epoch   8 | Train Loss: 0.3584 Acc: 0.7876 | Val Loss: 0.2945 Acc: 0.8371 F1: 0.6234 AUC: 0.9375
2026-07-19 03:55:08,827 - INFO - Epoch   9 | Train Loss: 0.3514 Acc: 0.8086 | Val Loss: 0.2768 Acc: 0.8371 F1: 0.6234 AUC: 0.9437
2026-07-19 03:55:57,117 - INFO - Epoch  10 | Train Loss: 0.3175 Acc: 0.8166 | Val Loss: 0.2615 Acc: 0.8427 F1: 0.6316 AUC: 0.9475
2026-07-19 03:56:38,570 - INFO - Epoch  11 | Train Loss: 0.3318 Acc: 0.8285 | Val Loss: 0.2551 Acc: 0.8427 F1: 0.6316 AUC: 0.9497
2026-07-19 03:57:26,298 - INFO - Epoch  12 | Train Loss: 0.3118 Acc: 0.8066 | Val Loss: 0.2492 Acc: 0.8483 F1: 0.6400 AUC: 0.9521
2026-07-19 03:58:39,696 - INFO - Epoch  13 | Train Loss: 0.3138 Acc: 0.8255 | Val Loss: 0.2456 Acc: 0.8483 F1: 0.6400 AUC: 0.9524
2026-07-19 03:59:30,470 - INFO - Epoch  14 | Train Loss: 0.3083 Acc: 0.8146 | Val Loss: 0.2431 Acc: 0.8596 F1: 0.6575 AUC: 0.9537
2026-07-19 04:00:18,922 - INFO - Epoch  15 | Train Loss: 0.2919 Acc: 0.8265 | Val Loss: 0.2434 Acc: 0.8708 F1: 0.6761 AUC: 0.9510
2026-07-19 04:01:06,359 - INFO - Epoch  16 | Train Loss: 0.2979 Acc: 0.8315 | Val Loss: 0.2442 Acc: 0.8764 F1: 0.6857 AUC: 0.9527
2026-07-19 04:01:56,442 - INFO - Epoch  17 | Train Loss: 0.2924 Acc: 0.8425 | Val Loss: 0.2459 Acc: 0.8708 F1: 0.6761 AUC: 0.9543
2026-07-19 04:02:39,519 - INFO - Epoch  18 | Train Loss: 0.3054 Acc: 0.8285 | Val Loss: 0.2461 Acc: 0.8708 F1: 0.6761 AUC: 0.9575
2026-07-19 04:03:28,560 - INFO - Epoch  19 | Train Loss: 0.2822 Acc: 0.8295 | Val Loss: 0.2430 Acc: 0.8708 F1: 0.6761 AUC: 0.9581
2026-07-19 04:04:16,856 - INFO - Epoch  20 | Train Loss: 0.2834 Acc: 0.8235 | Val Loss: 0.2354 Acc: 0.8764 F1: 0.6857 AUC: 0.9591
2026-07-19 04:05:09,781 - INFO - Epoch  21 | Train Loss: 0.2793 Acc: 0.8455 | Val Loss: 0.2268 Acc: 0.8820 F1: 0.6957 AUC: 0.9594
2026-07-19 04:05:55,646 - INFO - Epoch  22 | Train Loss: 0.2776 Acc: 0.8415 | Val Loss: 0.2242 Acc: 0.8764 F1: 0.6857 AUC: 0.9591
2026-07-19 04:06:39,303 - INFO - Epoch  23 | Train Loss: 0.2743 Acc: 0.8435 | Val Loss: 0.2285 Acc: 0.8764 F1: 0.6857 AUC: 0.9591
2026-07-19 04:07:24,438 - INFO - Epoch  24 | Train Loss: 0.2920 Acc: 0.8375 | Val Loss: 0.2357 Acc: 0.8652 F1: 0.6667 AUC: 0.9589
2026-07-19 04:08:10,583 - INFO - Epoch  25 | Train Loss: 0.2679 Acc: 0.8295 | Val Loss: 0.2287 Acc: 0.8764 F1: 0.6857 AUC: 0.9602
2026-07-19 04:08:52,736 - INFO - Epoch  26 | Train Loss: 0.2604 Acc: 0.8375 | Val Loss: 0.2236 Acc: 0.8820 F1: 0.6957 AUC: 0.9608
2026-07-19 04:09:47,058 - INFO - Epoch  27 | Train Loss: 0.2623 Acc: 0.8455 | Val Loss: 0.2209 Acc: 0.8820 F1: 0.6957 AUC: 0.9621
2026-07-19 04:10:33,800 - INFO - Epoch  28 | Train Loss: 0.2477 Acc: 0.8684 | Val Loss: 0.2232 Acc: 0.8764 F1: 0.6857 AUC: 0.9613
2026-07-19 04:11:32,347 - INFO - Epoch  29 | Train Loss: 0.2636 Acc: 0.8524 | Val Loss: 0.2232 Acc: 0.8764 F1: 0.6857 AUC: 0.9640
2026-07-19 04:12:17,740 - INFO - Epoch  30 | Train Loss: 0.2629 Acc: 0.8495 | Val Loss: 0.2231 Acc: 0.8764 F1: 0.6857 AUC: 0.9627
2026-07-19 04:13:05,488 - INFO - Epoch  31 | Train Loss: 0.2440 Acc: 0.8415 | Val Loss: 0.2092 Acc: 0.8764 F1: 0.6857 AUC: 0.9673
2026-07-19 04:13:55,936 - INFO - Epoch  32 | Train Loss: 0.2586 Acc: 0.8485 | Val Loss: 0.2049 Acc: 0.8933 F1: 0.7164 AUC: 0.9689
2026-07-19 04:14:49,182 - INFO - Epoch  33 | Train Loss: 0.2532 Acc: 0.8664 | Val Loss: 0.2080 Acc: 0.8876 F1: 0.7059 AUC: 0.9689
2026-07-19 04:15:37,274 - INFO - Epoch  34 | Train Loss: 0.2465 Acc: 0.8554 | Val Loss: 0.2181 Acc: 0.8708 F1: 0.6761 AUC: 0.9651
2026-07-19 04:16:27,313 - INFO - Epoch  35 | Train Loss: 0.2454 Acc: 0.8455 | Val Loss: 0.2239 Acc: 0.8652 F1: 0.6667 AUC: 0.9640
2026-07-19 04:17:12,359 - INFO - Epoch  36 | Train Loss: 0.2511 Acc: 0.8415 | Val Loss: 0.2117 Acc: 0.8820 F1: 0.6957 AUC: 0.9648
2026-07-19 04:17:59,252 - INFO - Epoch  37 | Train Loss: 0.2306 Acc: 0.8594 | Val Loss: 0.2071 Acc: 0.8933 F1: 0.7164 AUC: 0.9627
2026-07-19 04:18:42,707 - INFO - Epoch  38 | Train Loss: 0.2796 Acc: 0.8634 | Val Loss: 0.2095 Acc: 0.8876 F1: 0.7059 AUC: 0.9651
2026-07-19 04:19:32,486 - INFO - Epoch  39 | Train Loss: 0.2440 Acc: 0.8644 | Val Loss: 0.2176 Acc: 0.8708 F1: 0.6761 AUC: 0.9627
2026-07-19 04:20:23,363 - INFO - Epoch  40 | Train Loss: 0.2368 Acc: 0.8574 | Val Loss: 0.2234 Acc: 0.8652 F1: 0.6667 AUC: 0.9619
2026-07-19 04:21:06,269 - INFO - Epoch  41 | Train Loss: 0.2249 Acc: 0.8544 | Val Loss: 0.2222 Acc: 0.8708 F1: 0.6761 AUC: 0.9624
2026-07-19 04:21:58,885 - INFO - Epoch  42 | Train Loss: 0.2523 Acc: 0.8495 | Val Loss: 0.2207 Acc: 0.8764 F1: 0.6857 AUC: 0.9600
2026-07-19 04:22:50,617 - INFO - Epoch  43 | Train Loss: 0.2195 Acc: 0.8624 | Val Loss: 0.2144 Acc: 0.8820 F1: 0.6957 AUC: 0.9640
2026-07-19 04:23:35,544 - INFO - Epoch  44 | Train Loss: 0.2233 Acc: 0.8674 | Val Loss: 0.2076 Acc: 0.8820 F1: 0.6957 AUC: 0.9667
2026-07-19 04:24:21,140 - INFO - Epoch  45 | Train Loss: 0.2137 Acc: 0.8684 | Val Loss: 0.2054 Acc: 0.8820 F1: 0.6957 AUC: 0.9667
2026-07-19 04:25:17,102 - INFO - Epoch  46 | Train Loss: 0.2189 Acc: 0.8634 | Val Loss: 0.2048 Acc: 0.8764 F1: 0.6857 AUC: 0.9675
2026-07-19 04:26:11,448 - INFO - Epoch  47 | Train Loss: 0.2236 Acc: 0.8604 | Val Loss: 0.2050 Acc: 0.8764 F1: 0.6857 AUC: 0.9683
2026-07-19 04:26:11,452 - INFO - Early stopping at epoch 47
2026-07-19 04:26:14,352 - INFO - 
Run 3 Test Results:
2026-07-19 04:26:14,352 - INFO -   Accuracy: 0.5521, F1: 0.4219, AUC: 0.7609
2026-07-19 04:26:14,355 - INFO - 
============================================================
Run 4/5 (device=cpu)
============================================================
2026-07-19 04:26:14,426 - INFO - Using class weighting: class1 weight = 6.60
2026-07-19 04:27:08,634 - INFO - Epoch   1 | Train Loss: 0.7521 Acc: 0.1416 | Val Loss: 0.8069 Acc: 0.8146 F1: 0.2326 AUC: 0.5782
2026-07-19 04:27:48,276 - INFO - Epoch   2 | Train Loss: 0.7753 Acc: 0.8355 | Val Loss: 0.3982 Acc: 0.7528 F1: 0.5217 AUC: 0.9305
2026-07-19 04:28:22,520 - INFO - Epoch   3 | Train Loss: 0.4593 Acc: 0.7338 | Val Loss: 0.3841 Acc: 0.7697 F1: 0.5393 AUC: 0.9380
2026-07-19 04:29:01,332 - INFO - Epoch   4 | Train Loss: 0.4661 Acc: 0.7468 | Val Loss: 0.3406 Acc: 0.8146 F1: 0.5823 AUC: 0.9367
2026-07-19 04:29:34,720 - INFO - Epoch   5 | Train Loss: 0.4402 Acc: 0.7966 | Val Loss: 0.3122 Acc: 0.8315 F1: 0.6053 AUC: 0.9413
2026-07-19 04:30:22,446 - INFO - Epoch   6 | Train Loss: 0.4080 Acc: 0.8235 | Val Loss: 0.2954 Acc: 0.8258 F1: 0.6076 AUC: 0.9435
2026-07-19 04:31:04,728 - INFO - Epoch   7 | Train Loss: 0.3757 Acc: 0.8166 | Val Loss: 0.3010 Acc: 0.8202 F1: 0.6000 AUC: 0.9375
2026-07-19 04:31:42,336 - INFO - Epoch   8 | Train Loss: 0.3679 Acc: 0.8116 | Val Loss: 0.3062 Acc: 0.8258 F1: 0.6076 AUC: 0.9288
2026-07-19 04:32:15,736 - INFO - Epoch   9 | Train Loss: 0.3599 Acc: 0.8006 | Val Loss: 0.3053 Acc: 0.8202 F1: 0.6000 AUC: 0.9310
2026-07-19 04:32:47,816 - INFO - Epoch  10 | Train Loss: 0.3440 Acc: 0.8016 | Val Loss: 0.2971 Acc: 0.8202 F1: 0.6000 AUC: 0.9353
2026-07-19 04:33:18,961 - INFO - Epoch  11 | Train Loss: 0.3452 Acc: 0.7976 | Val Loss: 0.2884 Acc: 0.8258 F1: 0.6076 AUC: 0.9386
2026-07-19 04:33:50,846 - INFO - Epoch  12 | Train Loss: 0.3328 Acc: 0.7896 | Val Loss: 0.2743 Acc: 0.8315 F1: 0.6154 AUC: 0.9410
2026-07-19 04:34:24,062 - INFO - Epoch  13 | Train Loss: 0.3156 Acc: 0.7956 | Val Loss: 0.2642 Acc: 0.8539 F1: 0.6486 AUC: 0.9421
2026-07-19 04:34:56,857 - INFO - Epoch  14 | Train Loss: 0.3314 Acc: 0.8076 | Val Loss: 0.2577 Acc: 0.8539 F1: 0.6486 AUC: 0.9440
2026-07-19 04:35:31,055 - INFO - Epoch  15 | Train Loss: 0.2932 Acc: 0.8116 | Val Loss: 0.2514 Acc: 0.8596 F1: 0.6575 AUC: 0.9489
2026-07-19 04:36:03,141 - INFO - Epoch  16 | Train Loss: 0.2953 Acc: 0.8315 | Val Loss: 0.2504 Acc: 0.8596 F1: 0.6575 AUC: 0.9508
2026-07-19 04:36:32,324 - INFO - Epoch  17 | Train Loss: 0.3059 Acc: 0.8235 | Val Loss: 0.2567 Acc: 0.8596 F1: 0.6575 AUC: 0.9508
2026-07-19 04:37:05,457 - INFO - Epoch  18 | Train Loss: 0.2879 Acc: 0.8146 | Val Loss: 0.2592 Acc: 0.8483 F1: 0.6400 AUC: 0.9502
2026-07-19 04:37:39,210 - INFO - Epoch  19 | Train Loss: 0.3025 Acc: 0.8106 | Val Loss: 0.2521 Acc: 0.8652 F1: 0.6667 AUC: 0.9516
2026-07-19 04:38:13,476 - INFO - Epoch  20 | Train Loss: 0.2943 Acc: 0.8106 | Val Loss: 0.2386 Acc: 0.8708 F1: 0.6761 AUC: 0.9548
2026-07-19 04:38:51,442 - INFO - Epoch  21 | Train Loss: 0.2695 Acc: 0.8594 | Val Loss: 0.2386 Acc: 0.8764 F1: 0.6857 AUC: 0.9540
2026-07-19 04:39:25,939 - INFO - Epoch  22 | Train Loss: 0.2733 Acc: 0.8485 | Val Loss: 0.2447 Acc: 0.8652 F1: 0.6667 AUC: 0.9540
2026-07-19 04:40:01,034 - INFO - Epoch  23 | Train Loss: 0.2670 Acc: 0.8355 | Val Loss: 0.2462 Acc: 0.8596 F1: 0.6575 AUC: 0.9537
2026-07-19 04:40:38,395 - INFO - Epoch  24 | Train Loss: 0.2820 Acc: 0.8215 | Val Loss: 0.2406 Acc: 0.8708 F1: 0.6761 AUC: 0.9518
2026-07-19 04:41:16,568 - INFO - Epoch  25 | Train Loss: 0.2722 Acc: 0.8475 | Val Loss: 0.2306 Acc: 0.8708 F1: 0.6761 AUC: 0.9562
2026-07-19 04:41:53,796 - INFO - Epoch  26 | Train Loss: 0.2548 Acc: 0.8534 | Val Loss: 0.2276 Acc: 0.8764 F1: 0.6857 AUC: 0.9589
2026-07-19 04:42:30,753 - INFO - Epoch  27 | Train Loss: 0.2756 Acc: 0.8465 | Val Loss: 0.2276 Acc: 0.8708 F1: 0.6761 AUC: 0.9575
2026-07-19 04:43:04,415 - INFO - Epoch  28 | Train Loss: 0.2607 Acc: 0.8435 | Val Loss: 0.2206 Acc: 0.8820 F1: 0.6957 AUC: 0.9619
2026-07-19 04:43:35,717 - INFO - Epoch  29 | Train Loss: 0.2677 Acc: 0.8574 | Val Loss: 0.2273 Acc: 0.8764 F1: 0.6857 AUC: 0.9600
2026-07-19 04:44:08,894 - INFO - Epoch  30 | Train Loss: 0.2506 Acc: 0.8445 | Val Loss: 0.2319 Acc: 0.8764 F1: 0.6857 AUC: 0.9578
2026-07-19 04:44:43,396 - INFO - Epoch  31 | Train Loss: 0.2408 Acc: 0.8445 | Val Loss: 0.2306 Acc: 0.8708 F1: 0.6761 AUC: 0.9548
2026-07-19 04:45:17,132 - INFO - Epoch  32 | Train Loss: 0.2678 Acc: 0.8614 | Val Loss: 0.2323 Acc: 0.8652 F1: 0.6667 AUC: 0.9562
2026-07-19 04:45:49,600 - INFO - Epoch  33 | Train Loss: 0.2490 Acc: 0.8385 | Val Loss: 0.2147 Acc: 0.8764 F1: 0.6857 AUC: 0.9619
2026-07-19 04:46:21,347 - INFO - Epoch  34 | Train Loss: 0.2481 Acc: 0.8495 | Val Loss: 0.2058 Acc: 0.8820 F1: 0.6957 AUC: 0.9640
2026-07-19 04:46:53,076 - INFO - Epoch  35 | Train Loss: 0.2389 Acc: 0.8674 | Val Loss: 0.2059 Acc: 0.8933 F1: 0.7164 AUC: 0.9627
2026-07-19 04:47:26,647 - INFO - Epoch  36 | Train Loss: 0.2397 Acc: 0.8634 | Val Loss: 0.2126 Acc: 0.8820 F1: 0.6957 AUC: 0.9629
2026-07-19 04:48:05,868 - INFO - Epoch  37 | Train Loss: 0.2230 Acc: 0.8644 | Val Loss: 0.2228 Acc: 0.8708 F1: 0.6761 AUC: 0.9605
2026-07-19 04:48:39,083 - INFO - Epoch  38 | Train Loss: 0.2352 Acc: 0.8475 | Val Loss: 0.2193 Acc: 0.8708 F1: 0.6761 AUC: 0.9608
2026-07-19 04:49:11,849 - INFO - Epoch  39 | Train Loss: 0.2378 Acc: 0.8524 | Val Loss: 0.2113 Acc: 0.8764 F1: 0.6857 AUC: 0.9608
2026-07-19 04:49:46,191 - INFO - Epoch  40 | Train Loss: 0.2343 Acc: 0.8574 | Val Loss: 0.2038 Acc: 0.8764 F1: 0.6857 AUC: 0.9619
2026-07-19 04:50:19,933 - INFO - Epoch  41 | Train Loss: 0.2449 Acc: 0.8644 | Val Loss: 0.2226 Acc: 0.8596 F1: 0.6575 AUC: 0.9605
2026-07-19 04:50:53,457 - INFO - Epoch  42 | Train Loss: 0.2370 Acc: 0.8415 | Val Loss: 0.2273 Acc: 0.8596 F1: 0.6575 AUC: 0.9602
2026-07-19 04:51:24,986 - INFO - Epoch  43 | Train Loss: 0.2330 Acc: 0.8445 | Val Loss: 0.2172 Acc: 0.8820 F1: 0.6957 AUC: 0.9600
2026-07-19 04:51:59,428 - INFO - Epoch  44 | Train Loss: 0.2179 Acc: 0.8694 | Val Loss: 0.2087 Acc: 0.8820 F1: 0.6957 AUC: 0.9613
2026-07-19 04:52:35,267 - INFO - Epoch  45 | Train Loss: 0.2228 Acc: 0.8624 | Val Loss: 0.2054 Acc: 0.8820 F1: 0.6957 AUC: 0.9643
2026-07-19 04:53:08,889 - INFO - Epoch  46 | Train Loss: 0.2124 Acc: 0.8694 | Val Loss: 0.2105 Acc: 0.8764 F1: 0.6857 AUC: 0.9632
2026-07-19 04:53:40,333 - INFO - Epoch  47 | Train Loss: 0.2292 Acc: 0.8524 | Val Loss: 0.2095 Acc: 0.8764 F1: 0.6857 AUC: 0.9643
2026-07-19 04:54:12,057 - INFO - Epoch  48 | Train Loss: 0.2443 Acc: 0.8514 | Val Loss: 0.2135 Acc: 0.8820 F1: 0.6957 AUC: 0.9621
2026-07-19 04:54:41,001 - INFO - Epoch  49 | Train Loss: 0.2101 Acc: 0.8624 | Val Loss: 0.2238 Acc: 0.8764 F1: 0.6857 AUC: 0.9556
2026-07-19 04:55:16,123 - INFO - Epoch  50 | Train Loss: 0.2191 Acc: 0.8634 | Val Loss: 0.2294 Acc: 0.8764 F1: 0.6857 AUC: 0.9535
2026-07-19 04:55:16,127 - INFO - Early stopping at epoch 50
2026-07-19 04:55:17,531 - INFO - 
Run 4 Test Results:
2026-07-19 04:55:17,531 - INFO -   Accuracy: 0.1840, F1: 0.3098, AUC: 0.7054
2026-07-19 04:55:17,531 - INFO - 
============================================================
Run 5/5 (device=cpu)
============================================================
2026-07-19 04:55:17,586 - INFO - Using class weighting: class1 weight = 6.60
2026-07-19 04:55:52,479 - INFO - Epoch   1 | Train Loss: 0.7744 Acc: 0.6600 | Val Loss: 0.5851 Acc: 0.5730 F1: 0.3871 AUC: 0.8994
2026-07-19 04:56:27,459 - INFO - Epoch   2 | Train Loss: 0.6817 Acc: 0.5503 | Val Loss: 0.3663 Acc: 0.8034 F1: 0.5783 AUC: 0.9221
2026-07-19 04:57:03,635 - INFO - Epoch   3 | Train Loss: 0.4441 Acc: 0.7667 | Val Loss: 0.3572 Acc: 0.8427 F1: 0.5758 AUC: 0.9226
2026-07-19 04:57:39,517 - INFO - Epoch   4 | Train Loss: 0.4407 Acc: 0.8275 | Val Loss: 0.3439 Acc: 0.8539 F1: 0.6061 AUC: 0.9253
2026-07-19 04:58:15,704 - INFO - Epoch   5 | Train Loss: 0.4535 Acc: 0.8375 | Val Loss: 0.3113 Acc: 0.8315 F1: 0.6154 AUC: 0.9364
2026-07-19 04:58:50,161 - INFO - Epoch   6 | Train Loss: 0.3758 Acc: 0.8086 | Val Loss: 0.3188 Acc: 0.8090 F1: 0.5854 AUC: 0.9424
2026-07-19 04:59:23,382 - INFO - Epoch   7 | Train Loss: 0.3828 Acc: 0.7697 | Val Loss: 0.3137 Acc: 0.8090 F1: 0.5854 AUC: 0.9443
2026-07-19 05:00:07,337 - INFO - Epoch   8 | Train Loss: 0.3741 Acc: 0.7597 | Val Loss: 0.2973 Acc: 0.8258 F1: 0.6076 AUC: 0.9432
2026-07-19 05:00:45,429 - INFO - Epoch   9 | Train Loss: 0.3718 Acc: 0.7906 | Val Loss: 0.2888 Acc: 0.8483 F1: 0.6400 AUC: 0.9418
2026-07-19 05:01:14,661 - INFO - Epoch  10 | Train Loss: 0.3537 Acc: 0.8245 | Val Loss: 0.2853 Acc: 0.8596 F1: 0.6479 AUC: 0.9399
2026-07-19 05:01:50,708 - INFO - Epoch  11 | Train Loss: 0.3444 Acc: 0.8335 | Val Loss: 0.2742 Acc: 0.8652 F1: 0.6667 AUC: 0.9426
2026-07-19 05:02:25,793 - INFO - Epoch  12 | Train Loss: 0.3328 Acc: 0.8365 | Val Loss: 0.2658 Acc: 0.8483 F1: 0.6400 AUC: 0.9453
2026-07-19 05:02:55,982 - INFO - Epoch  13 | Train Loss: 0.3273 Acc: 0.8215 | Val Loss: 0.2643 Acc: 0.8371 F1: 0.6234 AUC: 0.9497
2026-07-19 05:03:25,756 - INFO - Epoch  14 | Train Loss: 0.3035 Acc: 0.8066 | Val Loss: 0.2579 Acc: 0.8427 F1: 0.6316 AUC: 0.9494
2026-07-19 05:03:58,160 - INFO - Epoch  15 | Train Loss: 0.3135 Acc: 0.8106 | Val Loss: 0.2477 Acc: 0.8539 F1: 0.6486 AUC: 0.9508
2026-07-19 05:04:32,990 - INFO - Epoch  16 | Train Loss: 0.2955 Acc: 0.8295 | Val Loss: 0.2416 Acc: 0.8764 F1: 0.6857 AUC: 0.9524
2026-07-19 05:05:06,387 - INFO - Epoch  17 | Train Loss: 0.3033 Acc: 0.8534 | Val Loss: 0.2353 Acc: 0.8820 F1: 0.6957 AUC: 0.9537
2026-07-19 05:05:48,123 - INFO - Epoch  18 | Train Loss: 0.3156 Acc: 0.8445 | Val Loss: 0.2408 Acc: 0.8652 F1: 0.6667 AUC: 0.9521
2026-07-19 05:06:24,707 - INFO - Epoch  19 | Train Loss: 0.2999 Acc: 0.8116 | Val Loss: 0.2456 Acc: 0.8596 F1: 0.6575 AUC: 0.9521
2026-07-19 05:07:08,233 - INFO - Epoch  20 | Train Loss: 0.2961 Acc: 0.8146 | Val Loss: 0.2460 Acc: 0.8596 F1: 0.6575 AUC: 0.9518
2026-07-19 05:07:43,032 - INFO - Epoch  21 | Train Loss: 0.3098 Acc: 0.8156 | Val Loss: 0.2401 Acc: 0.8708 F1: 0.6761 AUC: 0.9529
2026-07-19 05:08:16,759 - INFO - Epoch  22 | Train Loss: 0.2688 Acc: 0.8435 | Val Loss: 0.2294 Acc: 0.8820 F1: 0.6957 AUC: 0.9556
2026-07-19 05:08:46,961 - INFO - Epoch  23 | Train Loss: 0.2628 Acc: 0.8524 | Val Loss: 0.2215 Acc: 0.8820 F1: 0.6957 AUC: 0.9573
2026-07-19 05:09:18,895 - INFO - Epoch  24 | Train Loss: 0.2678 Acc: 0.8554 | Val Loss: 0.2178 Acc: 0.8820 F1: 0.6957 AUC: 0.9578
2026-07-19 05:09:51,195 - INFO - Epoch  25 | Train Loss: 0.2962 Acc: 0.8534 | Val Loss: 0.2306 Acc: 0.8764 F1: 0.6857 AUC: 0.9567
2026-07-19 05:10:22,765 - INFO - Epoch  26 | Train Loss: 0.2690 Acc: 0.8345 | Val Loss: 0.2404 Acc: 0.8539 F1: 0.6486 AUC: 0.9548
2026-07-19 05:10:54,898 - INFO - Epoch  27 | Train Loss: 0.2735 Acc: 0.8295 | Val Loss: 0.2353 Acc: 0.8708 F1: 0.6761 AUC: 0.9556
2026-07-19 05:11:26,059 - INFO - Epoch  28 | Train Loss: 0.2545 Acc: 0.8335 | Val Loss: 0.2208 Acc: 0.8764 F1: 0.6857 AUC: 0.9589
2026-07-19 05:11:58,556 - INFO - Epoch  29 | Train Loss: 0.2567 Acc: 0.8524 | Val Loss: 0.2164 Acc: 0.8876 F1: 0.7059 AUC: 0.9608
2026-07-19 05:12:35,940 - INFO - Epoch  30 | Train Loss: 0.2744 Acc: 0.8604 | Val Loss: 0.2287 Acc: 0.8764 F1: 0.6857 AUC: 0.9581
2026-07-19 05:13:09,269 - INFO - Epoch  31 | Train Loss: 0.2568 Acc: 0.8415 | Val Loss: 0.2332 Acc: 0.8596 F1: 0.6575 AUC: 0.9564
2026-07-19 05:13:40,522 - INFO - Epoch  32 | Train Loss: 0.2695 Acc: 0.8245 | Val Loss: 0.2319 Acc: 0.8708 F1: 0.6761 AUC: 0.9551
2026-07-19 05:14:14,820 - INFO - Epoch  33 | Train Loss: 0.2506 Acc: 0.8305 | Val Loss: 0.2205 Acc: 0.8764 F1: 0.6857 AUC: 0.9578
2026-07-19 05:14:46,376 - INFO - Epoch  34 | Train Loss: 0.2496 Acc: 0.8564 | Val Loss: 0.2156 Acc: 0.8708 F1: 0.6761 AUC: 0.9624
2026-07-19 05:15:29,307 - INFO - Epoch  35 | Train Loss: 0.2595 Acc: 0.8465 | Val Loss: 0.2257 Acc: 0.8596 F1: 0.6575 AUC: 0.9627
2026-07-19 05:16:04,487 - INFO - Epoch  36 | Train Loss: 0.2523 Acc: 0.8345 | Val Loss: 0.2242 Acc: 0.8596 F1: 0.6575 AUC: 0.9608
2026-07-19 05:16:37,605 - INFO - Epoch  37 | Train Loss: 0.2438 Acc: 0.8385 | Val Loss: 0.2229 Acc: 0.8764 F1: 0.6857 AUC: 0.9586
2026-07-19 05:17:12,497 - INFO - Epoch  38 | Train Loss: 0.2473 Acc: 0.8634 | Val Loss: 0.2203 Acc: 0.8764 F1: 0.6857 AUC: 0.9554
2026-07-19 05:17:47,544 - INFO - Epoch  39 | Train Loss: 0.2539 Acc: 0.8694 | Val Loss: 0.2159 Acc: 0.8708 F1: 0.6761 AUC: 0.9605
2026-07-19 05:18:22,865 - INFO - Epoch  40 | Train Loss: 0.2424 Acc: 0.8485 | Val Loss: 0.2125 Acc: 0.8539 F1: 0.6486 AUC: 0.9651
2026-07-19 05:18:59,917 - INFO - Epoch  41 | Train Loss: 0.2500 Acc: 0.8385 | Val Loss: 0.2071 Acc: 0.8596 F1: 0.6575 AUC: 0.9667
2026-07-19 05:19:36,322 - INFO - Epoch  42 | Train Loss: 0.2382 Acc: 0.8425 | Val Loss: 0.1990 Acc: 0.8820 F1: 0.6957 AUC: 0.9667
2026-07-19 05:20:11,810 - INFO - Epoch  43 | Train Loss: 0.2432 Acc: 0.8624 | Val Loss: 0.2086 Acc: 0.8876 F1: 0.7059 AUC: 0.9637
2026-07-19 05:20:42,730 - INFO - Epoch  44 | Train Loss: 0.2345 Acc: 0.8664 | Val Loss: 0.2195 Acc: 0.8652 F1: 0.6667 AUC: 0.9616
2026-07-19 05:20:42,730 - INFO - Early stopping at epoch 44
2026-07-19 05:20:44,144 - INFO - 
Run 5 Test Results:
2026-07-19 05:20:44,144 - INFO -   Accuracy: 0.2064, F1: 0.3091, AUC: 0.7157
2026-07-19 05:20:44,144 - WARNING - NOTE: one or more runs fell back to CPU after an out-of-memory error on the original device. All reported runs below are still valid results — the device only affects speed, not correctness — but if you need every run trained on the exact same device for reproducibility notes, rerun with --device cpu from the start.
2026-07-19 05:20:44,455 - INFO - 
Saved results to ./outputs/models_stage2/cross_market/hybrid_test_usa_zeroshot_globalnorm/hybrid_stage2_results.csv
2026-07-19 05:20:44,455 - INFO - 
============================================================
2026-07-19 05:20:44,455 - INFO - SUMMARY OF ALL RUNS
2026-07-19 05:20:44,455 - INFO - ============================================================
2026-07-19 05:20:44,468 - INFO - test_acc: mean=0.2787 ± 0.1398
2026-07-19 05:20:44,468 - INFO - test_prec: mean=0.2044 ± 0.0362
2026-07-19 05:20:44,469 - INFO - test_rec: mean=0.9648 ± 0.0392
2026-07-19 05:20:44,469 - INFO - test_f1: mean=0.3350 ± 0.0438
2026-07-19 05:20:44,469 - INFO - test_auc: mean=0.7153 ± 0.0239
2026-07-19 05:20:44,547 - INFO - 
Best model saved to ./outputs/models_stage2/cross_market/hybrid_test_usa_zeroshot_globalnorm/best_hybrid_stage2.pth
2026-07-19 05:20:45,698 - INFO - 
Plots and specifications saved to ./outputs/models_stage2/cross_market/hybrid_test_usa_zeroshot_globalnorm/plots
2026-07-19 05:20:45,698 - INFO - Stage 2 training completed.
