2026-07-18 08:20:35,303 - INFO - ============================================================
2026-07-18 08:20:35,303 - INFO - Stage 2: HYBRID Training Started
2026-07-18 08:20:35,303 - INFO - ============================================================
2026-07-18 08:20:35,303 - INFO - Output directory: ./outputs/models_stage2/cross_market/hybrid_test_brazil_ft0.15_globalnorm
2026-07-18 08:20:35,303 - INFO - Log file: ./outputs/models_stage2/cross_market/hybrid_test_brazil_ft0.15_globalnorm/logs/hybrid_stage2.log
2026-07-18 08:20:35,303 - INFO - Model type: hybrid
2026-07-18 08:20:35,303 - INFO - Node features dir: ./outputs/node_features/fold_brazil
2026-07-18 08:20:35,303 - INFO - LOCO mode: test_country = brazil
2026-07-18 08:20:35,303 - INFO - Global norm: True
2026-07-18 08:20:35,303 - INFO - Fine-tune ratio: 0.15
2026-07-18 08:20:35,331 - INFO - Using device: mps (requested: --device auto)
2026-07-18 08:20:35,350 - INFO - Using hybrid features: 135 dim
2026-07-18 08:20:35,350 - INFO - Node feature shape after adjustment: torch.Size([3322, 135])
2026-07-18 08:20:35,350 - INFO - Graph size: 3322 nodes, 1254360 directed edge entries (density=0.1137)
2026-07-18 08:20:35,350 - WARNING - Large graph (1254360 edges). If running on --device mps and you hit an 'MPS backend out of memory' error, this script will automatically retry on CPU. You can also pass --device cpu directly to skip the failed MPS attempt.
2026-07-18 08:20:35,350 - INFO - ============================================================
2026-07-18 08:20:35,350 - INFO - LOCO mode: Building cross-market splits
2026-07-18 08:20:35,350 - INFO - ============================================================
2026-07-18 08:20:35,369 - INFO - Few-Shot Transfer Learning: Using 15.0% of brazil for training.
2026-07-18 08:20:35,369 - INFO - Applying global normalization on screen features (fit on training countries only).
2026-07-18 08:20:35,371 - INFO - Normalized screen features using mean [0.03763197734951973, 0.08582505583763123, 0.022995995357632637, 53.99878692626953, -0.06743442267179489, 0.4367939829826355, 0.4372968375682831] and std [0.05445302277803421, 0.2893790304660797, 0.051083847880363464, 628.987548828125, 0.9879108667373657, 1.9979870319366455, 0.12864327430725098]
2026-07-18 08:20:35,374 - INFO - Train: 2750, Val: 486, Test: 86
2026-07-18 08:20:35,374 - INFO - Label distribution (train): 0=2308, 1=442
2026-07-18 08:20:35,374 - INFO - 
============================================================
Run 1/5 (device=mps)
============================================================
2026-07-18 08:20:35,446 - INFO - Using class weighting: class1 weight = 5.22
2026-07-18 08:20:54,335 - ERROR - Run 1: caught out-of-memory error on device 'mps': MPS backend out of memory (MPS allocated: 16.48 GiB, other allocations: 1.96 GiB, max allowed: 20.13 GiB). Tried to allocate 1.92 GiB on private pool. Use PYTORCH_MPS_HIGH_WATERMARK_RATIO=0.0 to disable upper limit for memory allocations (may cause system failure).
2026-07-18 08:20:54,377 - ERROR - Falling back to CPU for this run and all remaining runs (CPU has no hard memory ceiling like MPS/CUDA, just slower). You can avoid this delay next time by passing --device cpu directly.
2026-07-18 08:20:54,486 - INFO - 
============================================================
Run 1/5 (device=cpu)
============================================================
2026-07-18 08:20:54,770 - INFO - Using class weighting: class1 weight = 5.22
2026-07-18 08:21:46,127 - INFO - Epoch   1 | Train Loss: 0.7284 Acc: 0.6076 | Val Loss: 0.4173 Acc: 0.8045 F1: 0.6058 AUC: 0.9438
2026-07-18 08:22:17,685 - INFO - Epoch   2 | Train Loss: 0.4177 Acc: 0.7833 | Val Loss: 0.3397 Acc: 0.8189 F1: 0.6174 AUC: 0.9409
2026-07-18 08:22:54,381 - INFO - Epoch   3 | Train Loss: 0.3356 Acc: 0.8127 | Val Loss: 0.2701 Acc: 0.8909 F1: 0.7363 AUC: 0.9636
2026-07-18 08:23:24,605 - INFO - Epoch   4 | Train Loss: 0.2666 Acc: 0.8873 | Val Loss: 0.2179 Acc: 0.9115 F1: 0.7749 AUC: 0.9768
2026-07-18 08:23:59,845 - INFO - Epoch   5 | Train Loss: 0.2183 Acc: 0.9145 | Val Loss: 0.1953 Acc: 0.9156 F1: 0.7784 AUC: 0.9798
2026-07-18 08:24:39,525 - INFO - Epoch   6 | Train Loss: 0.1865 Acc: 0.9342 | Val Loss: 0.1762 Acc: 0.9177 F1: 0.7826 AUC: 0.9827
2026-07-18 08:25:11,016 - INFO - Epoch   7 | Train Loss: 0.1703 Acc: 0.9320 | Val Loss: 0.1610 Acc: 0.9177 F1: 0.7895 AUC: 0.9845
2026-07-18 08:25:39,607 - INFO - Epoch   8 | Train Loss: 0.1534 Acc: 0.9305 | Val Loss: 0.1500 Acc: 0.9259 F1: 0.8085 AUC: 0.9866
2026-07-18 08:26:13,177 - INFO - Epoch   9 | Train Loss: 0.1489 Acc: 0.9356 | Val Loss: 0.1448 Acc: 0.9362 F1: 0.8268 AUC: 0.9875
2026-07-18 08:26:51,078 - INFO - Epoch  10 | Train Loss: 0.1412 Acc: 0.9440 | Val Loss: 0.1388 Acc: 0.9383 F1: 0.8295 AUC: 0.9882
2026-07-18 08:27:25,887 - INFO - Epoch  11 | Train Loss: 0.1237 Acc: 0.9458 | Val Loss: 0.1223 Acc: 0.9383 F1: 0.8333 AUC: 0.9901
2026-07-18 08:27:54,632 - INFO - Epoch  12 | Train Loss: 0.1282 Acc: 0.9411 | Val Loss: 0.1164 Acc: 0.9383 F1: 0.8352 AUC: 0.9914
2026-07-18 08:28:25,983 - INFO - Epoch  13 | Train Loss: 0.1169 Acc: 0.9444 | Val Loss: 0.1183 Acc: 0.9383 F1: 0.8352 AUC: 0.9910
2026-07-18 08:29:03,102 - INFO - Epoch  14 | Train Loss: 0.1151 Acc: 0.9400 | Val Loss: 0.1190 Acc: 0.9383 F1: 0.8333 AUC: 0.9908
2026-07-18 08:29:39,374 - INFO - Epoch  15 | Train Loss: 0.1099 Acc: 0.9462 | Val Loss: 0.1102 Acc: 0.9465 F1: 0.8523 AUC: 0.9924
2026-07-18 08:30:12,491 - INFO - Epoch  16 | Train Loss: 0.1078 Acc: 0.9516 | Val Loss: 0.1023 Acc: 0.9486 F1: 0.8571 AUC: 0.9937
2026-07-18 08:30:46,627 - INFO - Epoch  17 | Train Loss: 0.1061 Acc: 0.9491 | Val Loss: 0.1051 Acc: 0.9465 F1: 0.8506 AUC: 0.9932
2026-07-18 08:31:21,141 - INFO - Epoch  18 | Train Loss: 0.0965 Acc: 0.9513 | Val Loss: 0.1055 Acc: 0.9465 F1: 0.8523 AUC: 0.9929
2026-07-18 08:31:55,235 - INFO - Epoch  19 | Train Loss: 0.0951 Acc: 0.9513 | Val Loss: 0.1001 Acc: 0.9444 F1: 0.8492 AUC: 0.9937
2026-07-18 08:32:30,422 - INFO - Epoch  20 | Train Loss: 0.0936 Acc: 0.9495 | Val Loss: 0.0931 Acc: 0.9444 F1: 0.8492 AUC: 0.9945
2026-07-18 08:32:59,428 - INFO - Epoch  21 | Train Loss: 0.0875 Acc: 0.9495 | Val Loss: 0.0884 Acc: 0.9568 F1: 0.8800 AUC: 0.9948
2026-07-18 08:33:34,966 - INFO - Epoch  22 | Train Loss: 0.0861 Acc: 0.9585 | Val Loss: 0.0884 Acc: 0.9588 F1: 0.8824 AUC: 0.9950
2026-07-18 08:34:06,278 - INFO - Epoch  23 | Train Loss: 0.0840 Acc: 0.9600 | Val Loss: 0.0849 Acc: 0.9588 F1: 0.8851 AUC: 0.9952
2026-07-18 08:34:39,766 - INFO - Epoch  24 | Train Loss: 0.0788 Acc: 0.9604 | Val Loss: 0.0829 Acc: 0.9465 F1: 0.8556 AUC: 0.9953
2026-07-18 08:35:16,621 - INFO - Epoch  25 | Train Loss: 0.0864 Acc: 0.9498 | Val Loss: 0.0821 Acc: 0.9486 F1: 0.8603 AUC: 0.9957
2026-07-18 08:35:50,552 - INFO - Epoch  26 | Train Loss: 0.0811 Acc: 0.9484 | Val Loss: 0.0768 Acc: 0.9568 F1: 0.8800 AUC: 0.9962
2026-07-18 08:36:33,554 - INFO - Epoch  27 | Train Loss: 0.0772 Acc: 0.9600 | Val Loss: 0.0747 Acc: 0.9650 F1: 0.8994 AUC: 0.9964
2026-07-18 08:37:11,722 - INFO - Epoch  28 | Train Loss: 0.0754 Acc: 0.9644 | Val Loss: 0.0723 Acc: 0.9630 F1: 0.8929 AUC: 0.9966
2026-07-18 08:37:44,724 - INFO - Epoch  29 | Train Loss: 0.0711 Acc: 0.9651 | Val Loss: 0.0718 Acc: 0.9547 F1: 0.8736 AUC: 0.9964
2026-07-18 08:38:15,710 - INFO - Epoch  30 | Train Loss: 0.0738 Acc: 0.9615 | Val Loss: 0.0740 Acc: 0.9547 F1: 0.8736 AUC: 0.9962
2026-07-18 08:38:54,608 - INFO - Epoch  31 | Train Loss: 0.0729 Acc: 0.9607 | Val Loss: 0.0732 Acc: 0.9547 F1: 0.8721 AUC: 0.9963
2026-07-18 08:39:44,976 - INFO - Epoch  32 | Train Loss: 0.0684 Acc: 0.9622 | Val Loss: 0.0733 Acc: 0.9630 F1: 0.8929 AUC: 0.9962
2026-07-18 08:40:27,008 - INFO - Epoch  33 | Train Loss: 0.0728 Acc: 0.9673 | Val Loss: 0.0736 Acc: 0.9588 F1: 0.8824 AUC: 0.9964
2026-07-18 08:40:59,991 - INFO - Epoch  34 | Train Loss: 0.0667 Acc: 0.9687 | Val Loss: 0.0733 Acc: 0.9609 F1: 0.8889 AUC: 0.9964
2026-07-18 08:41:32,859 - INFO - Epoch  35 | Train Loss: 0.0691 Acc: 0.9676 | Val Loss: 0.0721 Acc: 0.9588 F1: 0.8837 AUC: 0.9964
2026-07-18 08:42:03,041 - INFO - Epoch  36 | Train Loss: 0.0654 Acc: 0.9625 | Val Loss: 0.0702 Acc: 0.9588 F1: 0.8837 AUC: 0.9964
2026-07-18 08:42:35,812 - INFO - Epoch  37 | Train Loss: 0.0643 Acc: 0.9611 | Val Loss: 0.0678 Acc: 0.9609 F1: 0.8889 AUC: 0.9966
2026-07-18 08:43:09,145 - INFO - Epoch  38 | Train Loss: 0.0674 Acc: 0.9695 | Val Loss: 0.0668 Acc: 0.9630 F1: 0.8929 AUC: 0.9967
2026-07-18 08:43:44,710 - INFO - Epoch  39 | Train Loss: 0.0612 Acc: 0.9720 | Val Loss: 0.0663 Acc: 0.9650 F1: 0.8982 AUC: 0.9970
2026-07-18 08:44:23,280 - INFO - Epoch  40 | Train Loss: 0.0670 Acc: 0.9738 | Val Loss: 0.0650 Acc: 0.9650 F1: 0.8982 AUC: 0.9970
2026-07-18 08:44:57,053 - INFO - Epoch  41 | Train Loss: 0.0617 Acc: 0.9673 | Val Loss: 0.0644 Acc: 0.9609 F1: 0.8889 AUC: 0.9969
2026-07-18 08:45:31,071 - INFO - Epoch  42 | Train Loss: 0.0574 Acc: 0.9684 | Val Loss: 0.0647 Acc: 0.9630 F1: 0.8953 AUC: 0.9971
2026-07-18 08:45:31,073 - INFO - Early stopping at epoch 42
2026-07-18 08:45:32,497 - INFO - 
Run 1 Test Results:
2026-07-18 08:45:32,497 - INFO -   Accuracy: 0.6744, F1: 0.6500, AUC: 0.8461
2026-07-18 08:45:32,498 - INFO - 
============================================================
Run 2/5 (device=cpu)
============================================================
2026-07-18 08:45:32,594 - INFO - Using class weighting: class1 weight = 5.22
2026-07-18 08:46:05,134 - INFO - Epoch   1 | Train Loss: 0.7498 Acc: 0.7276 | Val Loss: 0.4035 Acc: 0.8086 F1: 0.6109 AUC: 0.9392
2026-07-18 08:46:39,094 - INFO - Epoch   2 | Train Loss: 0.4100 Acc: 0.7869 | Val Loss: 0.3145 Acc: 0.8374 F1: 0.6550 AUC: 0.9531
2026-07-18 08:47:13,182 - INFO - Epoch   3 | Train Loss: 0.3155 Acc: 0.8171 | Val Loss: 0.2539 Acc: 0.9012 F1: 0.7576 AUC: 0.9666
2026-07-18 08:47:47,481 - INFO - Epoch   4 | Train Loss: 0.2475 Acc: 0.8869 | Val Loss: 0.2095 Acc: 0.9136 F1: 0.7789 AUC: 0.9772
2026-07-18 08:48:23,141 - INFO - Epoch   5 | Train Loss: 0.2032 Acc: 0.9247 | Val Loss: 0.1845 Acc: 0.9156 F1: 0.7807 AUC: 0.9803
2026-07-18 08:48:57,829 - INFO - Epoch   6 | Train Loss: 0.1723 Acc: 0.9385 | Val Loss: 0.1719 Acc: 0.9218 F1: 0.7912 AUC: 0.9827
2026-07-18 08:49:35,467 - INFO - Epoch   7 | Train Loss: 0.1633 Acc: 0.9436 | Val Loss: 0.1609 Acc: 0.9218 F1: 0.7935 AUC: 0.9844
2026-07-18 08:50:09,490 - INFO - Epoch   8 | Train Loss: 0.1546 Acc: 0.9415 | Val Loss: 0.1542 Acc: 0.9218 F1: 0.7935 AUC: 0.9856
2026-07-18 08:50:42,182 - INFO - Epoch   9 | Train Loss: 0.1484 Acc: 0.9385 | Val Loss: 0.1481 Acc: 0.9198 F1: 0.7892 AUC: 0.9862
2026-07-18 08:51:15,192 - INFO - Epoch  10 | Train Loss: 0.1370 Acc: 0.9404 | Val Loss: 0.1408 Acc: 0.9239 F1: 0.8021 AUC: 0.9873
2026-07-18 08:51:59,283 - INFO - Epoch  11 | Train Loss: 0.1337 Acc: 0.9425 | Val Loss: 0.1306 Acc: 0.9280 F1: 0.8128 AUC: 0.9892
2026-07-18 08:52:34,383 - INFO - Epoch  12 | Train Loss: 0.1233 Acc: 0.9415 | Val Loss: 0.1261 Acc: 0.9321 F1: 0.8197 AUC: 0.9895
2026-07-18 08:53:06,743 - INFO - Epoch  13 | Train Loss: 0.1191 Acc: 0.9444 | Val Loss: 0.1216 Acc: 0.9321 F1: 0.8156 AUC: 0.9905
2026-07-18 08:53:42,820 - INFO - Epoch  14 | Train Loss: 0.1116 Acc: 0.9516 | Val Loss: 0.1149 Acc: 0.9465 F1: 0.8523 AUC: 0.9917
2026-07-18 08:54:14,620 - INFO - Epoch  15 | Train Loss: 0.1132 Acc: 0.9527 | Val Loss: 0.1104 Acc: 0.9444 F1: 0.8475 AUC: 0.9922
2026-07-18 08:54:52,091 - INFO - Epoch  16 | Train Loss: 0.1019 Acc: 0.9509 | Val Loss: 0.1082 Acc: 0.9444 F1: 0.8492 AUC: 0.9925
2026-07-18 08:55:27,654 - INFO - Epoch  17 | Train Loss: 0.0992 Acc: 0.9462 | Val Loss: 0.1016 Acc: 0.9465 F1: 0.8539 AUC: 0.9933
2026-07-18 08:56:01,256 - INFO - Epoch  18 | Train Loss: 0.0959 Acc: 0.9495 | Val Loss: 0.0931 Acc: 0.9506 F1: 0.8636 AUC: 0.9945
2026-07-18 08:56:39,439 - INFO - Epoch  19 | Train Loss: 0.0890 Acc: 0.9520 | Val Loss: 0.0903 Acc: 0.9506 F1: 0.8621 AUC: 0.9948
2026-07-18 08:57:12,038 - INFO - Epoch  20 | Train Loss: 0.0943 Acc: 0.9545 | Val Loss: 0.0833 Acc: 0.9506 F1: 0.8652 AUC: 0.9956
2026-07-18 08:57:46,573 - INFO - Epoch  21 | Train Loss: 0.0838 Acc: 0.9538 | Val Loss: 0.0794 Acc: 0.9506 F1: 0.8652 AUC: 0.9959
2026-07-18 08:58:19,700 - INFO - Epoch  22 | Train Loss: 0.0779 Acc: 0.9553 | Val Loss: 0.0756 Acc: 0.9527 F1: 0.8701 AUC: 0.9962
2026-07-18 08:59:00,702 - INFO - Epoch  23 | Train Loss: 0.0785 Acc: 0.9593 | Val Loss: 0.0732 Acc: 0.9527 F1: 0.8701 AUC: 0.9966
2026-07-18 08:59:35,852 - INFO - Epoch  24 | Train Loss: 0.0721 Acc: 0.9575 | Val Loss: 0.0719 Acc: 0.9630 F1: 0.8953 AUC: 0.9965
2026-07-18 09:00:13,847 - INFO - Epoch  25 | Train Loss: 0.0768 Acc: 0.9633 | Val Loss: 0.0718 Acc: 0.9444 F1: 0.8508 AUC: 0.9970
2026-07-18 09:00:43,924 - INFO - Epoch  26 | Train Loss: 0.0697 Acc: 0.9622 | Val Loss: 0.0727 Acc: 0.9527 F1: 0.8701 AUC: 0.9966
2026-07-18 09:01:21,446 - INFO - Epoch  27 | Train Loss: 0.0678 Acc: 0.9607 | Val Loss: 0.0729 Acc: 0.9588 F1: 0.8837 AUC: 0.9965
2026-07-18 09:01:58,866 - INFO - Epoch  28 | Train Loss: 0.0700 Acc: 0.9636 | Val Loss: 0.0730 Acc: 0.9630 F1: 0.8941 AUC: 0.9966
2026-07-18 09:02:37,799 - INFO - Epoch  29 | Train Loss: 0.0691 Acc: 0.9633 | Val Loss: 0.0721 Acc: 0.9630 F1: 0.8929 AUC: 0.9969
2026-07-18 09:03:09,155 - INFO - Epoch  30 | Train Loss: 0.0651 Acc: 0.9720 | Val Loss: 0.0677 Acc: 0.9609 F1: 0.8889 AUC: 0.9971
2026-07-18 09:03:41,062 - INFO - Epoch  31 | Train Loss: 0.0639 Acc: 0.9665 | Val Loss: 0.0685 Acc: 0.9527 F1: 0.8686 AUC: 0.9970
2026-07-18 09:04:15,303 - INFO - Epoch  32 | Train Loss: 0.0687 Acc: 0.9647 | Val Loss: 0.0631 Acc: 0.9630 F1: 0.8941 AUC: 0.9975
2026-07-18 09:04:54,025 - INFO - Epoch  33 | Train Loss: 0.0646 Acc: 0.9691 | Val Loss: 0.0629 Acc: 0.9671 F1: 0.9048 AUC: 0.9974
2026-07-18 09:05:27,829 - INFO - Epoch  34 | Train Loss: 0.0622 Acc: 0.9731 | Val Loss: 0.0629 Acc: 0.9630 F1: 0.8941 AUC: 0.9972
2026-07-18 09:06:02,413 - INFO - Epoch  35 | Train Loss: 0.0603 Acc: 0.9687 | Val Loss: 0.0649 Acc: 0.9609 F1: 0.8889 AUC: 0.9970
2026-07-18 09:06:35,161 - INFO - Epoch  36 | Train Loss: 0.0561 Acc: 0.9749 | Val Loss: 0.0660 Acc: 0.9588 F1: 0.8824 AUC: 0.9970
2026-07-18 09:07:09,586 - INFO - Epoch  37 | Train Loss: 0.0575 Acc: 0.9727 | Val Loss: 0.0661 Acc: 0.9630 F1: 0.8929 AUC: 0.9970
2026-07-18 09:07:44,553 - INFO - Epoch  38 | Train Loss: 0.0591 Acc: 0.9735 | Val Loss: 0.0626 Acc: 0.9568 F1: 0.8772 AUC: 0.9974
2026-07-18 09:08:16,098 - INFO - Epoch  39 | Train Loss: 0.0594 Acc: 0.9713 | Val Loss: 0.0589 Acc: 0.9630 F1: 0.8953 AUC: 0.9976
2026-07-18 09:08:51,663 - INFO - Epoch  40 | Train Loss: 0.0556 Acc: 0.9735 | Val Loss: 0.0571 Acc: 0.9630 F1: 0.8953 AUC: 0.9978
2026-07-18 09:09:28,629 - INFO - Epoch  41 | Train Loss: 0.0530 Acc: 0.9698 | Val Loss: 0.0569 Acc: 0.9588 F1: 0.8851 AUC: 0.9977
2026-07-18 09:09:57,237 - INFO - Epoch  42 | Train Loss: 0.0556 Acc: 0.9691 | Val Loss: 0.0569 Acc: 0.9588 F1: 0.8864 AUC: 0.9977
2026-07-18 09:10:35,651 - INFO - Epoch  43 | Train Loss: 0.0527 Acc: 0.9698 | Val Loss: 0.0603 Acc: 0.9650 F1: 0.8994 AUC: 0.9974
2026-07-18 09:11:11,669 - INFO - Epoch  44 | Train Loss: 0.0430 Acc: 0.9782 | Val Loss: 0.0664 Acc: 0.9712 F1: 0.9157 AUC: 0.9972
2026-07-18 09:11:43,624 - INFO - Epoch  45 | Train Loss: 0.0554 Acc: 0.9778 | Val Loss: 0.0601 Acc: 0.9568 F1: 0.8786 AUC: 0.9979
2026-07-18 09:12:14,823 - INFO - Epoch  46 | Train Loss: 0.0559 Acc: 0.9676 | Val Loss: 0.0577 Acc: 0.9568 F1: 0.8786 AUC: 0.9978
2026-07-18 09:12:47,621 - INFO - Epoch  47 | Train Loss: 0.0486 Acc: 0.9749 | Val Loss: 0.0603 Acc: 0.9712 F1: 0.9167 AUC: 0.9978
2026-07-18 09:13:26,084 - INFO - Epoch  48 | Train Loss: 0.0524 Acc: 0.9778 | Val Loss: 0.0577 Acc: 0.9712 F1: 0.9167 AUC: 0.9979
2026-07-18 09:14:04,907 - INFO - Epoch  49 | Train Loss: 0.0464 Acc: 0.9807 | Val Loss: 0.0536 Acc: 0.9650 F1: 0.9006 AUC: 0.9981
2026-07-18 09:14:41,381 - INFO - Epoch  50 | Train Loss: 0.0473 Acc: 0.9753 | Val Loss: 0.0514 Acc: 0.9650 F1: 0.9006 AUC: 0.9984
2026-07-18 09:15:14,526 - INFO - Epoch  51 | Train Loss: 0.0489 Acc: 0.9738 | Val Loss: 0.0506 Acc: 0.9650 F1: 0.9006 AUC: 0.9982
2026-07-18 09:15:55,846 - INFO - Epoch  52 | Train Loss: 0.0479 Acc: 0.9745 | Val Loss: 0.0509 Acc: 0.9671 F1: 0.9048 AUC: 0.9981
2026-07-18 09:16:27,729 - INFO - Epoch  53 | Train Loss: 0.0521 Acc: 0.9749 | Val Loss: 0.0509 Acc: 0.9753 F1: 0.9268 AUC: 0.9982
2026-07-18 09:17:01,194 - INFO - Epoch  54 | Train Loss: 0.0455 Acc: 0.9789 | Val Loss: 0.0488 Acc: 0.9733 F1: 0.9212 AUC: 0.9985
2026-07-18 09:17:36,974 - INFO - Epoch  55 | Train Loss: 0.0453 Acc: 0.9793 | Val Loss: 0.0493 Acc: 0.9691 F1: 0.9112 AUC: 0.9985
2026-07-18 09:18:09,214 - INFO - Epoch  56 | Train Loss: 0.0435 Acc: 0.9778 | Val Loss: 0.0509 Acc: 0.9671 F1: 0.9036 AUC: 0.9984
2026-07-18 09:18:38,770 - INFO - Epoch  57 | Train Loss: 0.0433 Acc: 0.9807 | Val Loss: 0.0533 Acc: 0.9671 F1: 0.9036 AUC: 0.9982
2026-07-18 09:19:20,927 - INFO - Epoch  58 | Train Loss: 0.0458 Acc: 0.9807 | Val Loss: 0.0556 Acc: 0.9691 F1: 0.9102 AUC: 0.9981
2026-07-18 09:19:56,084 - INFO - Epoch  59 | Train Loss: 0.0469 Acc: 0.9825 | Val Loss: 0.0602 Acc: 0.9568 F1: 0.8786 AUC: 0.9979
2026-07-18 09:20:35,707 - INFO - Epoch  60 | Train Loss: 0.0466 Acc: 0.9767 | Val Loss: 0.0618 Acc: 0.9588 F1: 0.8837 AUC: 0.9977
2026-07-18 09:21:11,130 - INFO - Epoch  61 | Train Loss: 0.0487 Acc: 0.9764 | Val Loss: 0.0597 Acc: 0.9588 F1: 0.8837 AUC: 0.9977
2026-07-18 09:21:47,997 - INFO - Epoch  62 | Train Loss: 0.0457 Acc: 0.9775 | Val Loss: 0.0569 Acc: 0.9671 F1: 0.9036 AUC: 0.9977
2026-07-18 09:22:26,000 - INFO - Epoch  63 | Train Loss: 0.0425 Acc: 0.9807 | Val Loss: 0.0558 Acc: 0.9733 F1: 0.9202 AUC: 0.9977
2026-07-18 09:23:00,217 - INFO - Epoch  64 | Train Loss: 0.0406 Acc: 0.9836 | Val Loss: 0.0530 Acc: 0.9733 F1: 0.9202 AUC: 0.9979
2026-07-18 09:23:39,749 - INFO - Epoch  65 | Train Loss: 0.0405 Acc: 0.9815 | Val Loss: 0.0507 Acc: 0.9671 F1: 0.9036 AUC: 0.9982
2026-07-18 09:24:17,239 - INFO - Epoch  66 | Train Loss: 0.0383 Acc: 0.9822 | Val Loss: 0.0500 Acc: 0.9691 F1: 0.9102 AUC: 0.9983
2026-07-18 09:25:04,840 - INFO - Epoch  67 | Train Loss: 0.0405 Acc: 0.9836 | Val Loss: 0.0502 Acc: 0.9691 F1: 0.9102 AUC: 0.9982
2026-07-18 09:25:41,279 - INFO - Epoch  68 | Train Loss: 0.0388 Acc: 0.9811 | Val Loss: 0.0504 Acc: 0.9691 F1: 0.9102 AUC: 0.9981
2026-07-18 09:25:41,281 - INFO - Early stopping at epoch 68
2026-07-18 09:25:42,681 - INFO - 
Run 2 Test Results:
2026-07-18 09:25:42,681 - INFO -   Accuracy: 0.7791, F1: 0.7164, AUC: 0.8892
2026-07-18 09:25:42,686 - INFO - 
============================================================
Run 3/5 (device=cpu)
============================================================
2026-07-18 09:25:42,782 - INFO - Using class weighting: class1 weight = 5.22
2026-07-18 09:26:27,356 - INFO - Epoch   1 | Train Loss: 0.6881 Acc: 0.6709 | Val Loss: 0.4382 Acc: 0.7469 F1: 0.5287 AUC: 0.9043
2026-07-18 09:27:02,661 - INFO - Epoch   2 | Train Loss: 0.4285 Acc: 0.7273 | Val Loss: 0.3351 Acc: 0.8354 F1: 0.6491 AUC: 0.9527
2026-07-18 09:27:38,756 - INFO - Epoch   3 | Train Loss: 0.3250 Acc: 0.8135 | Val Loss: 0.2717 Acc: 0.9033 F1: 0.7638 AUC: 0.9607
2026-07-18 09:28:17,204 - INFO - Epoch   4 | Train Loss: 0.2576 Acc: 0.8916 | Val Loss: 0.2177 Acc: 0.9053 F1: 0.7653 AUC: 0.9776
2026-07-18 09:28:53,818 - INFO - Epoch   5 | Train Loss: 0.2069 Acc: 0.9204 | Val Loss: 0.1929 Acc: 0.9136 F1: 0.7742 AUC: 0.9803
2026-07-18 09:29:29,436 - INFO - Epoch   6 | Train Loss: 0.1825 Acc: 0.9338 | Val Loss: 0.1724 Acc: 0.9321 F1: 0.8136 AUC: 0.9830
2026-07-18 09:30:00,459 - INFO - Epoch   7 | Train Loss: 0.1715 Acc: 0.9455 | Val Loss: 0.1565 Acc: 0.9259 F1: 0.8022 AUC: 0.9848
2026-07-18 09:30:32,241 - INFO - Epoch   8 | Train Loss: 0.1539 Acc: 0.9422 | Val Loss: 0.1482 Acc: 0.9239 F1: 0.8021 AUC: 0.9864
2026-07-18 09:31:08,344 - INFO - Epoch   9 | Train Loss: 0.1381 Acc: 0.9422 | Val Loss: 0.1471 Acc: 0.9218 F1: 0.7979 AUC: 0.9868
2026-07-18 09:31:40,425 - INFO - Epoch  10 | Train Loss: 0.1359 Acc: 0.9364 | Val Loss: 0.1423 Acc: 0.9239 F1: 0.8021 AUC: 0.9876
2026-07-18 09:32:11,572 - INFO - Epoch  11 | Train Loss: 0.1290 Acc: 0.9305 | Val Loss: 0.1319 Acc: 0.9259 F1: 0.8065 AUC: 0.9895
2026-07-18 09:32:44,573 - INFO - Epoch  12 | Train Loss: 0.1219 Acc: 0.9364 | Val Loss: 0.1213 Acc: 0.9280 F1: 0.8108 AUC: 0.9910
2026-07-18 09:33:24,980 - INFO - Epoch  13 | Train Loss: 0.1087 Acc: 0.9487 | Val Loss: 0.1183 Acc: 0.9424 F1: 0.8427 AUC: 0.9917
2026-07-18 09:33:56,078 - INFO - Epoch  14 | Train Loss: 0.1100 Acc: 0.9484 | Val Loss: 0.1204 Acc: 0.9506 F1: 0.8605 AUC: 0.9916
2026-07-18 09:34:57,741 - INFO - Epoch  15 | Train Loss: 0.1085 Acc: 0.9538 | Val Loss: 0.1156 Acc: 0.9444 F1: 0.8457 AUC: 0.9921
2026-07-18 09:35:41,814 - INFO - Epoch  16 | Train Loss: 0.1087 Acc: 0.9487 | Val Loss: 0.1095 Acc: 0.9403 F1: 0.8380 AUC: 0.9928
2026-07-18 09:36:16,560 - INFO - Epoch  17 | Train Loss: 0.0963 Acc: 0.9480 | Val Loss: 0.1052 Acc: 0.9403 F1: 0.8380 AUC: 0.9934
2026-07-18 09:36:51,260 - INFO - Epoch  18 | Train Loss: 0.0897 Acc: 0.9487 | Val Loss: 0.1022 Acc: 0.9444 F1: 0.8475 AUC: 0.9932
2026-07-18 09:37:28,852 - INFO - Epoch  19 | Train Loss: 0.0946 Acc: 0.9480 | Val Loss: 0.1006 Acc: 0.9506 F1: 0.8605 AUC: 0.9934
2026-07-18 09:38:03,132 - INFO - Epoch  20 | Train Loss: 0.0949 Acc: 0.9516 | Val Loss: 0.0909 Acc: 0.9506 F1: 0.8621 AUC: 0.9946
2026-07-18 09:38:36,379 - INFO - Epoch  21 | Train Loss: 0.0894 Acc: 0.9520 | Val Loss: 0.0860 Acc: 0.9486 F1: 0.8588 AUC: 0.9949
2026-07-18 09:39:15,114 - INFO - Epoch  22 | Train Loss: 0.0869 Acc: 0.9531 | Val Loss: 0.0848 Acc: 0.9486 F1: 0.8588 AUC: 0.9953
2026-07-18 09:39:51,911 - INFO - Epoch  23 | Train Loss: 0.0850 Acc: 0.9535 | Val Loss: 0.0827 Acc: 0.9486 F1: 0.8571 AUC: 0.9951
2026-07-18 09:40:33,092 - INFO - Epoch  24 | Train Loss: 0.0884 Acc: 0.9578 | Val Loss: 0.0862 Acc: 0.9609 F1: 0.8862 AUC: 0.9951
2026-07-18 09:41:06,369 - INFO - Epoch  25 | Train Loss: 0.0794 Acc: 0.9662 | Val Loss: 0.0811 Acc: 0.9547 F1: 0.8721 AUC: 0.9954
2026-07-18 09:41:39,185 - INFO - Epoch  26 | Train Loss: 0.0813 Acc: 0.9658 | Val Loss: 0.0774 Acc: 0.9506 F1: 0.8652 AUC: 0.9958
2026-07-18 09:42:16,941 - INFO - Epoch  27 | Train Loss: 0.0743 Acc: 0.9567 | Val Loss: 0.0780 Acc: 0.9465 F1: 0.8556 AUC: 0.9961
2026-07-18 09:42:54,511 - INFO - Epoch  28 | Train Loss: 0.0762 Acc: 0.9520 | Val Loss: 0.0734 Acc: 0.9506 F1: 0.8652 AUC: 0.9963
2026-07-18 09:43:22,380 - INFO - Epoch  29 | Train Loss: 0.0769 Acc: 0.9535 | Val Loss: 0.0716 Acc: 0.9547 F1: 0.8736 AUC: 0.9964
2026-07-18 09:43:59,670 - INFO - Epoch  30 | Train Loss: 0.0738 Acc: 0.9596 | Val Loss: 0.0740 Acc: 0.9671 F1: 0.9048 AUC: 0.9965
2026-07-18 09:44:34,316 - INFO - Epoch  31 | Train Loss: 0.0682 Acc: 0.9691 | Val Loss: 0.0718 Acc: 0.9671 F1: 0.9048 AUC: 0.9965
2026-07-18 09:45:07,505 - INFO - Epoch  32 | Train Loss: 0.0710 Acc: 0.9705 | Val Loss: 0.0687 Acc: 0.9588 F1: 0.8851 AUC: 0.9966
2026-07-18 09:45:43,534 - INFO - Epoch  33 | Train Loss: 0.0719 Acc: 0.9611 | Val Loss: 0.0726 Acc: 0.9527 F1: 0.8686 AUC: 0.9963
2026-07-18 09:46:20,625 - INFO - Epoch  34 | Train Loss: 0.0720 Acc: 0.9531 | Val Loss: 0.0715 Acc: 0.9547 F1: 0.8736 AUC: 0.9965
2026-07-18 09:46:58,978 - INFO - Epoch  35 | Train Loss: 0.0649 Acc: 0.9593 | Val Loss: 0.0701 Acc: 0.9588 F1: 0.8837 AUC: 0.9965
2026-07-18 09:47:33,784 - INFO - Epoch  36 | Train Loss: 0.0698 Acc: 0.9618 | Val Loss: 0.0713 Acc: 0.9650 F1: 0.8994 AUC: 0.9966
2026-07-18 09:48:07,449 - INFO - Epoch  37 | Train Loss: 0.0659 Acc: 0.9684 | Val Loss: 0.0696 Acc: 0.9630 F1: 0.8941 AUC: 0.9969
2026-07-18 09:48:44,108 - INFO - Epoch  38 | Train Loss: 0.0650 Acc: 0.9691 | Val Loss: 0.0665 Acc: 0.9609 F1: 0.8889 AUC: 0.9970
2026-07-18 09:49:17,519 - INFO - Epoch  39 | Train Loss: 0.0606 Acc: 0.9655 | Val Loss: 0.0644 Acc: 0.9588 F1: 0.8837 AUC: 0.9971
2026-07-18 09:49:49,431 - INFO - Epoch  40 | Train Loss: 0.0639 Acc: 0.9658 | Val Loss: 0.0636 Acc: 0.9568 F1: 0.8786 AUC: 0.9972
2026-07-18 09:50:23,821 - INFO - Epoch  41 | Train Loss: 0.0616 Acc: 0.9651 | Val Loss: 0.0636 Acc: 0.9609 F1: 0.8902 AUC: 0.9971
2026-07-18 09:50:58,641 - INFO - Epoch  42 | Train Loss: 0.0675 Acc: 0.9680 | Val Loss: 0.0612 Acc: 0.9609 F1: 0.8889 AUC: 0.9975
2026-07-18 09:51:34,455 - INFO - Epoch  43 | Train Loss: 0.0589 Acc: 0.9716 | Val Loss: 0.0605 Acc: 0.9609 F1: 0.8889 AUC: 0.9976
2026-07-18 09:52:03,589 - INFO - Epoch  44 | Train Loss: 0.0609 Acc: 0.9687 | Val Loss: 0.0600 Acc: 0.9609 F1: 0.8889 AUC: 0.9977
2026-07-18 09:52:36,649 - INFO - Epoch  45 | Train Loss: 0.0568 Acc: 0.9713 | Val Loss: 0.0608 Acc: 0.9609 F1: 0.8902 AUC: 0.9974
2026-07-18 09:52:36,654 - INFO - Early stopping at epoch 45
2026-07-18 09:52:38,098 - INFO - 
Run 3 Test Results:
2026-07-18 09:52:38,098 - INFO -   Accuracy: 0.7326, F1: 0.6462, AUC: 0.8337
2026-07-18 09:52:38,098 - INFO - 
============================================================
Run 4/5 (device=cpu)
============================================================
2026-07-18 09:52:38,147 - INFO - Using class weighting: class1 weight = 5.22
2026-07-18 09:53:10,072 - INFO - Epoch   1 | Train Loss: 0.7953 Acc: 0.1804 | Val Loss: 0.4979 Acc: 0.6502 F1: 0.4753 AUC: 0.9480
2026-07-18 09:53:46,195 - INFO - Epoch   2 | Train Loss: 0.4961 Acc: 0.6276 | Val Loss: 0.3993 Acc: 0.7551 F1: 0.5543 AUC: 0.9428
2026-07-18 09:54:26,124 - INFO - Epoch   3 | Train Loss: 0.3827 Acc: 0.7364 | Val Loss: 0.2954 Acc: 0.9033 F1: 0.7590 AUC: 0.9671
2026-07-18 09:54:58,887 - INFO - Epoch   4 | Train Loss: 0.2912 Acc: 0.8964 | Val Loss: 0.2370 Acc: 0.9218 F1: 0.7935 AUC: 0.9786
2026-07-18 09:55:30,206 - INFO - Epoch   5 | Train Loss: 0.2345 Acc: 0.9236 | Val Loss: 0.2041 Acc: 0.9259 F1: 0.8000 AUC: 0.9832
2026-07-18 09:56:09,013 - INFO - Epoch   6 | Train Loss: 0.2043 Acc: 0.9295 | Val Loss: 0.1826 Acc: 0.9239 F1: 0.8021 AUC: 0.9843
2026-07-18 09:56:47,035 - INFO - Epoch   7 | Train Loss: 0.1813 Acc: 0.9302 | Val Loss: 0.1679 Acc: 0.9198 F1: 0.7979 AUC: 0.9851
2026-07-18 09:57:23,747 - INFO - Epoch   8 | Train Loss: 0.1692 Acc: 0.9240 | Val Loss: 0.1570 Acc: 0.9280 F1: 0.8148 AUC: 0.9859
2026-07-18 09:57:59,602 - INFO - Epoch   9 | Train Loss: 0.1469 Acc: 0.9342 | Val Loss: 0.1457 Acc: 0.9342 F1: 0.8242 AUC: 0.9879
2026-07-18 09:58:33,089 - INFO - Epoch  10 | Train Loss: 0.1440 Acc: 0.9425 | Val Loss: 0.1362 Acc: 0.9321 F1: 0.8216 AUC: 0.9888
2026-07-18 09:59:05,541 - INFO - Epoch  11 | Train Loss: 0.1327 Acc: 0.9444 | Val Loss: 0.1294 Acc: 0.9362 F1: 0.8287 AUC: 0.9897
2026-07-18 09:59:44,806 - INFO - Epoch  12 | Train Loss: 0.1248 Acc: 0.9476 | Val Loss: 0.1271 Acc: 0.9424 F1: 0.8427 AUC: 0.9896
2026-07-18 10:00:21,375 - INFO - Epoch  13 | Train Loss: 0.1223 Acc: 0.9458 | Val Loss: 0.1223 Acc: 0.9362 F1: 0.8287 AUC: 0.9900
2026-07-18 10:00:57,316 - INFO - Epoch  14 | Train Loss: 0.1169 Acc: 0.9429 | Val Loss: 0.1143 Acc: 0.9383 F1: 0.8352 AUC: 0.9910
2026-07-18 10:01:29,251 - INFO - Epoch  15 | Train Loss: 0.1111 Acc: 0.9411 | Val Loss: 0.1089 Acc: 0.9444 F1: 0.8475 AUC: 0.9921
2026-07-18 10:02:00,240 - INFO - Epoch  16 | Train Loss: 0.1040 Acc: 0.9473 | Val Loss: 0.1033 Acc: 0.9465 F1: 0.8523 AUC: 0.9928
2026-07-18 10:02:33,522 - INFO - Epoch  17 | Train Loss: 0.1016 Acc: 0.9513 | Val Loss: 0.0986 Acc: 0.9486 F1: 0.8588 AUC: 0.9933
2026-07-18 10:03:10,393 - INFO - Epoch  18 | Train Loss: 0.0986 Acc: 0.9520 | Val Loss: 0.0970 Acc: 0.9465 F1: 0.8539 AUC: 0.9936
2026-07-18 10:03:46,588 - INFO - Epoch  19 | Train Loss: 0.0952 Acc: 0.9455 | Val Loss: 0.0946 Acc: 0.9506 F1: 0.8636 AUC: 0.9939
2026-07-18 10:04:27,845 - INFO - Epoch  20 | Train Loss: 0.0869 Acc: 0.9513 | Val Loss: 0.0893 Acc: 0.9547 F1: 0.8736 AUC: 0.9948
2026-07-18 10:05:01,487 - INFO - Epoch  21 | Train Loss: 0.0884 Acc: 0.9542 | Val Loss: 0.0844 Acc: 0.9527 F1: 0.8701 AUC: 0.9953
2026-07-18 10:05:43,549 - INFO - Epoch  22 | Train Loss: 0.0881 Acc: 0.9531 | Val Loss: 0.0799 Acc: 0.9568 F1: 0.8800 AUC: 0.9959
2026-07-18 10:06:32,711 - INFO - Epoch  23 | Train Loss: 0.0878 Acc: 0.9516 | Val Loss: 0.0787 Acc: 0.9568 F1: 0.8800 AUC: 0.9962
2026-07-18 10:07:07,688 - INFO - Epoch  24 | Train Loss: 0.0885 Acc: 0.9593 | Val Loss: 0.0759 Acc: 0.9547 F1: 0.8750 AUC: 0.9963
2026-07-18 10:07:44,716 - INFO - Epoch  25 | Train Loss: 0.0802 Acc: 0.9556 | Val Loss: 0.0770 Acc: 0.9486 F1: 0.8619 AUC: 0.9963
2026-07-18 10:08:21,101 - INFO - Epoch  26 | Train Loss: 0.0787 Acc: 0.9465 | Val Loss: 0.0716 Acc: 0.9588 F1: 0.8851 AUC: 0.9966
2026-07-18 10:08:56,765 - INFO - Epoch  27 | Train Loss: 0.0752 Acc: 0.9585 | Val Loss: 0.0747 Acc: 0.9630 F1: 0.8953 AUC: 0.9965
2026-07-18 10:09:36,809 - INFO - Epoch  28 | Train Loss: 0.0733 Acc: 0.9644 | Val Loss: 0.0708 Acc: 0.9588 F1: 0.8851 AUC: 0.9967
2026-07-18 10:10:13,889 - INFO - Epoch  29 | Train Loss: 0.0685 Acc: 0.9618 | Val Loss: 0.0710 Acc: 0.9547 F1: 0.8750 AUC: 0.9966
2026-07-18 10:10:47,078 - INFO - Epoch  30 | Train Loss: 0.0721 Acc: 0.9575 | Val Loss: 0.0688 Acc: 0.9588 F1: 0.8851 AUC: 0.9968
2026-07-18 10:11:20,862 - INFO - Epoch  31 | Train Loss: 0.0655 Acc: 0.9607 | Val Loss: 0.0660 Acc: 0.9609 F1: 0.8902 AUC: 0.9970
2026-07-18 10:11:57,056 - INFO - Epoch  32 | Train Loss: 0.0633 Acc: 0.9640 | Val Loss: 0.0681 Acc: 0.9650 F1: 0.8994 AUC: 0.9970
2026-07-18 10:12:33,261 - INFO - Epoch  33 | Train Loss: 0.0708 Acc: 0.9673 | Val Loss: 0.0649 Acc: 0.9630 F1: 0.8929 AUC: 0.9972
2026-07-18 10:13:07,805 - INFO - Epoch  34 | Train Loss: 0.0650 Acc: 0.9687 | Val Loss: 0.0654 Acc: 0.9630 F1: 0.8953 AUC: 0.9973
2026-07-18 10:13:42,457 - INFO - Epoch  35 | Train Loss: 0.0678 Acc: 0.9571 | Val Loss: 0.0614 Acc: 0.9630 F1: 0.8941 AUC: 0.9975
2026-07-18 10:14:15,937 - INFO - Epoch  36 | Train Loss: 0.0644 Acc: 0.9687 | Val Loss: 0.0622 Acc: 0.9671 F1: 0.9048 AUC: 0.9974
2026-07-18 10:14:54,870 - INFO - Epoch  37 | Train Loss: 0.0619 Acc: 0.9702 | Val Loss: 0.0618 Acc: 0.9588 F1: 0.8851 AUC: 0.9975
2026-07-18 10:15:29,023 - INFO - Epoch  38 | Train Loss: 0.0616 Acc: 0.9676 | Val Loss: 0.0661 Acc: 0.9547 F1: 0.8750 AUC: 0.9975
2026-07-18 10:15:58,585 - INFO - Epoch  39 | Train Loss: 0.0670 Acc: 0.9585 | Val Loss: 0.0635 Acc: 0.9527 F1: 0.8701 AUC: 0.9975
2026-07-18 10:16:34,376 - INFO - Epoch  40 | Train Loss: 0.0596 Acc: 0.9622 | Val Loss: 0.0646 Acc: 0.9609 F1: 0.8889 AUC: 0.9974
2026-07-18 10:17:14,398 - INFO - Epoch  41 | Train Loss: 0.0661 Acc: 0.9687 | Val Loss: 0.0644 Acc: 0.9568 F1: 0.8786 AUC: 0.9973
2026-07-18 10:17:54,124 - INFO - Epoch  42 | Train Loss: 0.0603 Acc: 0.9735 | Val Loss: 0.0623 Acc: 0.9506 F1: 0.8621 AUC: 0.9973
2026-07-18 10:18:28,187 - INFO - Epoch  43 | Train Loss: 0.0567 Acc: 0.9673 | Val Loss: 0.0617 Acc: 0.9588 F1: 0.8851 AUC: 0.9975
2026-07-18 10:19:02,683 - INFO - Epoch  44 | Train Loss: 0.0629 Acc: 0.9680 | Val Loss: 0.0603 Acc: 0.9588 F1: 0.8851 AUC: 0.9977
2026-07-18 10:19:38,530 - INFO - Epoch  45 | Train Loss: 0.0547 Acc: 0.9662 | Val Loss: 0.0581 Acc: 0.9568 F1: 0.8786 AUC: 0.9979
2026-07-18 10:20:10,215 - INFO - Epoch  46 | Train Loss: 0.0524 Acc: 0.9731 | Val Loss: 0.0560 Acc: 0.9630 F1: 0.8941 AUC: 0.9980
2026-07-18 10:20:43,264 - INFO - Epoch  47 | Train Loss: 0.0520 Acc: 0.9753 | Val Loss: 0.0545 Acc: 0.9671 F1: 0.9048 AUC: 0.9982
2026-07-18 10:21:21,798 - INFO - Epoch  48 | Train Loss: 0.0551 Acc: 0.9727 | Val Loss: 0.0525 Acc: 0.9671 F1: 0.9059 AUC: 0.9984
2026-07-18 10:21:57,006 - INFO - Epoch  49 | Train Loss: 0.0589 Acc: 0.9731 | Val Loss: 0.0530 Acc: 0.9630 F1: 0.8953 AUC: 0.9985
2026-07-18 10:22:39,435 - INFO - Epoch  50 | Train Loss: 0.0572 Acc: 0.9695 | Val Loss: 0.0529 Acc: 0.9650 F1: 0.9006 AUC: 0.9986
2026-07-18 10:23:16,479 - INFO - Epoch  51 | Train Loss: 0.0537 Acc: 0.9716 | Val Loss: 0.0519 Acc: 0.9671 F1: 0.9059 AUC: 0.9984
2026-07-18 10:23:50,722 - INFO - Epoch  52 | Train Loss: 0.0525 Acc: 0.9756 | Val Loss: 0.0515 Acc: 0.9671 F1: 0.9059 AUC: 0.9984
2026-07-18 10:24:24,016 - INFO - Epoch  53 | Train Loss: 0.0578 Acc: 0.9753 | Val Loss: 0.0540 Acc: 0.9671 F1: 0.9059 AUC: 0.9979
2026-07-18 10:25:03,128 - INFO - Epoch  54 | Train Loss: 0.0551 Acc: 0.9745 | Val Loss: 0.0551 Acc: 0.9650 F1: 0.8994 AUC: 0.9980
2026-07-18 10:25:41,830 - INFO - Epoch  55 | Train Loss: 0.0524 Acc: 0.9735 | Val Loss: 0.0570 Acc: 0.9650 F1: 0.9006 AUC: 0.9979
2026-07-18 10:26:12,520 - INFO - Epoch  56 | Train Loss: 0.0514 Acc: 0.9731 | Val Loss: 0.0590 Acc: 0.9609 F1: 0.8889 AUC: 0.9977
2026-07-18 10:26:48,467 - INFO - Epoch  57 | Train Loss: 0.0489 Acc: 0.9767 | Val Loss: 0.0599 Acc: 0.9630 F1: 0.8941 AUC: 0.9977
2026-07-18 10:27:35,357 - INFO - Epoch  58 | Train Loss: 0.0493 Acc: 0.9727 | Val Loss: 0.0598 Acc: 0.9671 F1: 0.9048 AUC: 0.9975
2026-07-18 10:28:06,817 - INFO - Epoch  59 | Train Loss: 0.0541 Acc: 0.9745 | Val Loss: 0.0593 Acc: 0.9671 F1: 0.9048 AUC: 0.9976
2026-07-18 10:28:38,831 - INFO - Epoch  60 | Train Loss: 0.0471 Acc: 0.9793 | Val Loss: 0.0579 Acc: 0.9671 F1: 0.9048 AUC: 0.9978
2026-07-18 10:29:19,744 - INFO - Epoch  61 | Train Loss: 0.0499 Acc: 0.9775 | Val Loss: 0.0572 Acc: 0.9630 F1: 0.8953 AUC: 0.9979
2026-07-18 10:29:55,980 - INFO - Epoch  62 | Train Loss: 0.0486 Acc: 0.9771 | Val Loss: 0.0563 Acc: 0.9630 F1: 0.8953 AUC: 0.9981
2026-07-18 10:30:23,078 - INFO - Epoch  63 | Train Loss: 0.0482 Acc: 0.9720 | Val Loss: 0.0553 Acc: 0.9630 F1: 0.8953 AUC: 0.9981
2026-07-18 10:30:23,078 - INFO - Early stopping at epoch 63
2026-07-18 10:30:24,892 - INFO - 
Run 4 Test Results:
2026-07-18 10:30:24,892 - INFO -   Accuracy: 0.8372, F1: 0.7667, AUC: 0.8775
2026-07-18 10:30:24,895 - INFO - 
============================================================
Run 5/5 (device=cpu)
============================================================
2026-07-18 10:30:25,001 - INFO - Using class weighting: class1 weight = 5.22
2026-07-18 10:30:58,226 - INFO - Epoch   1 | Train Loss: 0.7212 Acc: 0.2895 | Val Loss: 0.4061 Acc: 0.7510 F1: 0.5535 AUC: 0.9422
2026-07-18 10:31:32,955 - INFO - Epoch   2 | Train Loss: 0.3995 Acc: 0.7182 | Val Loss: 0.3198 Acc: 0.8539 F1: 0.6816 AUC: 0.9592
2026-07-18 10:32:17,756 - INFO - Epoch   3 | Train Loss: 0.3174 Acc: 0.8324 | Val Loss: 0.2554 Acc: 0.9033 F1: 0.7539 AUC: 0.9722
2026-07-18 10:32:52,220 - INFO - Epoch   4 | Train Loss: 0.2454 Acc: 0.9073 | Val Loss: 0.2088 Acc: 0.9156 F1: 0.7784 AUC: 0.9796
2026-07-18 10:33:24,479 - INFO - Epoch   5 | Train Loss: 0.1963 Acc: 0.9342 | Val Loss: 0.1802 Acc: 0.9218 F1: 0.7912 AUC: 0.9824
2026-07-18 10:34:01,064 - INFO - Epoch   6 | Train Loss: 0.1663 Acc: 0.9393 | Val Loss: 0.1670 Acc: 0.9177 F1: 0.7826 AUC: 0.9842
2026-07-18 10:34:42,499 - INFO - Epoch   7 | Train Loss: 0.1585 Acc: 0.9396 | Val Loss: 0.1567 Acc: 0.9198 F1: 0.7869 AUC: 0.9855
2026-07-18 10:35:12,302 - INFO - Epoch   8 | Train Loss: 0.1481 Acc: 0.9415 | Val Loss: 0.1416 Acc: 0.9300 F1: 0.8132 AUC: 0.9875
2026-07-18 10:35:51,658 - INFO - Epoch   9 | Train Loss: 0.1342 Acc: 0.9415 | Val Loss: 0.1293 Acc: 0.9342 F1: 0.8261 AUC: 0.9899
2026-07-18 10:36:25,188 - INFO - Epoch  10 | Train Loss: 0.1292 Acc: 0.9404 | Val Loss: 0.1242 Acc: 0.9342 F1: 0.8222 AUC: 0.9904
2026-07-18 10:37:02,572 - INFO - Epoch  11 | Train Loss: 0.1213 Acc: 0.9458 | Val Loss: 0.1220 Acc: 0.9403 F1: 0.8398 AUC: 0.9907
2026-07-18 10:37:40,639 - INFO - Epoch  12 | Train Loss: 0.1172 Acc: 0.9476 | Val Loss: 0.1136 Acc: 0.9362 F1: 0.8306 AUC: 0.9919
2026-07-18 10:38:15,434 - INFO - Epoch  13 | Train Loss: 0.1152 Acc: 0.9462 | Val Loss: 0.1058 Acc: 0.9424 F1: 0.8462 AUC: 0.9927
2026-07-18 10:38:50,322 - INFO - Epoch  14 | Train Loss: 0.1072 Acc: 0.9455 | Val Loss: 0.1059 Acc: 0.9486 F1: 0.8603 AUC: 0.9928
2026-07-18 10:39:23,423 - INFO - Epoch  15 | Train Loss: 0.1005 Acc: 0.9487 | Val Loss: 0.1000 Acc: 0.9465 F1: 0.8539 AUC: 0.9934
2026-07-18 10:39:56,306 - INFO - Epoch  16 | Train Loss: 0.0930 Acc: 0.9520 | Val Loss: 0.0887 Acc: 0.9527 F1: 0.8701 AUC: 0.9948
2026-07-18 10:40:34,631 - INFO - Epoch  17 | Train Loss: 0.0907 Acc: 0.9505 | Val Loss: 0.0841 Acc: 0.9527 F1: 0.8686 AUC: 0.9957
2026-07-18 10:41:09,658 - INFO - Epoch  18 | Train Loss: 0.0860 Acc: 0.9535 | Val Loss: 0.0821 Acc: 0.9547 F1: 0.8736 AUC: 0.9956
2026-07-18 10:41:41,802 - INFO - Epoch  19 | Train Loss: 0.0844 Acc: 0.9524 | Val Loss: 0.0773 Acc: 0.9588 F1: 0.8851 AUC: 0.9962
2026-07-18 10:42:21,842 - INFO - Epoch  20 | Train Loss: 0.0810 Acc: 0.9593 | Val Loss: 0.0710 Acc: 0.9609 F1: 0.8902 AUC: 0.9966
2026-07-18 10:42:55,743 - INFO - Epoch  21 | Train Loss: 0.0858 Acc: 0.9571 | Val Loss: 0.0703 Acc: 0.9568 F1: 0.8814 AUC: 0.9968
2026-07-18 10:43:31,674 - INFO - Epoch  22 | Train Loss: 0.0784 Acc: 0.9502 | Val Loss: 0.0670 Acc: 0.9568 F1: 0.8814 AUC: 0.9971
2026-07-18 10:44:04,518 - INFO - Epoch  23 | Train Loss: 0.0776 Acc: 0.9487 | Val Loss: 0.0676 Acc: 0.9609 F1: 0.8902 AUC: 0.9972
2026-07-18 10:44:41,131 - INFO - Epoch  24 | Train Loss: 0.0738 Acc: 0.9622 | Val Loss: 0.0700 Acc: 0.9609 F1: 0.8902 AUC: 0.9970
2026-07-18 10:45:23,529 - INFO - Epoch  25 | Train Loss: 0.0724 Acc: 0.9640 | Val Loss: 0.0693 Acc: 0.9506 F1: 0.8636 AUC: 0.9968
2026-07-18 10:45:57,028 - INFO - Epoch  26 | Train Loss: 0.0717 Acc: 0.9589 | Val Loss: 0.0739 Acc: 0.9506 F1: 0.8652 AUC: 0.9965
2026-07-18 10:46:32,731 - INFO - Epoch  27 | Train Loss: 0.0711 Acc: 0.9495 | Val Loss: 0.0694 Acc: 0.9506 F1: 0.8652 AUC: 0.9969
2026-07-18 10:47:05,828 - INFO - Epoch  28 | Train Loss: 0.0693 Acc: 0.9545 | Val Loss: 0.0693 Acc: 0.9547 F1: 0.8721 AUC: 0.9967
2026-07-18 10:47:37,334 - INFO - Epoch  29 | Train Loss: 0.0667 Acc: 0.9665 | Val Loss: 0.0708 Acc: 0.9568 F1: 0.8757 AUC: 0.9967
2026-07-18 10:48:12,933 - INFO - Epoch  30 | Train Loss: 0.0708 Acc: 0.9644 | Val Loss: 0.0675 Acc: 0.9568 F1: 0.8772 AUC: 0.9968
2026-07-18 10:48:45,157 - INFO - Epoch  31 | Train Loss: 0.0667 Acc: 0.9644 | Val Loss: 0.0633 Acc: 0.9547 F1: 0.8736 AUC: 0.9973
2026-07-18 10:49:22,479 - INFO - Epoch  32 | Train Loss: 0.0630 Acc: 0.9669 | Val Loss: 0.0620 Acc: 0.9527 F1: 0.8701 AUC: 0.9974
2026-07-18 10:49:57,069 - INFO - Epoch  33 | Train Loss: 0.0678 Acc: 0.9585 | Val Loss: 0.0621 Acc: 0.9506 F1: 0.8652 AUC: 0.9978
2026-07-18 10:50:35,239 - INFO - Epoch  34 | Train Loss: 0.0668 Acc: 0.9542 | Val Loss: 0.0599 Acc: 0.9506 F1: 0.8652 AUC: 0.9980
2026-07-18 10:51:17,135 - INFO - Epoch  35 | Train Loss: 0.0672 Acc: 0.9575 | Val Loss: 0.0574 Acc: 0.9547 F1: 0.8750 AUC: 0.9982
2026-07-18 10:51:17,139 - INFO - Early stopping at epoch 35
2026-07-18 10:51:18,524 - INFO - 
Run 5 Test Results:
2026-07-18 10:51:18,524 - INFO -   Accuracy: 0.7326, F1: 0.6567, AUC: 0.8528
2026-07-18 10:51:18,524 - WARNING - NOTE: one or more runs fell back to CPU after an out-of-memory error on the original device. All reported runs below are still valid results — the device only affects speed, not correctness — but if you need every run trained on the exact same device for reproducibility notes, rerun with --device cpu from the start.
2026-07-18 10:51:18,912 - INFO - 
Saved results to ./outputs/models_stage2/cross_market/hybrid_test_brazil_ft0.15_globalnorm/hybrid_stage2_results.csv
2026-07-18 10:51:18,912 - INFO - 
============================================================
2026-07-18 10:51:18,912 - INFO - SUMMARY OF ALL RUNS
2026-07-18 10:51:18,912 - INFO - ============================================================
2026-07-18 10:51:18,926 - INFO - test_acc: mean=0.7512 ± 0.0543
2026-07-18 10:51:18,926 - INFO - test_prec: mean=0.5932 ± 0.0727
2026-07-18 10:51:18,926 - INFO - test_rec: mean=0.8286 ± 0.0614
2026-07-18 10:51:18,926 - INFO - test_f1: mean=0.6872 ± 0.0473
2026-07-18 10:51:18,926 - INFO - test_auc: mean=0.8599 ± 0.0204
2026-07-18 10:51:18,994 - INFO - 
Best model saved to ./outputs/models_stage2/cross_market/hybrid_test_brazil_ft0.15_globalnorm/best_hybrid_stage2.pth
2026-07-18 10:51:20,342 - INFO - 
Plots and specifications saved to ./outputs/models_stage2/cross_market/hybrid_test_brazil_ft0.15_globalnorm/plots
2026-07-18 10:51:20,342 - INFO - Stage 2 training completed.
