2026-07-15 22:50:34,815 - INFO - ============================================================
2026-07-15 22:50:34,815 - INFO - 🔍 Embedding Extraction Started
2026-07-15 22:50:34,815 - INFO - ============================================================
2026-07-15 22:50:34,815 - INFO - Model: ./outputs/models/cnn_cross_fold/fold_usa/best_cnn.pth
2026-07-15 22:50:34,815 - INFO - Countries: ['brazil', 'japan', 'usa']
2026-07-15 22:50:34,815 - INFO - Images directory: ./outputs/images
2026-07-15 22:50:34,815 - INFO - Output directory: ./outputs/embeddings/fold_usa
2026-07-15 22:50:34,815 - INFO - Log file: ./outputs/embeddings/fold_usa/logs/extract_embeddings.log
2026-07-15 22:50:34,815 - INFO - Using images from: ./outputs/images
2026-07-15 22:50:34,829 - INFO - Using device: mps
2026-07-15 22:50:34,911 - INFO - Model type: simple
2026-07-15 22:50:34,945 - INFO - Loaded model (best val F1: 0.8148148148148148)
2026-07-15 22:50:34,945 - INFO - 
--- Processing brazil ---
2026-07-15 22:50:34,949 - INFO - Total pairs: 66
2026-07-15 22:50:35,053 - INFO - Saved 66 embeddings to ./outputs/embeddings/fold_usa/brazil_pair_embeddings.npy and ./outputs/embeddings/fold_usa/brazil_pair_embeddings_with_labels.csv
2026-07-15 22:50:35,053 - INFO - 
--- Processing japan ---
2026-07-15 22:50:35,055 - INFO - Total pairs: 5556
2026-07-15 22:50:36,831 - INFO - Saved 5556 embeddings to ./outputs/embeddings/fold_usa/japan_pair_embeddings.npy and ./outputs/embeddings/fold_usa/japan_pair_embeddings_with_labels.csv
2026-07-15 22:50:36,835 - INFO - 
--- Processing usa ---
2026-07-15 22:50:36,836 - INFO - Total pairs: 185
2026-07-15 22:50:36,908 - INFO - Saved 185 embeddings to ./outputs/embeddings/fold_usa/usa_pair_embeddings.npy and ./outputs/embeddings/fold_usa/usa_pair_embeddings_with_labels.csv
2026-07-15 22:50:37,055 - INFO - 
 Saved combined embeddings to ./outputs/embeddings/fold_usa/all_pair_embeddings_with_labels.csv
2026-07-15 22:50:37,055 - INFO - 
 Extraction complete. Ready for Stage 2 (GNN).
